Archive member included to satisfy reference by file (symbol)

q:/st/installed/stm32cubeide_1.1.0/stm32cubeide/plugins/com.st.stm32cube.ide.mcu.externaltools.gnu-tools-for-stm32.7-2018-q2-update.win32_1.0.0.201904181610/tools/bin/../lib/gcc/arm-none-eabi/7.3.1/../../../../arm-none-eabi/lib/thumb/v7e-m/fpv5/hard\libc_nano.a(lib_a-errno.o)
                              Core/Src/syscalls.o (__errno)
q:/st/installed/stm32cubeide_1.1.0/stm32cubeide/plugins/com.st.stm32cube.ide.mcu.externaltools.gnu-tools-for-stm32.7-2018-q2-update.win32_1.0.0.201904181610/tools/bin/../lib/gcc/arm-none-eabi/7.3.1/../../../../arm-none-eabi/lib/thumb/v7e-m/fpv5/hard\libc_nano.a(lib_a-exit.o)
                              q:/st/installed/stm32cubeide_1.1.0/stm32cubeide/plugins/com.st.stm32cube.ide.mcu.externaltools.gnu-tools-for-stm32.7-2018-q2-update.win32_1.0.0.201904181610/tools/bin/../lib/gcc/arm-none-eabi/7.3.1/../../../../arm-none-eabi/lib/thumb/v7e-m/fpv5/hard/crt0.o (exit)
q:/st/installed/stm32cubeide_1.1.0/stm32cubeide/plugins/com.st.stm32cube.ide.mcu.externaltools.gnu-tools-for-stm32.7-2018-q2-update.win32_1.0.0.201904181610/tools/bin/../lib/gcc/arm-none-eabi/7.3.1/../../../../arm-none-eabi/lib/thumb/v7e-m/fpv5/hard\libc_nano.a(lib_a-impure.o)
                              q:/st/installed/stm32cubeide_1.1.0/stm32cubeide/plugins/com.st.stm32cube.ide.mcu.externaltools.gnu-tools-for-stm32.7-2018-q2-update.win32_1.0.0.201904181610/tools/bin/../lib/gcc/arm-none-eabi/7.3.1/../../../../arm-none-eabi/lib/thumb/v7e-m/fpv5/hard\libc_nano.a(lib_a-exit.o) (_global_impure_ptr)
q:/st/installed/stm32cubeide_1.1.0/stm32cubeide/plugins/com.st.stm32cube.ide.mcu.externaltools.gnu-tools-for-stm32.7-2018-q2-update.win32_1.0.0.201904181610/tools/bin/../lib/gcc/arm-none-eabi/7.3.1/../../../../arm-none-eabi/lib/thumb/v7e-m/fpv5/hard\libc_nano.a(lib_a-init.o)
                              q:/st/installed/stm32cubeide_1.1.0/stm32cubeide/plugins/com.st.stm32cube.ide.mcu.externaltools.gnu-tools-for-stm32.7-2018-q2-update.win32_1.0.0.201904181610/tools/bin/../lib/gcc/arm-none-eabi/7.3.1/../../../../arm-none-eabi/lib/thumb/v7e-m/fpv5/hard/crt0.o (__libc_init_array)
q:/st/installed/stm32cubeide_1.1.0/stm32cubeide/plugins/com.st.stm32cube.ide.mcu.externaltools.gnu-tools-for-stm32.7-2018-q2-update.win32_1.0.0.201904181610/tools/bin/../lib/gcc/arm-none-eabi/7.3.1/../../../../arm-none-eabi/lib/thumb/v7e-m/fpv5/hard\libc_nano.a(lib_a-memset.o)
                              q:/st/installed/stm32cubeide_1.1.0/stm32cubeide/plugins/com.st.stm32cube.ide.mcu.externaltools.gnu-tools-for-stm32.7-2018-q2-update.win32_1.0.0.201904181610/tools/bin/../lib/gcc/arm-none-eabi/7.3.1/../../../../arm-none-eabi/lib/thumb/v7e-m/fpv5/hard/crt0.o (memset)
q:/st/installed/stm32cubeide_1.1.0/stm32cubeide/plugins/com.st.stm32cube.ide.mcu.externaltools.gnu-tools-for-stm32.7-2018-q2-update.win32_1.0.0.201904181610/tools/bin/../lib/gcc/arm-none-eabi/7.3.1/thumb/v7e-m/fpv5/hard\libgcc.a(_aeabi_uldivmod.o)
                              Drivers/STM32H7xx_HAL_Driver/Src/stm32h7xx_hal_uart.o (__aeabi_uldivmod)
q:/st/installed/stm32cubeide_1.1.0/stm32cubeide/plugins/com.st.stm32cube.ide.mcu.externaltools.gnu-tools-for-stm32.7-2018-q2-update.win32_1.0.0.201904181610/tools/bin/../lib/gcc/arm-none-eabi/7.3.1/thumb/v7e-m/fpv5/hard\libgcc.a(_udivmoddi4.o)
                              q:/st/installed/stm32cubeide_1.1.0/stm32cubeide/plugins/com.st.stm32cube.ide.mcu.externaltools.gnu-tools-for-stm32.7-2018-q2-update.win32_1.0.0.201904181610/tools/bin/../lib/gcc/arm-none-eabi/7.3.1/thumb/v7e-m/fpv5/hard\libgcc.a(_aeabi_uldivmod.o) (__udivmoddi4)
q:/st/installed/stm32cubeide_1.1.0/stm32cubeide/plugins/com.st.stm32cube.ide.mcu.externaltools.gnu-tools-for-stm32.7-2018-q2-update.win32_1.0.0.201904181610/tools/bin/../lib/gcc/arm-none-eabi/7.3.1/thumb/v7e-m/fpv5/hard\libgcc.a(_dvmd_tls.o)
                              q:/st/installed/stm32cubeide_1.1.0/stm32cubeide/plugins/com.st.stm32cube.ide.mcu.externaltools.gnu-tools-for-stm32.7-2018-q2-update.win32_1.0.0.201904181610/tools/bin/../lib/gcc/arm-none-eabi/7.3.1/thumb/v7e-m/fpv5/hard\libgcc.a(_aeabi_uldivmod.o) (__aeabi_ldiv0)

Allocating common symbols
Common symbol       size              file

hdfsdm1_channel1    0x38              Core/Src/main.o
hpcd_USB_OTG_HS     0x408             Core/Src/main.o
hi2c1               0x4c              Core/Src/main.o
hpcd_USB_OTG_FS     0x408             Core/Src/main.o
hsd1                0x80              Core/Src/main.o
uwTick              0x4               Drivers/STM32H7xx_HAL_Driver/Src/stm32h7xx_hal.o
pFlash              0x1c              Drivers/STM32H7xx_HAL_Driver/Src/stm32h7xx_hal_flash.o
hltdc               0xa8              Core/Src/main.o
hsai_BlockB1        0x98              Core/Src/main.o
hadc1               0x64              Core/Src/main.o
huart1              0x8c              Core/Src/main.o
hnor1               0x48              Core/Src/main.o
[...]
Memory Configuration

Name             Origin             Length             Attributes
DTCMRAM          0x0000000020000000 0x0000000000020000 xrw
ITCMRAM          0x0000000000000000 0x0000000000010000 xrw
RAM_D1           0x0000000024000000 0x0000000000080000 xrw
RAM_D2           0x0000000030000000 0x0000000000048000 xrw
RAM_D3           0x0000000038000000 0x0000000000010000 xrw
FLASH            0x0000000008000000 0x0000000000200000 xr
*default*        0x0000000000000000 0xffffffffffffffff

Linker script and memory map

LOAD q:/st/installed/stm32cubeide_1.1.0/stm32cubeide/plugins/com.st.stm32cube.ide.mcu.externaltools.gnu-tools-for-stm32.7-2018-q2-update.win32_1.0.0.201904181610/tools/bin/../lib/gcc/arm-none-eabi/7.3.1/thumb/v7e-m/fpv5/hard/crti.o
LOAD q:/st/installed/stm32cubeide_1.1.0/stm32cubeide/plugins/com.st.stm32cube.ide.mcu.externaltools.gnu-tools-for-stm32.7-2018-q2-update.win32_1.0.0.201904181610/tools/bin/../lib/gcc/arm-none-eabi/7.3.1/thumb/v7e-m/fpv5/hard/crtbegin.o
LOAD q:/st/installed/stm32cubeide_1.1.0/stm32cubeide/plugins/com.st.stm32cube.ide.mcu.externaltools.gnu-tools-for-stm32.7-2018-q2-update.win32_1.0.0.201904181610/tools/bin/../lib/gcc/arm-none-eabi/7.3.1/../../../../arm-none-eabi/lib/thumb/v7e-m/fpv5/hard/crt0.o
LOAD Core/Src/main.o
LOAD Core/Src/stm32h7xx_hal_msp.o
LOAD Core/Src/stm32h7xx_it.o
LOAD Core/Src/syscalls.o
LOAD Core/Src/sysmem.o
LOAD Core/Src/system_stm32h7xx.o
LOAD Core/Startup/startup_stm32h753xihx.o
LOAD Drivers/STM32H7xx_HAL_Driver/Src/stm32h7xx_hal.o
LOAD Drivers/STM32H7xx_HAL_Driver/Src/stm32h7xx_hal_adc.o
LOAD Drivers/STM32H7xx_HAL_Driver/Src/stm32h7xx_hal_adc_ex.o
LOAD Drivers/STM32H7xx_HAL_Driver/Src/stm32h7xx_hal_cortex.o
LOAD Drivers/STM32H7xx_HAL_Driver/Src/stm32h7xx_hal_dfsdm.o
LOAD Drivers/STM32H7xx_HAL_Driver/Src/stm32h7xx_hal_dma.o
LOAD Drivers/STM32H7xx_HAL_Driver/Src/stm32h7xx_hal_dma_ex.o
LOAD Drivers/STM32H7xx_HAL_Driver/Src/stm32h7xx_hal_dsi.o
LOAD Drivers/STM32H7xx_HAL_Driver/Src/stm32h7xx_hal_eth.o
LOAD Drivers/STM32H7xx_HAL_Driver/Src/stm32h7xx_hal_eth_ex.o
LOAD Drivers/STM32H7xx_HAL_Driver/Src/stm32h7xx_hal_exti.o
LOAD Drivers/STM32H7xx_HAL_Driver/Src/stm32h7xx_hal_flash.o
LOAD Drivers/STM32H7xx_HAL_Driver/Src/stm32h7xx_hal_flash_ex.o
LOAD Drivers/STM32H7xx_HAL_Driver/Src/stm32h7xx_hal_gpio.o
LOAD Drivers/STM32H7xx_HAL_Driver/Src/stm32h7xx_hal_hsem.o
LOAD Drivers/STM32H7xx_HAL_Driver/Src/stm32h7xx_hal_i2c.o
LOAD Drivers/STM32H7xx_HAL_Driver/Src/stm32h7xx_hal_i2c_ex.o
LOAD Drivers/STM32H7xx_HAL_Driver/Src/stm32h7xx_hal_ltdc.o
LOAD Drivers/STM32H7xx_HAL_Driver/Src/stm32h7xx_hal_ltdc_ex.o
LOAD Drivers/STM32H7xx_HAL_Driver/Src/stm32h7xx_hal_mdma.o
LOAD Drivers/STM32H7xx_HAL_Driver/Src/stm32h7xx_hal_nor.o
LOAD Drivers/STM32H7xx_HAL_Driver/Src/stm32h7xx_hal_pcd.o
LOAD Drivers/STM32H7xx_HAL_Driver/Src/stm32h7xx_hal_pcd_ex.o
LOAD Drivers/STM32H7xx_HAL_Driver/Src/stm32h7xx_hal_pwr.o
LOAD Drivers/STM32H7xx_HAL_Driver/Src/stm32h7xx_hal_pwr_ex.o
LOAD Drivers/STM32H7xx_HAL_Driver/Src/stm32h7xx_hal_qspi.o
LOAD Drivers/STM32H7xx_HAL_Driver/Src/stm32h7xx_hal_rcc.o
LOAD Drivers/STM32H7xx_HAL_Driver/Src/stm32h7xx_hal_rcc_ex.o
LOAD Drivers/STM32H7xx_HAL_Driver/Src/stm32h7xx_hal_sai.o
LOAD Drivers/STM32H7xx_HAL_Driver/Src/stm32h7xx_hal_sai_ex.o
LOAD Drivers/STM32H7xx_HAL_Driver/Src/stm32h7xx_hal_sd.o
LOAD Drivers/STM32H7xx_HAL_Driver/Src/stm32h7xx_hal_sd_ex.o
LOAD Drivers/STM32H7xx_HAL_Driver/Src/stm32h7xx_hal_sdram.o
LOAD Drivers/STM32H7xx_HAL_Driver/Src/stm32h7xx_hal_sram.o
LOAD Drivers/STM32H7xx_HAL_Driver/Src/stm32h7xx_hal_tim.o
LOAD Drivers/STM32H7xx_HAL_Driver/Src/stm32h7xx_hal_tim_ex.o
LOAD Drivers/STM32H7xx_HAL_Driver/Src/stm32h7xx_hal_uart.o
LOAD Drivers/STM32H7xx_HAL_Driver/Src/stm32h7xx_hal_uart_ex.o
LOAD Drivers/STM32H7xx_HAL_Driver/Src/stm32h7xx_ll_delayblock.o
LOAD Drivers/STM32H7xx_HAL_Driver/Src/stm32h7xx_ll_fmc.o
LOAD Drivers/STM32H7xx_HAL_Driver/Src/stm32h7xx_ll_sdmmc.o
LOAD Drivers/STM32H7xx_HAL_Driver/Src/stm32h7xx_ll_usb.o
START GROUP
LOAD q:/st/installed/stm32cubeide_1.1.0/stm32cubeide/plugins/com.st.stm32cube.ide.mcu.externaltools.gnu-tools-for-stm32.7-2018-q2-update.win32_1.0.0.201904181610/tools/bin/../lib/gcc/arm-none-eabi/7.3.1/../../../../arm-none-eabi/lib/thumb/v7e-m/fpv5/hard\libstdc++_nano.a
LOAD q:/st/installed/stm32cubeide_1.1.0/stm32cubeide/plugins/com.st.stm32cube.ide.mcu.externaltools.gnu-tools-for-stm32.7-2018-q2-update.win32_1.0.0.201904181610/tools/bin/../lib/gcc/arm-none-eabi/7.3.1/../../../../arm-none-eabi/lib/thumb/v7e-m/fpv5/hard\libsupc++_nano.a
END GROUP
LOAD q:/st/installed/stm32cubeide_1.1.0/stm32cubeide/plugins/com.st.stm32cube.ide.mcu.externaltools.gnu-tools-for-stm32.7-2018-q2-update.win32_1.0.0.201904181610/tools/bin/../lib/gcc/arm-none-eabi/7.3.1/../../../../arm-none-eabi/lib/thumb/v7e-m/fpv5/hard\libstdc++_nano.a
LOAD q:/st/installed/stm32cubeide_1.1.0/stm32cubeide/plugins/com.st.stm32cube.ide.mcu.externaltools.gnu-tools-for-stm32.7-2018-q2-update.win32_1.0.0.201904181610/tools/bin/../lib/gcc/arm-none-eabi/7.3.1/../../../../arm-none-eabi/lib/thumb/v7e-m/fpv5/hard\libm.a
LOAD q:/st/installed/stm32cubeide_1.1.0/stm32cubeide/plugins/com.st.stm32cube.ide.mcu.externaltools.gnu-tools-for-stm32.7-2018-q2-update.win32_1.0.0.201904181610/tools/bin/../lib/gcc/arm-none-eabi/7.3.1/../../../../arm-none-eabi/lib/thumb/v7e-m/fpv5/hard\libc_nano.a
START GROUP
LOAD q:/st/installed/stm32cubeide_1.1.0/stm32cubeide/plugins/com.st.stm32cube.ide.mcu.externaltools.gnu-tools-for-stm32.7-2018-q2-update.win32_1.0.0.201904181610/tools/bin/../lib/gcc/arm-none-eabi/7.3.1/thumb/v7e-m/fpv5/hard\libgcc.a
LOAD q:/st/installed/stm32cubeide_1.1.0/stm32cubeide/plugins/com.st.stm32cube.ide.mcu.externaltools.gnu-tools-for-stm32.7-2018-q2-update.win32_1.0.0.201904181610/tools/bin/../lib/gcc/arm-none-eabi/7.3.1/../../../../arm-none-eabi/lib/thumb/v7e-m/fpv5/hard\libc_nano.a
END GROUP
START GROUP
LOAD q:/st/installed/stm32cubeide_1.1.0/stm32cubeide/plugins/com.st.stm32cube.ide.mcu.externaltools.gnu-tools-for-stm32.7-2018-q2-update.win32_1.0.0.201904181610/tools/bin/../lib/gcc/arm-none-eabi/7.3.1/thumb/v7e-m/fpv5/hard\libgcc.a
LOAD q:/st/installed/stm32cubeide_1.1.0/stm32cubeide/plugins/com.st.stm32cube.ide.mcu.externaltools.gnu-tools-for-stm32.7-2018-q2-update.win32_1.0.0.201904181610/tools/bin/../lib/gcc/arm-none-eabi/7.3.1/../../../../arm-none-eabi/lib/thumb/v7e-m/fpv5/hard\libc_nano.a
LOAD q:/st/installed/stm32cubeide_1.1.0/stm32cubeide/plugins/com.st.stm32cube.ide.mcu.externaltools.gnu-tools-for-stm32.7-2018-q2-update.win32_1.0.0.201904181610/tools/bin/../lib/gcc/arm-none-eabi/7.3.1/../../../../arm-none-eabi/lib/thumb/v7e-m/fpv5/hard\libnosys.a
END GROUP
START GROUP
LOAD q:/st/installed/stm32cubeide_1.1.0/stm32cubeide/plugins/com.st.stm32cube.ide.mcu.externaltools.gnu-tools-for-stm32.7-2018-q2-update.win32_1.0.0.201904181610/tools/bin/../lib/gcc/arm-none-eabi/7.3.1/thumb/v7e-m/fpv5/hard\libgcc.a
LOAD q:/st/installed/stm32cubeide_1.1.0/stm32cubeide/plugins/com.st.stm32cube.ide.mcu.externaltools.gnu-tools-for-stm32.7-2018-q2-update.win32_1.0.0.201904181610/tools/bin/../lib/gcc/arm-none-eabi/7.3.1/../../../../arm-none-eabi/lib/thumb/v7e-m/fpv5/hard\libc_nano.a
LOAD q:/st/installed/stm32cubeide_1.1.0/stm32cubeide/plugins/com.st.stm32cube.ide.mcu.externaltools.gnu-tools-for-stm32.7-2018-q2-update.win32_1.0.0.201904181610/tools/bin/../lib/gcc/arm-none-eabi/7.3.1/../../../../arm-none-eabi/lib/thumb/v7e-m/fpv5/hard\libnosys.a
END GROUP
LOAD q:/st/installed/stm32cubeide_1.1.0/stm32cubeide/plugins/com.st.stm32cube.ide.mcu.externaltools.gnu-tools-for-stm32.7-2018-q2-update.win32_1.0.0.201904181610/tools/bin/../lib/gcc/arm-none-eabi/7.3.1/thumb/v7e-m/fpv5/hard/crtend.o
LOAD q:/st/installed/stm32cubeide_1.1.0/stm32cubeide/plugins/com.st.stm32cube.ide.mcu.externaltools.gnu-tools-for-stm32.7-2018-q2-update.win32_1.0.0.201904181610/tools/bin/../lib/gcc/arm-none-eabi/7.3.1/thumb/v7e-m/fpv5/hard/crtn.o
                0x0000000024080000                _estack = (ORIGIN (RAM_D1) + LENGTH (RAM_D1))
                0x0000000000000200                _Min_Heap_Size = 0x200
                0x0000000000000400                _Min_Stack_Size = 0x400

.isr_vector     0x0000000008000000      0x298
                0x0000000008000000                . = ALIGN (0x4)
 *(.isr_vector)
 .isr_vector    0x0000000008000000      0x298 Core/Startup/startup_stm32h753xihx.o
                0x0000000008000000                g_pfnVectors
                0x0000000008000298                . = ALIGN (0x4)

.text           0x0000000008000298     0xcdbc
                0x0000000008000298                . = ALIGN (0x4)
 *(.text)
 .text          0x0000000008000298       0x40 q:/st/installed/stm32cubeide_1.1.0/stm32cubeide/plugins/com.st.stm32cube.ide.mcu.externaltools.gnu-tools-for-stm32.7-2018-q2-update.win32_1.0.0.201904181610/tools/bin/../lib/gcc/arm-none-eabi/7.3.1/thumb/v7e-m/fpv5/hard/crtbegin.o
 .text          0x00000000080002d8       0x30 q:/st/installed/stm32cubeide_1.1.0/stm32cubeide/plugins/com.st.stm32cube.ide.mcu.externaltools.gnu-tools-for-stm32.7-2018-q2-update.win32_1.0.0.201904181610/tools/bin/../lib/gcc/arm-none-eabi/7.3.1/thumb/v7e-m/fpv5/hard\libgcc.a(_aeabi_uldivmod.o)
                0x00000000080002d8                __aeabi_uldivmod
 .text          0x0000000008000308      0x2cc q:/st/installed/stm32cubeide_1.1.0/stm32cubeide/plugins/com.st.stm32cube.ide.mcu.externaltools.gnu-tools-for-stm32.7-2018-q2-update.win32_1.0.0.201904181610/tools/bin/../lib/gcc/arm-none-eabi/7.3.1/thumb/v7e-m/fpv5/hard\libgcc.a(_udivmoddi4.o)
                0x0000000008000308                __udivmoddi4
 .text          0x00000000080005d4        0x4 q:/st/installed/stm32cubeide_1.1.0/stm32cubeide/plugins/com.st.stm32cube.ide.mcu.externaltools.gnu-tools-for-stm32.7-2018-q2-update.win32_1.0.0.201904181610/tools/bin/../lib/gcc/arm-none-eabi/7.3.1/thumb/v7e-m/fpv5/hard\libgcc.a(_dvmd_tls.o)
                0x00000000080005d4                __aeabi_idiv0
                0x00000000080005d4                __aeabi_ldiv0
 *(.text*)
 .text.main     0x00000000080005d8       0x58 Core/Src/main.o
                0x00000000080005d8                main
 .text.SystemClock_Config
                0x0000000008000630      0x25c Core/Src/main.o
                0x0000000008000630                SystemClock_Config
 .text.MX_ADC1_Init
                0x000000000800088c       0xf0 Core/Src/main.o
 .text.MX_DFSDM1_Init
                0x000000000800097c       0x70 Core/Src/main.o
 .text.MX_ETH_Init
                0x00000000080009ec       0xa4 Core/Src/main.o
 .text.MX_I2C1_Init
                0x0000000008000a90       0x80 Core/Src/main.o
 .text.MX_LTDC_Init
                0x0000000008000b10      0x164 Core/Src/main.o
 .text.MX_QUADSPI_Init
                0x0000000008000c74       0x50 Core/Src/main.o
 .text.MX_SAI1_Init
                0x0000000008000cc4      0x17c Core/Src/main.o
 .text.MX_SDMMC1_SD_Init
                0x0000000008000e40       0x48 Core/Src/main.o
 .text.MX_USART1_UART_Init
                0x0000000008000e88       0x98 Core/Src/main.o
 .text.MX_USB_OTG_FS_PCD_Init
                0x0000000008000f20       0x64 Core/Src/main.o
 .text.MX_USB_OTG_HS_PCD_Init
                0x0000000008000f84       0x64 Core/Src/main.o
 .text.MX_FMC_Init
                0x0000000008000fe8      0x1f8 Core/Src/main.o
 .text.MX_GPIO_Init
                0x00000000080011e0      0x258 Core/Src/main.o
 .text.Error_Handler
                0x0000000008001438        0xe Core/Src/main.o
                0x0000000008001438                Error_Handler
 *fill*         0x0000000008001446        0x2 
 .text.HAL_MspInit
                0x0000000008001448       0x34 Core/Src/stm32h7xx_hal_msp.o
                0x0000000008001448                HAL_MspInit
 .text.HAL_ADC_MspInit
                0x000000000800147c       0x78 Core/Src/stm32h7xx_hal_msp.o
                0x000000000800147c                HAL_ADC_MspInit
 .text.HAL_DFSDM_ChannelMspInit
                0x00000000080014f4       0xb0 Core/Src/stm32h7xx_hal_msp.o
                0x00000000080014f4                HAL_DFSDM_ChannelMspInit
 .text.HAL_ETH_MspInit
                0x00000000080015a4      0x158 Core/Src/stm32h7xx_hal_msp.o
                0x00000000080015a4                HAL_ETH_MspInit
 .text.HAL_I2C_MspInit
                0x00000000080016fc       0x94 Core/Src/stm32h7xx_hal_msp.o
                0x00000000080016fc                HAL_I2C_MspInit
 .text.HAL_LTDC_MspInit
                0x0000000008001790      0x11c Core/Src/stm32h7xx_hal_msp.o
                0x0000000008001790                HAL_LTDC_MspInit
 .text.HAL_QSPI_MspInit
                0x00000000080018ac      0x1a0 Core/Src/stm32h7xx_hal_msp.o
                0x00000000080018ac                HAL_QSPI_MspInit
 .text.HAL_SD_MspInit
                0x0000000008001a4c      0x13c Core/Src/stm32h7xx_hal_msp.o
                0x0000000008001a4c                HAL_SD_MspInit
 .text.HAL_UART_MspInit
                0x0000000008001b88       0x94 Core/Src/stm32h7xx_hal_msp.o
                0x0000000008001b88                HAL_UART_MspInit
 .text.HAL_PCD_MspInit
                0x0000000008001c1c      0x22c Core/Src/stm32h7xx_hal_msp.o
                0x0000000008001c1c                HAL_PCD_MspInit
 .text.HAL_FMC_MspInit
                0x0000000008001e48      0x12c Core/Src/stm32h7xx_hal_msp.o
 .text.HAL_NOR_MspInit
                0x0000000008001f74       0x14 Core/Src/stm32h7xx_hal_msp.o
                0x0000000008001f74                HAL_NOR_MspInit
 .text.HAL_SRAM_MspInit
                0x0000000008001f88       0x14 Core/Src/stm32h7xx_hal_msp.o
                0x0000000008001f88                HAL_SRAM_MspInit
 .text.HAL_SDRAM_MspInit
                0x0000000008001f9c       0x14 Core/Src/stm32h7xx_hal_msp.o
                0x0000000008001f9c                HAL_SDRAM_MspInit
 .text.HAL_SAI_MspInit
                0x0000000008001fb0       0xfc Core/Src/stm32h7xx_hal_msp.o
                0x0000000008001fb0                HAL_SAI_MspInit
 .text.NMI_Handler
                0x00000000080020ac        0xe Core/Src/stm32h7xx_it.o
                0x00000000080020ac                NMI_Handler
 .text.HardFault_Handler
                0x00000000080020ba        0x6 Core/Src/stm32h7xx_it.o
                0x00000000080020ba                HardFault_Handler
 .text.MemManage_Handler
                0x00000000080020c0        0x6 Core/Src/stm32h7xx_it.o
                0x00000000080020c0                MemManage_Handler
 .text.BusFault_Handler
                0x00000000080020c6        0x6 Core/Src/stm32h7xx_it.o
                0x00000000080020c6                BusFault_Handler
 .text.UsageFault_Handler
                0x00000000080020cc        0x6 Core/Src/stm32h7xx_it.o
                0x00000000080020cc                UsageFault_Handler
 .text.SVC_Handler
                0x00000000080020d2        0xe Core/Src/stm32h7xx_it.o
                0x00000000080020d2                SVC_Handler
 .text.DebugMon_Handler
                0x00000000080020e0        0xe Core/Src/stm32h7xx_it.o
                0x00000000080020e0                DebugMon_Handler
 .text.PendSV_Handler
                0x00000000080020ee        0xe Core/Src/stm32h7xx_it.o
                0x00000000080020ee                PendSV_Handler
 .text.SysTick_Handler
                0x00000000080020fc        0xc Core/Src/stm32h7xx_it.o
                0x00000000080020fc                SysTick_Handler
 .text.SystemInit
                0x0000000008002108       0xc4 Core/Src/system_stm32h7xx.o
                0x0000000008002108                SystemInit
 .text.Reset_Handler
                0x00000000080021cc       0x50 Core/Startup/startup_stm32h753xihx.o
                0x00000000080021cc                Reset_Handler
 .text.Default_Handler
                0x000000000800221c        0x2 Core/Startup/startup_stm32h753xihx.o
                0x000000000800221c                RTC_Alarm_IRQHandler
                0x000000000800221c                HASH_RNG_IRQHandler
                0x000000000800221c                EXTI2_IRQHandler
                0x000000000800221c                TIM8_CC_IRQHandler
                0x000000000800221c                HRTIM1_Master_IRQHandler
                0x000000000800221c                UART8_IRQHandler
                0x000000000800221c                SPI4_IRQHandler
                0x000000000800221c                TIM1_CC_IRQHandler
                0x000000000800221c                BDMA_Channel6_IRQHandler
                0x000000000800221c                DMA2_Stream5_IRQHandler
                0x000000000800221c                HRTIM1_FLT_IRQHandler
                0x000000000800221c                JPEG_IRQHandler
                0x000000000800221c                DMA1_Stream5_IRQHandler
                0x000000000800221c                BDMA_Channel1_IRQHandler
                0x000000000800221c                HRTIM1_TIMD_IRQHandler
                0x000000000800221c                TAMP_STAMP_IRQHandler
                0x000000000800221c                EXTI3_IRQHandler
                0x000000000800221c                LPTIM4_IRQHandler
                0x000000000800221c                TIM8_TRG_COM_TIM14_IRQHandler
                0x000000000800221c                LPTIM2_IRQHandler
                0x000000000800221c                DFSDM1_FLT1_IRQHandler
                0x000000000800221c                DMAMUX2_OVR_IRQHandler
                0x000000000800221c                TIM8_UP_TIM13_IRQHandler
                0x000000000800221c                I2C3_ER_IRQHandler
                0x000000000800221c                DFSDM1_FLT2_IRQHandler
                0x000000000800221c                MDMA_IRQHandler
                0x000000000800221c                LPTIM3_IRQHandler
                0x000000000800221c                HSEM1_IRQHandler
                0x000000000800221c                EXTI0_IRQHandler
                0x000000000800221c                I2C2_EV_IRQHandler
                0x000000000800221c                DMA1_Stream2_IRQHandler
                0x000000000800221c                FPU_IRQHandler
                0x000000000800221c                OTG_HS_WKUP_IRQHandler
                0x000000000800221c                FDCAN1_IT1_IRQHandler
                0x000000000800221c                LTDC_ER_IRQHandler
                0x000000000800221c                DMA2_Stream2_IRQHandler
                0x000000000800221c                HRTIM1_TIME_IRQHandler
                0x000000000800221c                SPI1_IRQHandler
                0x000000000800221c                TIM6_DAC_IRQHandler
                0x000000000800221c                DCMI_IRQHandler
                0x000000000800221c                HRTIM1_TIMC_IRQHandler
                0x000000000800221c                DMA2_Stream3_IRQHandler
                0x000000000800221c                SAI2_IRQHandler
                0x000000000800221c                DFSDM1_FLT3_IRQHandler
                0x000000000800221c                USART6_IRQHandler
                0x000000000800221c                TIM17_IRQHandler
                0x000000000800221c                USART3_IRQHandler
                0x000000000800221c                BDMA_Channel7_IRQHandler
                0x000000000800221c                CRYP_IRQHandler
                0x000000000800221c                LPTIM5_IRQHandler
                0x000000000800221c                UART5_IRQHandler
                0x000000000800221c                ADC3_IRQHandler
                0x000000000800221c                DMA2_Stream0_IRQHandler
                0x000000000800221c                TIM4_IRQHandler
                0x000000000800221c                BDMA_Channel2_IRQHandler
                0x000000000800221c                QUADSPI_IRQHandler
                0x000000000800221c                I2C1_EV_IRQHandler
                0x000000000800221c                DMA1_Stream6_IRQHandler
                0x000000000800221c                DMAMUX1_OVR_IRQHandler
                0x000000000800221c                DMA1_Stream1_IRQHandler
                0x000000000800221c                TIM16_IRQHandler
                0x000000000800221c                UART4_IRQHandler
                0x000000000800221c                BDMA_Channel5_IRQHandler
                0x000000000800221c                TIM3_IRQHandler
                0x000000000800221c                RCC_IRQHandler
                0x000000000800221c                TIM8_BRK_TIM12_IRQHandler
                0x000000000800221c                TIM1_TRG_COM_IRQHandler
                0x000000000800221c                Default_Handler
                0x000000000800221c                ECC_IRQHandler
                0x000000000800221c                CEC_IRQHandler
                0x000000000800221c                EXTI15_10_IRQHandler
                0x000000000800221c                BDMA_Channel0_IRQHandler
                0x000000000800221c                ADC_IRQHandler
                0x000000000800221c                DMA1_Stream7_IRQHandler
                0x000000000800221c                HRTIM1_TIMA_IRQHandler
                0x000000000800221c                SPI5_IRQHandler
                0x000000000800221c                TIM7_IRQHandler
                0x000000000800221c                SDMMC1_IRQHandler
                0x000000000800221c                TIM5_IRQHandler
                0x000000000800221c                DMA2_Stream7_IRQHandler
                0x000000000800221c                TIM15_IRQHandler
                0x000000000800221c                PVD_AVD_IRQHandler
                0x000000000800221c                I2C3_EV_IRQHandler
                0x000000000800221c                EXTI9_5_IRQHandler
                0x000000000800221c                RTC_WKUP_IRQHandler
                0x000000000800221c                LTDC_IRQHandler
                0x000000000800221c                SAI3_IRQHandler
                0x000000000800221c                ETH_WKUP_IRQHandler
                0x000000000800221c                SPDIF_RX_IRQHandler
                0x000000000800221c                SPI2_IRQHandler
                0x000000000800221c                OTG_HS_EP1_IN_IRQHandler
                0x000000000800221c                DMA1_Stream0_IRQHandler
                0x000000000800221c                CRS_IRQHandler
                0x000000000800221c                EXTI4_IRQHandler
                0x000000000800221c                HRTIM1_TIMB_IRQHandler
                0x000000000800221c                FDCAN2_IT1_IRQHandler
                0x000000000800221c                ETH_IRQHandler
                0x000000000800221c                TIM1_UP_IRQHandler
                0x000000000800221c                BDMA_Channel4_IRQHandler
                0x000000000800221c                OTG_HS_EP1_OUT_IRQHandler
                0x000000000800221c                WWDG_IRQHandler
                0x000000000800221c                SPI6_IRQHandler
                0x000000000800221c                MDIOS_IRQHandler
                0x000000000800221c                I2C4_EV_IRQHandler
                0x000000000800221c                FDCAN2_IT0_IRQHandler
                0x000000000800221c                LPUART1_IRQHandler
                0x000000000800221c                FDCAN1_IT0_IRQHandler
                0x000000000800221c                TIM2_IRQHandler
                0x000000000800221c                OTG_FS_WKUP_IRQHandler
                0x000000000800221c                OTG_HS_IRQHandler
                0x000000000800221c                DMA2D_IRQHandler
                0x000000000800221c                TIM1_BRK_IRQHandler
                0x000000000800221c                EXTI1_IRQHandler
                0x000000000800221c                SDMMC2_IRQHandler
                0x000000000800221c                OTG_FS_EP1_OUT_IRQHandler
                0x000000000800221c                BDMA_Channel3_IRQHandler
                0x000000000800221c                UART7_IRQHandler
                0x000000000800221c                MDIOS_WKUP_IRQHandler
                0x000000000800221c                USART2_IRQHandler
                0x000000000800221c                DFSDM1_FLT0_IRQHandler
                0x000000000800221c                SAI4_IRQHandler
                0x000000000800221c                I2C2_ER_IRQHandler
                0x000000000800221c                DMA2_Stream1_IRQHandler
                0x000000000800221c                FLASH_IRQHandler
                0x000000000800221c                DMA2_Stream4_IRQHandler
                0x000000000800221c                USART1_IRQHandler
                0x000000000800221c                OTG_FS_IRQHandler
                0x000000000800221c                SPI3_IRQHandler
                0x000000000800221c                WAKEUP_PIN_IRQHandler
                0x000000000800221c                DMA1_Stream4_IRQHandler
                0x000000000800221c                OTG_FS_EP1_IN_IRQHandler
                0x000000000800221c                I2C1_ER_IRQHandler
                0x000000000800221c                FMC_IRQHandler
                0x000000000800221c                FDCAN_CAL_IRQHandler
                0x000000000800221c                SWPMI1_IRQHandler
                0x000000000800221c                COMP1_IRQHandler
                0x000000000800221c                LPTIM1_IRQHandler
                0x000000000800221c                I2C4_ER_IRQHandler
                0x000000000800221c                DMA2_Stream6_IRQHandler
                0x000000000800221c                SAI1_IRQHandler
                0x000000000800221c                DMA1_Stream3_IRQHandler
 *fill*         0x000000000800221e        0x2 
 .text.HAL_Init
                0x0000000008002220       0x70 Drivers/STM32H7xx_HAL_Driver/Src/stm32h7xx_hal.o
                0x0000000008002220                HAL_Init
 .text.HAL_InitTick
                0x0000000008002290       0x6c Drivers/STM32H7xx_HAL_Driver/Src/stm32h7xx_hal.o
                0x0000000008002290                HAL_InitTick
 .text.HAL_IncTick
                0x00000000080022fc       0x28 Drivers/STM32H7xx_HAL_Driver/Src/stm32h7xx_hal.o
                0x00000000080022fc                HAL_IncTick
 .text.HAL_GetTick
                0x0000000008002324       0x18 Drivers/STM32H7xx_HAL_Driver/Src/stm32h7xx_hal.o
                0x0000000008002324                HAL_GetTick
 .text.HAL_Delay
                0x000000000800233c       0x44 Drivers/STM32H7xx_HAL_Driver/Src/stm32h7xx_hal.o
                0x000000000800233c                HAL_Delay
 .text.HAL_GetREVID
                0x0000000008002380       0x18 Drivers/STM32H7xx_HAL_Driver/Src/stm32h7xx_hal.o
                0x0000000008002380                HAL_GetREVID
 .text.HAL_SYSCFG_ETHInterfaceSelect
                0x0000000008002398       0x28 Drivers/STM32H7xx_HAL_Driver/Src/stm32h7xx_hal.o
                0x0000000008002398                HAL_SYSCFG_ETHInterfaceSelect
 .text.HAL_SYSCFG_AnalogSwitchConfig
                0x00000000080023c0       0x2c Drivers/STM32H7xx_HAL_Driver/Src/stm32h7xx_hal.o
                0x00000000080023c0                HAL_SYSCFG_AnalogSwitchConfig
 .text.LL_ADC_SetCommonClock
                0x00000000080023ec       0x26 Drivers/STM32H7xx_HAL_Driver/Src/stm32h7xx_hal_adc.o
 .text.LL_ADC_SetCommonPathInternalCh
                0x0000000008002412       0x26 Drivers/STM32H7xx_HAL_Driver/Src/stm32h7xx_hal_adc.o
 .text.LL_ADC_GetCommonPathInternalCh
                0x0000000008002438       0x1c Drivers/STM32H7xx_HAL_Driver/Src/stm32h7xx_hal_adc.o
 .text.LL_ADC_SetOffset
                0x0000000008002454       0x3a Drivers/STM32H7xx_HAL_Driver/Src/stm32h7xx_hal_adc.o
 .text.LL_ADC_SetDataRightShift
                0x000000000800248e       0x32 Drivers/STM32H7xx_HAL_Driver/Src/stm32h7xx_hal_adc.o
 .text.LL_ADC_SetOffsetSignedSaturation
                0x00000000080024c0       0x30 Drivers/STM32H7xx_HAL_Driver/Src/stm32h7xx_hal_adc.o
 .text.LL_ADC_REG_SetSequencerRanks
                0x00000000080024f0       0x52 Drivers/STM32H7xx_HAL_Driver/Src/stm32h7xx_hal_adc.o
 .text.LL_ADC_SetChannelSamplingTime
                0x0000000008002542       0x50 Drivers/STM32H7xx_HAL_Driver/Src/stm32h7xx_hal_adc.o
 *fill*         0x0000000008002592        0x2 
 .text.LL_ADC_SetChannelSingleDiff
                0x0000000008002594       0x48 Drivers/STM32H7xx_HAL_Driver/Src/stm32h7xx_hal_adc.o
 .text.LL_ADC_DisableDeepPowerDown
                0x00000000080025dc       0x24 Drivers/STM32H7xx_HAL_Driver/Src/stm32h7xx_hal_adc.o
 .text.LL_ADC_IsDeepPowerDownEnabled
                0x0000000008002600       0x28 Drivers/STM32H7xx_HAL_Driver/Src/stm32h7xx_hal_adc.o
 .text.LL_ADC_EnableInternalRegulator
                0x0000000008002628       0x28 Drivers/STM32H7xx_HAL_Driver/Src/stm32h7xx_hal_adc.o
 .text.LL_ADC_IsInternalRegulatorEnabled
                0x0000000008002650       0x28 Drivers/STM32H7xx_HAL_Driver/Src/stm32h7xx_hal_adc.o
 .text.LL_ADC_IsEnabled
                0x0000000008002678       0x26 Drivers/STM32H7xx_HAL_Driver/Src/stm32h7xx_hal_adc.o
 .text.LL_ADC_REG_IsConversionOngoing
                0x000000000800269e       0x26 Drivers/STM32H7xx_HAL_Driver/Src/stm32h7xx_hal_adc.o
 .text.LL_ADC_INJ_IsConversionOngoing
                0x00000000080026c4       0x26 Drivers/STM32H7xx_HAL_Driver/Src/stm32h7xx_hal_adc.o
 *fill*         0x00000000080026ea        0x2 
 .text.HAL_ADC_Init
                0x00000000080026ec      0x340 Drivers/STM32H7xx_HAL_Driver/Src/stm32h7xx_hal_adc.o
                0x00000000080026ec                HAL_ADC_Init
 .text.HAL_ADC_ConfigChannel
                0x0000000008002a2c      0x628 Drivers/STM32H7xx_HAL_Driver/Src/stm32h7xx_hal_adc.o
                0x0000000008002a2c                HAL_ADC_ConfigChannel
 .text.ADC_ConfigureBoostMode
                0x0000000008003054      0x200 Drivers/STM32H7xx_HAL_Driver/Src/stm32h7xx_hal_adc.o
                0x0000000008003054                ADC_ConfigureBoostMode
 .text.LL_ADC_IsEnabled
                0x0000000008003254       0x26 Drivers/STM32H7xx_HAL_Driver/Src/stm32h7xx_hal_adc_ex.o
 .text.LL_ADC_REG_IsConversionOngoing
                0x000000000800327a       0x26 Drivers/STM32H7xx_HAL_Driver/Src/stm32h7xx_hal_adc_ex.o
 .text.HAL_ADCEx_MultiModeConfigChannel
                0x00000000080032a0      0x1b4 Drivers/STM32H7xx_HAL_Driver/Src/stm32h7xx_hal_adc_ex.o
                0x00000000080032a0                HAL_ADCEx_MultiModeConfigChannel
 .text.__NVIC_SetPriorityGrouping
                0x0000000008003454       0x48 Drivers/STM32H7xx_HAL_Driver/Src/stm32h7xx_hal_cortex.o
 .text.__NVIC_GetPriorityGrouping
                0x000000000800349c       0x1c Drivers/STM32H7xx_HAL_Driver/Src/stm32h7xx_hal_cortex.o
 .text.__NVIC_SetPriority
                0x00000000080034b8       0x54 Drivers/STM32H7xx_HAL_Driver/Src/stm32h7xx_hal_cortex.o
 .text.NVIC_EncodePriority
                0x000000000800350c       0x66 Drivers/STM32H7xx_HAL_Driver/Src/stm32h7xx_hal_cortex.o
 *fill*         0x0000000008003572        0x2 
 .text.SysTick_Config
                0x0000000008003574       0x44 Drivers/STM32H7xx_HAL_Driver/Src/stm32h7xx_hal_cortex.o
 .text.HAL_NVIC_SetPriorityGrouping
                0x00000000080035b8       0x16 Drivers/STM32H7xx_HAL_Driver/Src/stm32h7xx_hal_cortex.o
                0x00000000080035b8                HAL_NVIC_SetPriorityGrouping
 .text.HAL_NVIC_SetPriority
                0x00000000080035ce       0x34 Drivers/STM32H7xx_HAL_Driver/Src/stm32h7xx_hal_cortex.o
                0x00000000080035ce                HAL_NVIC_SetPriority
 .text.HAL_SYSTICK_Config
                0x0000000008003602       0x18 Drivers/STM32H7xx_HAL_Driver/Src/stm32h7xx_hal_cortex.o
                0x0000000008003602                HAL_SYSTICK_Config
 *fill*         0x000000000800361a        0x2 
 .text.HAL_DFSDM_ChannelInit
                0x000000000800361c      0x180 Drivers/STM32H7xx_HAL_Driver/Src/stm32h7xx_hal_dfsdm.o
                0x000000000800361c                HAL_DFSDM_ChannelInit
 .text.DFSDM_GetChannelFromInstance
                0x000000000800379c       0xac Drivers/STM32H7xx_HAL_Driver/Src/stm32h7xx_hal_dfsdm.o
 .text.HAL_ETH_Init
                0x0000000008003848      0x1b4 Drivers/STM32H7xx_HAL_Driver/Src/stm32h7xx_hal_eth.o
                0x0000000008003848                HAL_ETH_Init
 .text.ETH_SetMACConfig
                0x00000000080039fc      0x238 Drivers/STM32H7xx_HAL_Driver/Src/stm32h7xx_hal_eth.o
 .text.ETH_SetDMAConfig
                0x0000000008003c34      0x10c Drivers/STM32H7xx_HAL_Driver/Src/stm32h7xx_hal_eth.o
 .text.ETH_MACDMAConfig
                0x0000000008003d40      0x13a Drivers/STM32H7xx_HAL_Driver/Src/stm32h7xx_hal_eth.o
 *fill*         0x0000000008003e7a        0x2 
 .text.ETH_MAC_MDIO_ClkConfig
                0x0000000008003e7c       0xb0 Drivers/STM32H7xx_HAL_Driver/Src/stm32h7xx_hal_eth.o
 .text.ETH_DMATxDescListInit
                0x0000000008003f2c       0x8e Drivers/STM32H7xx_HAL_Driver/Src/stm32h7xx_hal_eth.o
 .text.ETH_DMARxDescListInit
                0x0000000008003fba       0xba Drivers/STM32H7xx_HAL_Driver/Src/stm32h7xx_hal_eth.o
 .text.HAL_GPIO_Init
                0x0000000008004074      0x360 Drivers/STM32H7xx_HAL_Driver/Src/stm32h7xx_hal_gpio.o
                0x0000000008004074                HAL_GPIO_Init
 .text.HAL_GPIO_WritePin
                0x00000000080043d4       0x32 Drivers/STM32H7xx_HAL_Driver/Src/stm32h7xx_hal_gpio.o
                0x00000000080043d4                HAL_GPIO_WritePin
 *fill*         0x0000000008004406        0x2 
 .text.HAL_I2C_Init
                0x0000000008004408      0x120 Drivers/STM32H7xx_HAL_Driver/Src/stm32h7xx_hal_i2c.o
                0x0000000008004408                HAL_I2C_Init
 .text.HAL_I2CEx_ConfigAnalogFilter
                0x0000000008004528       0x96 Drivers/STM32H7xx_HAL_Driver/Src/stm32h7xx_hal_i2c_ex.o
                0x0000000008004528                HAL_I2CEx_ConfigAnalogFilter
 .text.HAL_I2CEx_ConfigDigitalFilter
                0x00000000080045be       0x98 Drivers/STM32H7xx_HAL_Driver/Src/stm32h7xx_hal_i2c_ex.o
                0x00000000080045be                HAL_I2CEx_ConfigDigitalFilter
 *fill*         0x0000000008004656        0x2 
 .text.HAL_LTDC_Init
                0x0000000008004658      0x1a0 Drivers/STM32H7xx_HAL_Driver/Src/stm32h7xx_hal_ltdc.o
                0x0000000008004658                HAL_LTDC_Init
 .text.HAL_LTDC_ConfigLayer
                0x00000000080047f8       0x7c Drivers/STM32H7xx_HAL_Driver/Src/stm32h7xx_hal_ltdc.o
                0x00000000080047f8                HAL_LTDC_ConfigLayer
 .text.LTDC_SetConfig
                0x0000000008004874      0x334 Drivers/STM32H7xx_HAL_Driver/Src/stm32h7xx_hal_ltdc.o
 .text.HAL_NOR_Init
                0x0000000008004ba8       0xbc Drivers/STM32H7xx_HAL_Driver/Src/stm32h7xx_hal_nor.o
                0x0000000008004ba8                HAL_NOR_Init
 .text.HAL_PCD_Init
                0x0000000008004c64      0x248 Drivers/STM32H7xx_HAL_Driver/Src/stm32h7xx_hal_pcd.o
                0x0000000008004c64                HAL_PCD_Init
 .text.HAL_PCDEx_ActivateLPM
                0x0000000008004eac       0x48 Drivers/STM32H7xx_HAL_Driver/Src/stm32h7xx_hal_pcd_ex.o
                0x0000000008004eac                HAL_PCDEx_ActivateLPM
 .text.HAL_PWREx_ConfigSupply
                0x0000000008004ef4       0x70 Drivers/STM32H7xx_HAL_Driver/Src/stm32h7xx_hal_pwr_ex.o
                0x0000000008004ef4                HAL_PWREx_ConfigSupply
 .text.HAL_PWREx_EnableUSBVoltageDetector
                0x0000000008004f64       0x20 Drivers/STM32H7xx_HAL_Driver/Src/stm32h7xx_hal_pwr_ex.o
                0x0000000008004f64                HAL_PWREx_EnableUSBVoltageDetector
 .text.HAL_QSPI_Init
                0x0000000008004f84      0x110 Drivers/STM32H7xx_HAL_Driver/Src/stm32h7xx_hal_qspi.o
                0x0000000008004f84                HAL_QSPI_Init
 .text.HAL_QSPI_SetTimeout
                0x0000000008005094       0x1c Drivers/STM32H7xx_HAL_Driver/Src/stm32h7xx_hal_qspi.o
                0x0000000008005094                HAL_QSPI_SetTimeout
 .text.QSPI_WaitFlagStateUntilTimeout
                0x00000000080050b0       0x6e Drivers/STM32H7xx_HAL_Driver/Src/stm32h7xx_hal_qspi.o
 *fill*         0x000000000800511e        0x2 
 .text.HAL_RCC_OscConfig
                0x0000000008005120      0x770 Drivers/STM32H7xx_HAL_Driver/Src/stm32h7xx_hal_rcc.o
                0x0000000008005120                HAL_RCC_OscConfig
 .text.HAL_RCC_ClockConfig
                0x0000000008005890      0x348 Drivers/STM32H7xx_HAL_Driver/Src/stm32h7xx_hal_rcc.o
                0x0000000008005890                HAL_RCC_ClockConfig
 .text.HAL_RCC_MCOConfig
                0x0000000008005bd8       0xd4 Drivers/STM32H7xx_HAL_Driver/Src/stm32h7xx_hal_rcc.o
                0x0000000008005bd8                HAL_RCC_MCOConfig
 .text.HAL_RCC_GetSysClockFreq
                0x0000000008005cac      0x2e4 Drivers/STM32H7xx_HAL_Driver/Src/stm32h7xx_hal_rcc.o
                0x0000000008005cac                HAL_RCC_GetSysClockFreq
 .text.HAL_RCC_GetHCLKFreq
                0x0000000008005f90       0x38 Drivers/STM32H7xx_HAL_Driver/Src/stm32h7xx_hal_rcc.o
                0x0000000008005f90                HAL_RCC_GetHCLKFreq
 .text.HAL_RCC_GetPCLK1Freq
                0x0000000008005fc8       0x2c Drivers/STM32H7xx_HAL_Driver/Src/stm32h7xx_hal_rcc.o
                0x0000000008005fc8                HAL_RCC_GetPCLK1Freq
 .text.HAL_RCC_GetPCLK2Freq
                0x0000000008005ff4       0x2c Drivers/STM32H7xx_HAL_Driver/Src/stm32h7xx_hal_rcc.o
                0x0000000008005ff4                HAL_RCC_GetPCLK2Freq
 .text.HAL_RCCEx_PeriphCLKConfig
                0x0000000008006020      0xde0 Drivers/STM32H7xx_HAL_Driver/Src/stm32h7xx_hal_rcc_ex.o
                0x0000000008006020                HAL_RCCEx_PeriphCLKConfig
 .text.HAL_RCCEx_GetPeriphCLKFreq
                0x0000000008006e00      0x46c Drivers/STM32H7xx_HAL_Driver/Src/stm32h7xx_hal_rcc_ex.o
                0x0000000008006e00                HAL_RCCEx_GetPeriphCLKFreq
 .text.HAL_RCCEx_GetD3PCLK1Freq
                0x000000000800726c       0x2c Drivers/STM32H7xx_HAL_Driver/Src/stm32h7xx_hal_rcc_ex.o
                0x000000000800726c                HAL_RCCEx_GetD3PCLK1Freq
 .text.HAL_RCCEx_GetPLL2ClockFreq
                0x0000000008007298      0x298 Drivers/STM32H7xx_HAL_Driver/Src/stm32h7xx_hal_rcc_ex.o
                0x0000000008007298                HAL_RCCEx_GetPLL2ClockFreq
 .text.HAL_RCCEx_GetPLL3ClockFreq
                0x0000000008007530      0x298 Drivers/STM32H7xx_HAL_Driver/Src/stm32h7xx_hal_rcc_ex.o
                0x0000000008007530                HAL_RCCEx_GetPLL3ClockFreq
 .text.HAL_RCCEx_GetPLL1ClockFreq
                0x00000000080077c8      0x298 Drivers/STM32H7xx_HAL_Driver/Src/stm32h7xx_hal_rcc_ex.o
                0x00000000080077c8                HAL_RCCEx_GetPLL1ClockFreq
 .text.HAL_RCCEx_GetD1SysClockFreq
                0x0000000008007a60       0x38 Drivers/STM32H7xx_HAL_Driver/Src/stm32h7xx_hal_rcc_ex.o
                0x0000000008007a60                HAL_RCCEx_GetD1SysClockFreq
 .text.RCCEx_PLL2_Config
                0x0000000008007a98      0x164 Drivers/STM32H7xx_HAL_Driver/Src/stm32h7xx_hal_rcc_ex.o
 .text.RCCEx_PLL3_Config
                0x0000000008007bfc      0x164 Drivers/STM32H7xx_HAL_Driver/Src/stm32h7xx_hal_rcc_ex.o
 .text.HAL_SAI_Init
                0x0000000008007d60      0x4ec Drivers/STM32H7xx_HAL_Driver/Src/stm32h7xx_hal_sai.o
                0x0000000008007d60                HAL_SAI_Init
 .text.SAI_Disable
                0x000000000800824c       0x68 Drivers/STM32H7xx_HAL_Driver/Src/stm32h7xx_hal_sai.o
 .text.HAL_SD_Init
                0x00000000080082b4      0x114 Drivers/STM32H7xx_HAL_Driver/Src/stm32h7xx_hal_sd.o
                0x00000000080082b4                HAL_SD_Init
 .text.HAL_SD_InitCard
                0x00000000080083c8      0x110 Drivers/STM32H7xx_HAL_Driver/Src/stm32h7xx_hal_sd.o
                0x00000000080083c8                HAL_SD_InitCard
 .text.HAL_SD_DriveTransceiver_1_8V_Callback
                0x00000000080084d8       0x16 Drivers/STM32H7xx_HAL_Driver/Src/stm32h7xx_hal_sd.o
                0x00000000080084d8                HAL_SD_DriveTransceiver_1_8V_Callback
 *fill*         0x00000000080084ee        0x2 
 .text.HAL_SD_GetCardCSD
                0x00000000080084f0      0x348 Drivers/STM32H7xx_HAL_Driver/Src/stm32h7xx_hal_sd.o
                0x00000000080084f0                HAL_SD_GetCardCSD
 .text.HAL_SD_GetCardStatus
                0x0000000008008838      0x130 Drivers/STM32H7xx_HAL_Driver/Src/stm32h7xx_hal_sd.o
                0x0000000008008838                HAL_SD_GetCardStatus
 .text.HAL_SD_ConfigWideBusOperation
                0x0000000008008968      0x120 Drivers/STM32H7xx_HAL_Driver/Src/stm32h7xx_hal_sd.o
                0x0000000008008968                HAL_SD_ConfigWideBusOperation
 .text.HAL_SD_GetCardState
                0x0000000008008a88       0x40 Drivers/STM32H7xx_HAL_Driver/Src/stm32h7xx_hal_sd.o
                0x0000000008008a88                HAL_SD_GetCardState
 .text.SD_InitCard
                0x0000000008008ac8      0x17c Drivers/STM32H7xx_HAL_Driver/Src/stm32h7xx_hal_sd.o
 .text.SD_PowerON
                0x0000000008008c44      0x21c Drivers/STM32H7xx_HAL_Driver/Src/stm32h7xx_hal_sd.o
 .text.SD_SendSDStatus
                0x0000000008008e60      0x1a0 Drivers/STM32H7xx_HAL_Driver/Src/stm32h7xx_hal_sd.o
 .text.SD_SendStatus
                0x0000000008009000       0x50 Drivers/STM32H7xx_HAL_Driver/Src/stm32h7xx_hal_sd.o
 .text.SD_WideBus_Enable
                0x0000000008009050       0x96 Drivers/STM32H7xx_HAL_Driver/Src/stm32h7xx_hal_sd.o
 .text.SD_WideBus_Disable
                0x00000000080090e6       0x96 Drivers/STM32H7xx_HAL_Driver/Src/stm32h7xx_hal_sd.o
 .text.SD_FindSCR
                0x000000000800917c      0x1a0 Drivers/STM32H7xx_HAL_Driver/Src/stm32h7xx_hal_sd.o
 .text.HAL_SDRAM_Init
                0x000000000800931c       0x78 Drivers/STM32H7xx_HAL_Driver/Src/stm32h7xx_hal_sdram.o
                0x000000000800931c                HAL_SDRAM_Init
 .text.HAL_SRAM_Init
                0x0000000008009394       0xa0 Drivers/STM32H7xx_HAL_Driver/Src/stm32h7xx_hal_sram.o
                0x0000000008009394                HAL_SRAM_Init
 .text.HAL_UART_Init
                0x0000000008009434       0xa0 Drivers/STM32H7xx_HAL_Driver/Src/stm32h7xx_hal_uart.o
                0x0000000008009434                HAL_UART_Init
 *fill*         0x00000000080094d4        0x4 
 .text.UART_SetConfig
                0x00000000080094d8     0x22fc Drivers/STM32H7xx_HAL_Driver/Src/stm32h7xx_hal_uart.o
                0x00000000080094d8                UART_SetConfig
 .text.UART_AdvFeatureConfig
                0x000000000800b7d4      0x144 Drivers/STM32H7xx_HAL_Driver/Src/stm32h7xx_hal_uart.o
                0x000000000800b7d4                UART_AdvFeatureConfig
 .text.UART_CheckIdleState
                0x000000000800b918       0x90 Drivers/STM32H7xx_HAL_Driver/Src/stm32h7xx_hal_uart.o
                0x000000000800b918                UART_CheckIdleState
 .text.UART_WaitOnFlagUntilTimeout
                0x000000000800b9a8      0x100 Drivers/STM32H7xx_HAL_Driver/Src/stm32h7xx_hal_uart.o
                0x000000000800b9a8                UART_WaitOnFlagUntilTimeout
 .text.HAL_UARTEx_DisableFifoMode
                0x000000000800baa8       0x72 Drivers/STM32H7xx_HAL_Driver/Src/stm32h7xx_hal_uart_ex.o
                0x000000000800baa8                HAL_UARTEx_DisableFifoMode
 .text.HAL_UARTEx_SetTxFifoThreshold
                0x000000000800bb1a       0x7c Drivers/STM32H7xx_HAL_Driver/Src/stm32h7xx_hal_uart_ex.o
                0x000000000800bb1a                HAL_UARTEx_SetTxFifoThreshold
 .text.HAL_UARTEx_SetRxFifoThreshold
                0x000000000800bb96       0x7c Drivers/STM32H7xx_HAL_Driver/Src/stm32h7xx_hal_uart_ex.o
                0x000000000800bb96                HAL_UARTEx_SetRxFifoThreshold
 *fill*         0x000000000800bc12        0x2 
 .text.UARTEx_SetNbDataToProcess
                0x000000000800bc14       0xd0 Drivers/STM32H7xx_HAL_Driver/Src/stm32h7xx_hal_uart_ex.o
 .text.FMC_NORSRAM_Init
                0x000000000800bce4       0xf0 Drivers/STM32H7xx_HAL_Driver/Src/stm32h7xx_ll_fmc.o
                0x000000000800bce4                FMC_NORSRAM_Init
 .text.FMC_NORSRAM_Timing_Init
                0x000000000800bdd4       0xa0 Drivers/STM32H7xx_HAL_Driver/Src/stm32h7xx_ll_fmc.o
                0x000000000800bdd4                FMC_NORSRAM_Timing_Init
 .text.FMC_NORSRAM_Extended_Timing_Init
                0x000000000800be74       0x70 Drivers/STM32H7xx_HAL_Driver/Src/stm32h7xx_ll_fmc.o
                0x000000000800be74                FMC_NORSRAM_Extended_Timing_Init
 .text.FMC_SDRAM_Init
                0x000000000800bee4       0xb8 Drivers/STM32H7xx_HAL_Driver/Src/stm32h7xx_ll_fmc.o
                0x000000000800bee4                FMC_SDRAM_Init
 .text.FMC_SDRAM_Timing_Init
                0x000000000800bf9c       0xd4 Drivers/STM32H7xx_HAL_Driver/Src/stm32h7xx_ll_fmc.o
                0x000000000800bf9c                FMC_SDRAM_Timing_Init
 .text.SDMMC_Init
                0x000000000800c070       0x54 Drivers/STM32H7xx_HAL_Driver/Src/stm32h7xx_ll_sdmmc.o
                0x000000000800c070                SDMMC_Init
 .text.SDMMC_ReadFIFO
                0x000000000800c0c4       0x1a Drivers/STM32H7xx_HAL_Driver/Src/stm32h7xx_ll_sdmmc.o
                0x000000000800c0c4                SDMMC_ReadFIFO
 .text.SDMMC_PowerState_ON
                0x000000000800c0de       0x22 Drivers/STM32H7xx_HAL_Driver/Src/stm32h7xx_ll_sdmmc.o
                0x000000000800c0de                SDMMC_PowerState_ON
 .text.SDMMC_GetPowerState
                0x000000000800c100       0x1c Drivers/STM32H7xx_HAL_Driver/Src/stm32h7xx_ll_sdmmc.o
                0x000000000800c100                SDMMC_GetPowerState
 .text.SDMMC_SendCommand
                0x000000000800c11c       0x54 Drivers/STM32H7xx_HAL_Driver/Src/stm32h7xx_ll_sdmmc.o
                0x000000000800c11c                SDMMC_SendCommand
 .text.SDMMC_GetCommandResponse
                0x000000000800c170       0x1a Drivers/STM32H7xx_HAL_Driver/Src/stm32h7xx_ll_sdmmc.o
                0x000000000800c170                SDMMC_GetCommandResponse
 .text.SDMMC_GetResponse
                0x000000000800c18a       0x26 Drivers/STM32H7xx_HAL_Driver/Src/stm32h7xx_ll_sdmmc.o
                0x000000000800c18a                SDMMC_GetResponse
 .text.SDMMC_ConfigData
                0x000000000800c1b0       0x58 Drivers/STM32H7xx_HAL_Driver/Src/stm32h7xx_ll_sdmmc.o
                0x000000000800c1b0                SDMMC_ConfigData
 .text.SDMMC_CmdBlockLength
                0x000000000800c208       0x46 Drivers/STM32H7xx_HAL_Driver/Src/stm32h7xx_ll_sdmmc.o
                0x000000000800c208                SDMMC_CmdBlockLength
 .text.SDMMC_CmdSelDesel
                0x000000000800c24e       0x48 Drivers/STM32H7xx_HAL_Driver/Src/stm32h7xx_ll_sdmmc.o
                0x000000000800c24e                SDMMC_CmdSelDesel
 .text.SDMMC_CmdGoIdleState
                0x000000000800c296       0x3c Drivers/STM32H7xx_HAL_Driver/Src/stm32h7xx_ll_sdmmc.o
                0x000000000800c296                SDMMC_CmdGoIdleState
 .text.SDMMC_CmdOperCond
                0x000000000800c2d2       0x40 Drivers/STM32H7xx_HAL_Driver/Src/stm32h7xx_ll_sdmmc.o
                0x000000000800c2d2                SDMMC_CmdOperCond
 .text.SDMMC_CmdAppCommand
                0x000000000800c312       0x46 Drivers/STM32H7xx_HAL_Driver/Src/stm32h7xx_ll_sdmmc.o
                0x000000000800c312                SDMMC_CmdAppCommand
 .text.SDMMC_CmdAppOperCommand
                0x000000000800c358       0x40 Drivers/STM32H7xx_HAL_Driver/Src/stm32h7xx_ll_sdmmc.o
                0x000000000800c358                SDMMC_CmdAppOperCommand
 .text.SDMMC_CmdBusWidth
                0x000000000800c398       0x46 Drivers/STM32H7xx_HAL_Driver/Src/stm32h7xx_ll_sdmmc.o
                0x000000000800c398                SDMMC_CmdBusWidth
 .text.SDMMC_CmdSendSCR
                0x000000000800c3de       0x44 Drivers/STM32H7xx_HAL_Driver/Src/stm32h7xx_ll_sdmmc.o
                0x000000000800c3de                SDMMC_CmdSendSCR
 .text.SDMMC_CmdSendCID
                0x000000000800c422       0x3e Drivers/STM32H7xx_HAL_Driver/Src/stm32h7xx_ll_sdmmc.o
                0x000000000800c422                SDMMC_CmdSendCID
 .text.SDMMC_CmdSendCSD
                0x000000000800c460       0x40 Drivers/STM32H7xx_HAL_Driver/Src/stm32h7xx_ll_sdmmc.o
                0x000000000800c460                SDMMC_CmdSendCSD
 .text.SDMMC_CmdSetRelAdd
                0x000000000800c4a0       0x44 Drivers/STM32H7xx_HAL_Driver/Src/stm32h7xx_ll_sdmmc.o
                0x000000000800c4a0                SDMMC_CmdSetRelAdd
 .text.SDMMC_CmdSendStatus
                0x000000000800c4e4       0x46 Drivers/STM32H7xx_HAL_Driver/Src/stm32h7xx_ll_sdmmc.o
                0x000000000800c4e4                SDMMC_CmdSendStatus
 .text.SDMMC_CmdStatusRegister
                0x000000000800c52a       0x44 Drivers/STM32H7xx_HAL_Driver/Src/stm32h7xx_ll_sdmmc.o
                0x000000000800c52a                SDMMC_CmdStatusRegister
 .text.SDMMC_CmdVoltageSwitch
                0x000000000800c56e       0x44 Drivers/STM32H7xx_HAL_Driver/Src/stm32h7xx_ll_sdmmc.o
                0x000000000800c56e                SDMMC_CmdVoltageSwitch
 *fill*         0x000000000800c5b2        0x2 
 .text.SDMMC_GetCmdError
                0x000000000800c5b4       0x54 Drivers/STM32H7xx_HAL_Driver/Src/stm32h7xx_ll_sdmmc.o
 .text.SDMMC_GetCmdResp1
                0x000000000800c608      0x1e0 Drivers/STM32H7xx_HAL_Driver/Src/stm32h7xx_ll_sdmmc.o
 .text.SDMMC_GetCmdResp2
                0x000000000800c7e8       0x90 Drivers/STM32H7xx_HAL_Driver/Src/stm32h7xx_ll_sdmmc.o
 .text.SDMMC_GetCmdResp3
                0x000000000800c878       0x78 Drivers/STM32H7xx_HAL_Driver/Src/stm32h7xx_ll_sdmmc.o
 .text.SDMMC_GetCmdResp6
                0x000000000800c8f0       0xec Drivers/STM32H7xx_HAL_Driver/Src/stm32h7xx_ll_sdmmc.o
 .text.SDMMC_GetCmdResp7
                0x000000000800c9dc       0x98 Drivers/STM32H7xx_HAL_Driver/Src/stm32h7xx_ll_sdmmc.o
 .text.USB_CoreInit
                0x000000000800ca74       0xc4 Drivers/STM32H7xx_HAL_Driver/Src/stm32h7xx_ll_usb.o
                0x000000000800ca74                USB_CoreInit
 .text.USB_DisableGlobalInt
                0x000000000800cb38       0x22 Drivers/STM32H7xx_HAL_Driver/Src/stm32h7xx_ll_usb.o
                0x000000000800cb38                USB_DisableGlobalInt
 .text.USB_SetCurrentMode
                0x000000000800cb5a       0x54 Drivers/STM32H7xx_HAL_Driver/Src/stm32h7xx_ll_usb.o
                0x000000000800cb5a                USB_SetCurrentMode
 *fill*         0x000000000800cbae        0x2 
 .text.USB_DevInit
                0x000000000800cbb0      0x2d8 Drivers/STM32H7xx_HAL_Driver/Src/stm32h7xx_ll_usb.o
                0x000000000800cbb0                USB_DevInit
 .text.USB_FlushTxFifo
                0x000000000800ce88       0x4c Drivers/STM32H7xx_HAL_Driver/Src/stm32h7xx_ll_usb.o
                0x000000000800ce88                USB_FlushTxFifo
 .text.USB_FlushRxFifo
                0x000000000800ced4       0x44 Drivers/STM32H7xx_HAL_Driver/Src/stm32h7xx_ll_usb.o
                0x000000000800ced4                USB_FlushRxFifo
 .text.USB_SetDevSpeed
                0x000000000800cf18       0x32 Drivers/STM32H7xx_HAL_Driver/Src/stm32h7xx_ll_usb.o
                0x000000000800cf18                USB_SetDevSpeed
 .text.USB_DevDisconnect
                0x000000000800cf4a       0x30 Drivers/STM32H7xx_HAL_Driver/Src/stm32h7xx_ll_usb.o
                0x000000000800cf4a                USB_DevDisconnect
 *fill*         0x000000000800cf7a        0x2 
 .text.USB_CoreReset
                0x000000000800cf7c       0x68 Drivers/STM32H7xx_HAL_Driver/Src/stm32h7xx_ll_usb.o
 .text.__libc_init_array
                0x000000000800cfe4       0x48 q:/st/installed/stm32cubeide_1.1.0/stm32cubeide/plugins/com.st.stm32cube.ide.mcu.externaltools.gnu-tools-for-stm32.7-2018-q2-update.win32_1.0.0.201904181610/tools/bin/../lib/gcc/arm-none-eabi/7.3.1/../../../../arm-none-eabi/lib/thumb/v7e-m/fpv5/hard\libc_nano.a(lib_a-init.o)
                0x000000000800cfe4                __libc_init_array
 .text.memset   0x000000000800d02c       0x10 q:/st/installed/stm32cubeide_1.1.0/stm32cubeide/plugins/com.st.stm32cube.ide.mcu.externaltools.gnu-tools-for-stm32.7-2018-q2-update.win32_1.0.0.201904181610/tools/bin/../lib/gcc/arm-none-eabi/7.3.1/../../../../arm-none-eabi/lib/thumb/v7e-m/fpv5/hard\libc_nano.a(lib_a-memset.o)
                0x000000000800d02c                memset
 *(.glue_7)
 .glue_7        0x000000000800d03c        0x0 linker stubs
 *(.glue_7t)
 .glue_7t       0x000000000800d03c        0x0 linker stubs
 *(.eh_frame)
 .eh_frame      0x000000000800d03c        0x0 q:/st/installed/stm32cubeide_1.1.0/stm32cubeide/plugins/com.st.stm32cube.ide.mcu.externaltools.gnu-tools-for-stm32.7-2018-q2-update.win32_1.0.0.201904181610/tools/bin/../lib/gcc/arm-none-eabi/7.3.1/thumb/v7e-m/fpv5/hard/crtbegin.o
 *(.init)
 .init          0x000000000800d03c        0x4 q:/st/installed/stm32cubeide_1.1.0/stm32cubeide/plugins/com.st.stm32cube.ide.mcu.externaltools.gnu-tools-for-stm32.7-2018-q2-update.win32_1.0.0.201904181610/tools/bin/../lib/gcc/arm-none-eabi/7.3.1/thumb/v7e-m/fpv5/hard/crti.o
                0x000000000800d03c                _init
 .init          0x000000000800d040        0x8 q:/st/installed/stm32cubeide_1.1.0/stm32cubeide/plugins/com.st.stm32cube.ide.mcu.externaltools.gnu-tools-for-stm32.7-2018-q2-update.win32_1.0.0.201904181610/tools/bin/../lib/gcc/arm-none-eabi/7.3.1/thumb/v7e-m/fpv5/hard/crtn.o
 *(.fini)
 .fini          0x000000000800d048        0x4 q:/st/installed/stm32cubeide_1.1.0/stm32cubeide/plugins/com.st.stm32cube.ide.mcu.externaltools.gnu-tools-for-stm32.7-2018-q2-update.win32_1.0.0.201904181610/tools/bin/../lib/gcc/arm-none-eabi/7.3.1/thumb/v7e-m/fpv5/hard/crti.o
                0x000000000800d048                _fini
 .fini          0x000000000800d04c        0x8 q:/st/installed/stm32cubeide_1.1.0/stm32cubeide/plugins/com.st.stm32cube.ide.mcu.externaltools.gnu-tools-for-stm32.7-2018-q2-update.win32_1.0.0.201904181610/tools/bin/../lib/gcc/arm-none-eabi/7.3.1/thumb/v7e-m/fpv5/hard/crtn.o
                0x000000000800d054                . = ALIGN (0x4)
                0x000000000800d054                _etext = .

.vfp11_veneer   0x000000000800d054        0x0
 .vfp11_veneer  0x000000000800d054        0x0 linker stubs

.v4_bx          0x000000000800d054        0x0
 .v4_bx         0x000000000800d054        0x0 linker stubs

.iplt           0x000000000800d054        0x0
 .iplt          0x000000000800d054        0x0 q:/st/installed/stm32cubeide_1.1.0/stm32cubeide/plugins/com.st.stm32cube.ide.mcu.externaltools.gnu-tools-for-stm32.7-2018-q2-update.win32_1.0.0.201904181610/tools/bin/../lib/gcc/arm-none-eabi/7.3.1/thumb/v7e-m/fpv5/hard/crtbegin.o

.rodata         0x000000000800d054       0x20
                0x000000000800d054                . = ALIGN (0x4)
 *(.rodata)
 .rodata        0x000000000800d054       0x10 Drivers/STM32H7xx_HAL_Driver/Src/stm32h7xx_hal_uart_ex.o
 *(.rodata*)
 .rodata.D1CorePrescTable
                0x000000000800d064       0x10 Core/Src/system_stm32h7xx.o
                0x000000000800d064                D1CorePrescTable
                0x000000000800d074                . = ALIGN (0x4)

.ARM.extab      0x000000000800d074        0x0
                0x000000000800d074                . = ALIGN (0x4)
 *(.ARM.extab* .gnu.linkonce.armextab.*)
                0x000000000800d074                . = ALIGN (0x4)

.ARM            0x000000000800d074        0x8
                0x000000000800d074                . = ALIGN (0x4)
                0x000000000800d074                __exidx_start = .
 *(.ARM.exidx*)
 .ARM.exidx     0x000000000800d074        0x8 q:/st/installed/stm32cubeide_1.1.0/stm32cubeide/plugins/com.st.stm32cube.ide.mcu.externaltools.gnu-tools-for-stm32.7-2018-q2-update.win32_1.0.0.201904181610/tools/bin/../lib/gcc/arm-none-eabi/7.3.1/thumb/v7e-m/fpv5/hard\libgcc.a(_udivmoddi4.o)
                0x000000000800d07c                __exidx_end = .
                0x000000000800d07c                . = ALIGN (0x4)

.rel.dyn        0x000000000800d07c        0x0
 .rel.iplt      0x000000000800d07c        0x0 q:/st/installed/stm32cubeide_1.1.0/stm32cubeide/plugins/com.st.stm32cube.ide.mcu.externaltools.gnu-tools-for-stm32.7-2018-q2-update.win32_1.0.0.201904181610/tools/bin/../lib/gcc/arm-none-eabi/7.3.1/thumb/v7e-m/fpv5/hard/crtbegin.o

.preinit_array  0x000000000800d07c        0x0
                0x000000000800d07c                . = ALIGN (0x4)
                0x000000000800d07c                PROVIDE (__preinit_array_start = .)
 *(.preinit_array*)
                0x000000000800d07c                PROVIDE (__preinit_array_end = .)
                0x000000000800d07c                . = ALIGN (0x4)

.init_array     0x000000000800d07c        0x4
                0x000000000800d07c                . = ALIGN (0x4)
                0x000000000800d07c                PROVIDE (__init_array_start = .)
 *(SORT_BY_NAME(.init_array.*))
 *(.init_array*)
 .init_array    0x000000000800d07c        0x4 q:/st/installed/stm32cubeide_1.1.0/stm32cubeide/plugins/com.st.stm32cube.ide.mcu.externaltools.gnu-tools-for-stm32.7-2018-q2-update.win32_1.0.0.201904181610/tools/bin/../lib/gcc/arm-none-eabi/7.3.1/thumb/v7e-m/fpv5/hard/crtbegin.o
                0x000000000800d080                PROVIDE (__init_array_end = .)
                0x000000000800d080                . = ALIGN (0x4)

.fini_array     0x000000000800d080        0x4
                0x000000000800d080                . = ALIGN (0x4)
                [!provide]                        PROVIDE (__fini_array_start = .)
 *(SORT_BY_NAME(.fini_array.*))
 *(.fini_array*)
 .fini_array    0x000000000800d080        0x4 q:/st/installed/stm32cubeide_1.1.0/stm32cubeide/plugins/com.st.stm32cube.ide.mcu.externaltools.gnu-tools-for-stm32.7-2018-q2-update.win32_1.0.0.201904181610/tools/bin/../lib/gcc/arm-none-eabi/7.3.1/thumb/v7e-m/fpv5/hard/crtbegin.o
                [!provide]                        PROVIDE (__fini_array_end = .)
                0x000000000800d084                . = ALIGN (0x4)
                0x000000000800d084                _sidata = LOADADDR (.data)

.data           0x0000000024000000       0x10 load address 0x000000000800d084
                0x0000000024000000                . = ALIGN (0x4)
                0x0000000024000000                _sdata = .
 *(.data)
 *(.data*)
 .data.SystemCoreClock
                0x0000000024000000        0x4 Core/Src/system_stm32h7xx.o
                0x0000000024000000                SystemCoreClock
 .data.SystemD2Clock
                0x0000000024000004        0x4 Core/Src/system_stm32h7xx.o
                0x0000000024000004                SystemD2Clock
 .data.uwTickPrio
                0x0000000024000008        0x4 Drivers/STM32H7xx_HAL_Driver/Src/stm32h7xx_hal.o
                0x0000000024000008                uwTickPrio
 .data.uwTickFreq
                0x000000002400000c        0x1 Drivers/STM32H7xx_HAL_Driver/Src/stm32h7xx_hal.o
                0x000000002400000c                uwTickFreq
                0x0000000024000010                . = ALIGN (0x4)
 *fill*         0x000000002400000d        0x3 
                0x0000000024000010                _edata = .

.igot.plt       0x0000000024000010        0x0 load address 0x000000000800d094
 .igot.plt      0x0000000024000010        0x0 q:/st/installed/stm32cubeide_1.1.0/stm32cubeide/plugins/com.st.stm32cube.ide.mcu.externaltools.gnu-tools-for-stm32.7-2018-q2-update.win32_1.0.0.201904181610/tools/bin/../lib/gcc/arm-none-eabi/7.3.1/thumb/v7e-m/fpv5/hard/crtbegin.o

.RxDecripSection
                0x0000000024000010       0x60 load address 0x000000000800d094
 .RxDecripSection
                0x0000000024000010       0x60 Core/Src/main.o
                0x0000000024000010                DMARxDscrTab

.TxDecripSection
                0x0000000024000070       0x60 load address 0x000000000800d0f4
 .TxDecripSection
                0x0000000024000070       0x60 Core/Src/main.o
                0x0000000024000070                DMATxDscrTab
                0x00000000240000d0                . = ALIGN (0x4)

.bss            0x00000000240000d0      0xde8 load address 0x000000000800d154
                0x00000000240000d0                _sbss = .
                0x00000000240000d0                __bss_start__ = _sbss
 *(.bss)
 .bss           0x00000000240000d0       0x1c q:/st/installed/stm32cubeide_1.1.0/stm32cubeide/plugins/com.st.stm32cube.ide.mcu.externaltools.gnu-tools-for-stm32.7-2018-q2-update.win32_1.0.0.201904181610/tools/bin/../lib/gcc/arm-none-eabi/7.3.1/thumb/v7e-m/fpv5/hard/crtbegin.o
 *(.bss*)
 .bss.DFSDM1_Init
                0x00000000240000ec        0x4 Core/Src/stm32h7xx_hal_msp.o
 .bss.FMC_Initialized
                0x00000000240000f0        0x4 Core/Src/stm32h7xx_hal_msp.o
 .bss.SAI1_client
                0x00000000240000f4        0x4 Core/Src/stm32h7xx_hal_msp.o
 .bss.v_dfsdm1ChannelCounter
                0x00000000240000f8        0x4 Drivers/STM32H7xx_HAL_Driver/Src/stm32h7xx_hal_dfsdm.o
 .bss.a_dfsdm1ChannelHandle
                0x00000000240000fc       0x20 Drivers/STM32H7xx_HAL_Driver/Src/stm32h7xx_hal_dfsdm.o
 .bss.uwNORMemoryDataWidth
                0x000000002400011c        0x4 Drivers/STM32H7xx_HAL_Driver/Src/stm32h7xx_hal_nor.o
 *(COMMON)
 COMMON         0x0000000024000120      0xd94 Core/Src/main.o
                0x0000000024000120                hdfsdm1_channel1
                0x0000000024000158                hpcd_USB_OTG_HS
                0x0000000024000560                hi2c1
                0x00000000240005ac                hpcd_USB_OTG_FS
                0x00000000240009b4                hsd1
                0x0000000024000a34                hltdc
                0x0000000024000adc                hsai_BlockB1
                0x0000000024000b74                hadc1
                0x0000000024000bd8                huart1
                0x0000000024000c64                hnor1
                0x0000000024000cac                hsram2
                0x0000000024000cf8                hsai_BlockA1
                0x0000000024000d90                hsdram1
                0x0000000024000dc4                heth
                0x0000000024000e34                TxConfig
                0x0000000024000e68                hqspi
 COMMON         0x0000000024000eb4        0x4 Drivers/STM32H7xx_HAL_Driver/Src/stm32h7xx_hal.o
                0x0000000024000eb4                uwTick
                0x0000000024000eb8                . = ALIGN (0x4)
                0x0000000024000eb8                _ebss = .
                0x0000000024000eb8                __bss_end__ = _ebss

._user_heap_stack
                0x0000000024000eb8      0x600 load address 0x000000000800d154
                0x0000000024000eb8                . = ALIGN (0x8)
                0x0000000024000eb8                PROVIDE (end = .)
                [!provide]                        PROVIDE (_end = .)
                0x00000000240010b8                . = (. + _Min_Heap_Size)
 *fill*         0x0000000024000eb8      0x200 
                0x00000000240014b8                . = (. + _Min_Stack_Size)
 *fill*         0x00000000240010b8      0x400 
                0x00000000240014b8                . = ALIGN (0x8)

/DISCARD/
 libc.a(*)
 libm.a(*)
 libgcc.a(*)

.ARM.attributes
                0x0000000000000000       0x2e
 *(.ARM.attributes)
 .ARM.attributes
                0x0000000000000000       0x20 q:/st/installed/stm32cubeide_1.1.0/stm32cubeide/plugins/com.st.stm32cube.ide.mcu.externaltools.gnu-tools-for-stm32.7-2018-q2-update.win32_1.0.0.201904181610/tools/bin/../lib/gcc/arm-none-eabi/7.3.1/thumb/v7e-m/fpv5/hard/crti.o
 .ARM.attributes
                0x0000000000000020       0x32 q:/st/installed/stm32cubeide_1.1.0/stm32cubeide/plugins/com.st.stm32cube.ide.mcu.externaltools.gnu-tools-for-stm32.7-2018-q2-update.win32_1.0.0.201904181610/tools/bin/../lib/gcc/arm-none-eabi/7.3.1/thumb/v7e-m/fpv5/hard/crtbegin.o
 .ARM.attributes
                0x0000000000000052       0x37 Core/Src/main.o
 .ARM.attributes
                0x0000000000000089       0x37 Core/Src/stm32h7xx_hal_msp.o
 .ARM.attributes
                0x00000000000000c0       0x37 Core/Src/stm32h7xx_it.o
 .ARM.attributes
                0x00000000000000f7       0x37 Core/Src/system_stm32h7xx.o
 .ARM.attributes
                0x000000000000012e       0x21 Core/Startup/startup_stm32h753xihx.o
 .ARM.attributes
                0x000000000000014f       0x37 Drivers/STM32H7xx_HAL_Driver/Src/stm32h7xx_hal.o
 .ARM.attributes
                0x0000000000000186       0x37 Drivers/STM32H7xx_HAL_Driver/Src/stm32h7xx_hal_adc.o
 .ARM.attributes
                0x00000000000001bd       0x37 Drivers/STM32H7xx_HAL_Driver/Src/stm32h7xx_hal_adc_ex.o
 .ARM.attributes
                0x00000000000001f4       0x37 Drivers/STM32H7xx_HAL_Driver/Src/stm32h7xx_hal_cortex.o
 .ARM.attributes
                0x000000000000022b       0x37 Drivers/STM32H7xx_HAL_Driver/Src/stm32h7xx_hal_dfsdm.o
 .ARM.attributes
                0x0000000000000262       0x37 Drivers/STM32H7xx_HAL_Driver/Src/stm32h7xx_hal_eth.o
 .ARM.attributes
                0x0000000000000299       0x37 Drivers/STM32H7xx_HAL_Driver/Src/stm32h7xx_hal_gpio.o
 .ARM.attributes
                0x00000000000002d0       0x37 Drivers/STM32H7xx_HAL_Driver/Src/stm32h7xx_hal_i2c.o
 .ARM.attributes
                0x0000000000000307       0x37 Drivers/STM32H7xx_HAL_Driver/Src/stm32h7xx_hal_i2c_ex.o
 .ARM.attributes
                0x000000000000033e       0x37 Drivers/STM32H7xx_HAL_Driver/Src/stm32h7xx_hal_ltdc.o
 .ARM.attributes
                0x0000000000000375       0x37 Drivers/STM32H7xx_HAL_Driver/Src/stm32h7xx_hal_nor.o
 .ARM.attributes
                0x00000000000003ac       0x37 Drivers/STM32H7xx_HAL_Driver/Src/stm32h7xx_hal_pcd.o
 .ARM.attributes
                0x00000000000003e3       0x37 Drivers/STM32H7xx_HAL_Driver/Src/stm32h7xx_hal_pcd_ex.o
 .ARM.attributes
                0x000000000000041a       0x37 Drivers/STM32H7xx_HAL_Driver/Src/stm32h7xx_hal_pwr_ex.o
 .ARM.attributes
                0x0000000000000451       0x37 Drivers/STM32H7xx_HAL_Driver/Src/stm32h7xx_hal_qspi.o
 .ARM.attributes
                0x0000000000000488       0x37 Drivers/STM32H7xx_HAL_Driver/Src/stm32h7xx_hal_rcc.o
 .ARM.attributes
                0x00000000000004bf       0x37 Drivers/STM32H7xx_HAL_Driver/Src/stm32h7xx_hal_rcc_ex.o
 .ARM.attributes
                0x00000000000004f6       0x37 Drivers/STM32H7xx_HAL_Driver/Src/stm32h7xx_hal_sai.o
 .ARM.attributes
                0x000000000000052d       0x37 Drivers/STM32H7xx_HAL_Driver/Src/stm32h7xx_hal_sd.o
 .ARM.attributes
                0x0000000000000564       0x37 Drivers/STM32H7xx_HAL_Driver/Src/stm32h7xx_hal_sdram.o
 .ARM.attributes
                0x000000000000059b       0x37 Drivers/STM32H7xx_HAL_Driver/Src/stm32h7xx_hal_sram.o
 .ARM.attributes
                0x00000000000005d2       0x37 Drivers/STM32H7xx_HAL_Driver/Src/stm32h7xx_hal_uart.o
 .ARM.attributes
                0x0000000000000609       0x37 Drivers/STM32H7xx_HAL_Driver/Src/stm32h7xx_hal_uart_ex.o
 .ARM.attributes
                0x0000000000000640       0x37 Drivers/STM32H7xx_HAL_Driver/Src/stm32h7xx_ll_fmc.o
 .ARM.attributes
                0x0000000000000677       0x37 Drivers/STM32H7xx_HAL_Driver/Src/stm32h7xx_ll_sdmmc.o
 .ARM.attributes
                0x00000000000006ae       0x37 Drivers/STM32H7xx_HAL_Driver/Src/stm32h7xx_ll_usb.o
 .ARM.attributes
                0x00000000000006e5       0x32 q:/st/installed/stm32cubeide_1.1.0/stm32cubeide/plugins/com.st.stm32cube.ide.mcu.externaltools.gnu-tools-for-stm32.7-2018-q2-update.win32_1.0.0.201904181610/tools/bin/../lib/gcc/arm-none-eabi/7.3.1/../../../../arm-none-eabi/lib/thumb/v7e-m/fpv5/hard\libc_nano.a(lib_a-init.o)
 .ARM.attributes
                0x0000000000000717       0x32 q:/st/installed/stm32cubeide_1.1.0/stm32cubeide/plugins/com.st.stm32cube.ide.mcu.externaltools.gnu-tools-for-stm32.7-2018-q2-update.win32_1.0.0.201904181610/tools/bin/../lib/gcc/arm-none-eabi/7.3.1/../../../../arm-none-eabi/lib/thumb/v7e-m/fpv5/hard\libc_nano.a(lib_a-memset.o)
 .ARM.attributes
                0x0000000000000749       0x20 q:/st/installed/stm32cubeide_1.1.0/stm32cubeide/plugins/com.st.stm32cube.ide.mcu.externaltools.gnu-tools-for-stm32.7-2018-q2-update.win32_1.0.0.201904181610/tools/bin/../lib/gcc/arm-none-eabi/7.3.1/thumb/v7e-m/fpv5/hard\libgcc.a(_aeabi_uldivmod.o)
 .ARM.attributes
                0x0000000000000769       0x32 q:/st/installed/stm32cubeide_1.1.0/stm32cubeide/plugins/com.st.stm32cube.ide.mcu.externaltools.gnu-tools-for-stm32.7-2018-q2-update.win32_1.0.0.201904181610/tools/bin/../lib/gcc/arm-none-eabi/7.3.1/thumb/v7e-m/fpv5/hard\libgcc.a(_udivmoddi4.o)
 .ARM.attributes
                0x000000000000079b       0x20 q:/st/installed/stm32cubeide_1.1.0/stm32cubeide/plugins/com.st.stm32cube.ide.mcu.externaltools.gnu-tools-for-stm32.7-2018-q2-update.win32_1.0.0.201904181610/tools/bin/../lib/gcc/arm-none-eabi/7.3.1/thumb/v7e-m/fpv5/hard\libgcc.a(_dvmd_tls.o)
 .ARM.attributes
                0x00000000000007bb       0x20 q:/st/installed/stm32cubeide_1.1.0/stm32cubeide/plugins/com.st.stm32cube.ide.mcu.externaltools.gnu-tools-for-stm32.7-2018-q2-update.win32_1.0.0.201904181610/tools/bin/../lib/gcc/arm-none-eabi/7.3.1/thumb/v7e-m/fpv5/hard/crtn.o
OUTPUT(Test1.elf elf32-littlearm)

.debug_info     0x0000000000000000    0x3a211
 .debug_info    0x0000000000000000     0x5003 Core/Src/main.o
 .debug_info    0x0000000000005003     0x4b87 Core/Src/stm32h7xx_hal_msp.o
 .debug_info    0x0000000000009b8a      0xb36 Core/Src/stm32h7xx_it.o
 .debug_info    0x000000000000a6c0     0x1322 Core/Src/system_stm32h7xx.o
 .debug_info    0x000000000000b9e2       0x22 Core/Startup/startup_stm32h753xihx.o
 .debug_info    0x000000000000ba04     0x1de6 Drivers/STM32H7xx_HAL_Driver/Src/stm32h7xx_hal.o
 .debug_info    0x000000000000d7ea     0x256c Drivers/STM32H7xx_HAL_Driver/Src/stm32h7xx_hal_adc.o
 .debug_info    0x000000000000fd56     0x2684 Drivers/STM32H7xx_HAL_Driver/Src/stm32h7xx_hal_adc_ex.o
 .debug_info    0x00000000000123da     0x1a7a Drivers/STM32H7xx_HAL_Driver/Src/stm32h7xx_hal_cortex.o
 .debug_info    0x0000000000013e54     0x2461 Drivers/STM32H7xx_HAL_Driver/Src/stm32h7xx_hal_dfsdm.o
 .debug_info    0x00000000000162b5     0x2efa Drivers/STM32H7xx_HAL_Driver/Src/stm32h7xx_hal_eth.o
 .debug_info    0x00000000000191af     0x1640 Drivers/STM32H7xx_HAL_Driver/Src/stm32h7xx_hal_gpio.o
 .debug_info    0x000000000001a7ef     0x2a0f Drivers/STM32H7xx_HAL_Driver/Src/stm32h7xx_hal_i2c.o
 .debug_info    0x000000000001d1fe     0x1714 Drivers/STM32H7xx_HAL_Driver/Src/stm32h7xx_hal_i2c_ex.o
 .debug_info    0x000000000001e912     0x1a0b Drivers/STM32H7xx_HAL_Driver/Src/stm32h7xx_hal_ltdc.o
 .debug_info    0x000000000002031d     0x15be Drivers/STM32H7xx_HAL_Driver/Src/stm32h7xx_hal_nor.o
 .debug_info    0x00000000000218db     0x1a8e Drivers/STM32H7xx_HAL_Driver/Src/stm32h7xx_hal_pcd.o
 .debug_info    0x0000000000023369     0x11f1 Drivers/STM32H7xx_HAL_Driver/Src/stm32h7xx_hal_pcd_ex.o
 .debug_info    0x000000000002455a     0x1746 Drivers/STM32H7xx_HAL_Driver/Src/stm32h7xx_hal_pwr_ex.o
 .debug_info    0x0000000000025ca0     0x1b92 Drivers/STM32H7xx_HAL_Driver/Src/stm32h7xx_hal_qspi.o
 .debug_info    0x0000000000027832     0x1760 Drivers/STM32H7xx_HAL_Driver/Src/stm32h7xx_hal_rcc.o
 .debug_info    0x0000000000028f92     0x18cf Drivers/STM32H7xx_HAL_Driver/Src/stm32h7xx_hal_rcc_ex.o
 .debug_info    0x000000000002a861     0x1c7e Drivers/STM32H7xx_HAL_Driver/Src/stm32h7xx_hal_sai.o
 .debug_info    0x000000000002c4df     0x219e Drivers/STM32H7xx_HAL_Driver/Src/stm32h7xx_hal_sd.o
 .debug_info    0x000000000002e67d     0x186c Drivers/STM32H7xx_HAL_Driver/Src/stm32h7xx_hal_sdram.o
 .debug_info    0x000000000002fee9     0x1704 Drivers/STM32H7xx_HAL_Driver/Src/stm32h7xx_hal_sram.o
 .debug_info    0x00000000000315ed     0x2478 Drivers/STM32H7xx_HAL_Driver/Src/stm32h7xx_hal_uart.o
 .debug_info    0x0000000000033a65     0x1483 Drivers/STM32H7xx_HAL_Driver/Src/stm32h7xx_hal_uart_ex.o
 .debug_info    0x0000000000034ee8     0x156a Drivers/STM32H7xx_HAL_Driver/Src/stm32h7xx_ll_fmc.o
 .debug_info    0x0000000000036452     0x1b43 Drivers/STM32H7xx_HAL_Driver/Src/stm32h7xx_ll_sdmmc.o
 .debug_info    0x0000000000037f95     0x227c Drivers/STM32H7xx_HAL_Driver/Src/stm32h7xx_ll_usb.o

.debug_abbrev   0x0000000000000000     0x50b4
 .debug_abbrev  0x0000000000000000      0x2c4 Core/Src/main.o
 .debug_abbrev  0x00000000000002c4      0x2d3 Core/Src/stm32h7xx_hal_msp.o
 .debug_abbrev  0x0000000000000597      0x1c9 Core/Src/stm32h7xx_it.o
 .debug_abbrev  0x0000000000000760      0x21f Core/Src/system_stm32h7xx.o
 .debug_abbrev  0x000000000000097f       0x12 Core/Startup/startup_stm32h753xihx.o
 .debug_abbrev  0x0000000000000991      0x2db Drivers/STM32H7xx_HAL_Driver/Src/stm32h7xx_hal.o
 .debug_abbrev  0x0000000000000c6c      0x2c8 Drivers/STM32H7xx_HAL_Driver/Src/stm32h7xx_hal_adc.o
 .debug_abbrev  0x0000000000000f34      0x306 Drivers/STM32H7xx_HAL_Driver/Src/stm32h7xx_hal_adc_ex.o
 .debug_abbrev  0x000000000000123a      0x3b5 Drivers/STM32H7xx_HAL_Driver/Src/stm32h7xx_hal_cortex.o
 .debug_abbrev  0x00000000000015ef      0x2b7 Drivers/STM32H7xx_HAL_Driver/Src/stm32h7xx_hal_dfsdm.o
 .debug_abbrev  0x00000000000018a6      0x2e2 Drivers/STM32H7xx_HAL_Driver/Src/stm32h7xx_hal_eth.o
 .debug_abbrev  0x0000000000001b88      0x28f Drivers/STM32H7xx_HAL_Driver/Src/stm32h7xx_hal_gpio.o
 .debug_abbrev  0x0000000000001e17      0x2ac Drivers/STM32H7xx_HAL_Driver/Src/stm32h7xx_hal_i2c.o
 .debug_abbrev  0x00000000000020c3      0x266 Drivers/STM32H7xx_HAL_Driver/Src/stm32h7xx_hal_i2c_ex.o
 .debug_abbrev  0x0000000000002329      0x2ad Drivers/STM32H7xx_HAL_Driver/Src/stm32h7xx_hal_ltdc.o
 .debug_abbrev  0x00000000000025d6      0x26e Drivers/STM32H7xx_HAL_Driver/Src/stm32h7xx_hal_nor.o
 .debug_abbrev  0x0000000000002844      0x2f4 Drivers/STM32H7xx_HAL_Driver/Src/stm32h7xx_hal_pcd.o
 .debug_abbrev  0x0000000000002b38      0x2a2 Drivers/STM32H7xx_HAL_Driver/Src/stm32h7xx_hal_pcd_ex.o
 .debug_abbrev  0x0000000000002dda      0x345 Drivers/STM32H7xx_HAL_Driver/Src/stm32h7xx_hal_pwr_ex.o
 .debug_abbrev  0x000000000000311f      0x2ac Drivers/STM32H7xx_HAL_Driver/Src/stm32h7xx_hal_qspi.o
 .debug_abbrev  0x00000000000033cb      0x2e2 Drivers/STM32H7xx_HAL_Driver/Src/stm32h7xx_hal_rcc.o
 .debug_abbrev  0x00000000000036ad      0x2c3 Drivers/STM32H7xx_HAL_Driver/Src/stm32h7xx_hal_rcc_ex.o
 .debug_abbrev  0x0000000000003970      0x2b3 Drivers/STM32H7xx_HAL_Driver/Src/stm32h7xx_hal_sai.o
 .debug_abbrev  0x0000000000003c23      0x2bf Drivers/STM32H7xx_HAL_Driver/Src/stm32h7xx_hal_sd.o
 .debug_abbrev  0x0000000000003ee2      0x28d Drivers/STM32H7xx_HAL_Driver/Src/stm32h7xx_hal_sdram.o
 .debug_abbrev  0x000000000000416f      0x259 Drivers/STM32H7xx_HAL_Driver/Src/stm32h7xx_hal_sram.o
 .debug_abbrev  0x00000000000043c8      0x2ae Drivers/STM32H7xx_HAL_Driver/Src/stm32h7xx_hal_uart.o
 .debug_abbrev  0x0000000000004676      0x26f Drivers/STM32H7xx_HAL_Driver/Src/stm32h7xx_hal_uart_ex.o
 .debug_abbrev  0x00000000000048e5      0x23f Drivers/STM32H7xx_HAL_Driver/Src/stm32h7xx_ll_fmc.o
 .debug_abbrev  0x0000000000004b24      0x286 Drivers/STM32H7xx_HAL_Driver/Src/stm32h7xx_ll_sdmmc.o
 .debug_abbrev  0x0000000000004daa      0x30a Drivers/STM32H7xx_HAL_Driver/Src/stm32h7xx_ll_usb.o

.debug_aranges  0x0000000000000000     0x2318
 .debug_aranges
                0x0000000000000000       0x98 Core/Src/main.o
 .debug_aranges
                0x0000000000000098      0x100 Core/Src/stm32h7xx_hal_msp.o
 .debug_aranges
                0x0000000000000198       0x60 Core/Src/stm32h7xx_it.o
 .debug_aranges
                0x00000000000001f8       0x28 Core/Src/system_stm32h7xx.o
 .debug_aranges
                0x0000000000000220       0x28 Core/Startup/startup_stm32h753xihx.o
 .debug_aranges
                0x0000000000000248      0x1b8 Drivers/STM32H7xx_HAL_Driver/Src/stm32h7xx_hal.o
 .debug_aranges
                0x0000000000000400      0x220 Drivers/STM32H7xx_HAL_Driver/Src/stm32h7xx_hal_adc.o
 .debug_aranges
                0x0000000000000620      0x1d8 Drivers/STM32H7xx_HAL_Driver/Src/stm32h7xx_hal_adc_ex.o
 .debug_aranges
                0x00000000000007f8      0x120 Drivers/STM32H7xx_HAL_Driver/Src/stm32h7xx_hal_cortex.o
 .debug_aranges
                0x0000000000000918      0x248 Drivers/STM32H7xx_HAL_Driver/Src/stm32h7xx_hal_dfsdm.o
 .debug_aranges
                0x0000000000000b60      0x1b0 Drivers/STM32H7xx_HAL_Driver/Src/stm32h7xx_hal_eth.o
 .debug_aranges
                0x0000000000000d10       0x58 Drivers/STM32H7xx_HAL_Driver/Src/stm32h7xx_hal_gpio.o
 .debug_aranges
                0x0000000000000d68      0x288 Drivers/STM32H7xx_HAL_Driver/Src/stm32h7xx_hal_i2c.o
 .debug_aranges
                0x0000000000000ff0       0x48 Drivers/STM32H7xx_HAL_Driver/Src/stm32h7xx_hal_i2c_ex.o
 .debug_aranges
                0x0000000000001038      0x158 Drivers/STM32H7xx_HAL_Driver/Src/stm32h7xx_hal_ltdc.o
 .debug_aranges
                0x0000000000001190       0xa8 Drivers/STM32H7xx_HAL_Driver/Src/stm32h7xx_hal_nor.o
 .debug_aranges
                0x0000000000001238      0x130 Drivers/STM32H7xx_HAL_Driver/Src/stm32h7xx_hal_pcd.o
 .debug_aranges
                0x0000000000001368       0x60 Drivers/STM32H7xx_HAL_Driver/Src/stm32h7xx_hal_pcd_ex.o
 .debug_aranges
                0x00000000000013c8      0x158 Drivers/STM32H7xx_HAL_Driver/Src/stm32h7xx_hal_pwr_ex.o
 .debug_aranges
                0x0000000000001520      0x148 Drivers/STM32H7xx_HAL_Driver/Src/stm32h7xx_hal_qspi.o
 .debug_aranges
                0x0000000000001668       0x88 Drivers/STM32H7xx_HAL_Driver/Src/stm32h7xx_hal_rcc.o
 .debug_aranges
                0x00000000000016f0       0xe0 Drivers/STM32H7xx_HAL_Driver/Src/stm32h7xx_hal_rcc_ex.o
 .debug_aranges
                0x00000000000017d0      0x178 Drivers/STM32H7xx_HAL_Driver/Src/stm32h7xx_hal_sai.o
 .debug_aranges
                0x0000000000001948      0x188 Drivers/STM32H7xx_HAL_Driver/Src/stm32h7xx_hal_sd.o
 .debug_aranges
                0x0000000000001ad0       0xe8 Drivers/STM32H7xx_HAL_Driver/Src/stm32h7xx_hal_sdram.o
 .debug_aranges
                0x0000000000001bb8       0xb8 Drivers/STM32H7xx_HAL_Driver/Src/stm32h7xx_hal_sram.o
 .debug_aranges
                0x0000000000001c70      0x230 Drivers/STM32H7xx_HAL_Driver/Src/stm32h7xx_hal_uart.o
 .debug_aranges
                0x0000000000001ea0       0x88 Drivers/STM32H7xx_HAL_Driver/Src/stm32h7xx_hal_uart_ex.o
 .debug_aranges
                0x0000000000001f28       0xc8 Drivers/STM32H7xx_HAL_Driver/Src/stm32h7xx_ll_fmc.o
 .debug_aranges
                0x0000000000001ff0      0x190 Drivers/STM32H7xx_HAL_Driver/Src/stm32h7xx_ll_sdmmc.o
 .debug_aranges
                0x0000000000002180      0x198 Drivers/STM32H7xx_HAL_Driver/Src/stm32h7xx_ll_usb.o

.debug_ranges   0x0000000000000000     0x2148
 .debug_ranges  0x0000000000000000       0x88 Core/Src/main.o
 .debug_ranges  0x0000000000000088       0xf0 Core/Src/stm32h7xx_hal_msp.o
 .debug_ranges  0x0000000000000178       0x50 Core/Src/stm32h7xx_it.o
 .debug_ranges  0x00000000000001c8       0x18 Core/Src/system_stm32h7xx.o
 .debug_ranges  0x00000000000001e0       0x20 Core/Startup/startup_stm32h753xihx.o
 .debug_ranges  0x0000000000000200      0x1a8 Drivers/STM32H7xx_HAL_Driver/Src/stm32h7xx_hal.o
 .debug_ranges  0x00000000000003a8      0x210 Drivers/STM32H7xx_HAL_Driver/Src/stm32h7xx_hal_adc.o
 .debug_ranges  0x00000000000005b8      0x1c8 Drivers/STM32H7xx_HAL_Driver/Src/stm32h7xx_hal_adc_ex.o
 .debug_ranges  0x0000000000000780      0x110 Drivers/STM32H7xx_HAL_Driver/Src/stm32h7xx_hal_cortex.o
 .debug_ranges  0x0000000000000890      0x238 Drivers/STM32H7xx_HAL_Driver/Src/stm32h7xx_hal_dfsdm.o
 .debug_ranges  0x0000000000000ac8      0x1a0 Drivers/STM32H7xx_HAL_Driver/Src/stm32h7xx_hal_eth.o
 .debug_ranges  0x0000000000000c68       0x48 Drivers/STM32H7xx_HAL_Driver/Src/stm32h7xx_hal_gpio.o
 .debug_ranges  0x0000000000000cb0      0x278 Drivers/STM32H7xx_HAL_Driver/Src/stm32h7xx_hal_i2c.o
 .debug_ranges  0x0000000000000f28       0x38 Drivers/STM32H7xx_HAL_Driver/Src/stm32h7xx_hal_i2c_ex.o
 .debug_ranges  0x0000000000000f60      0x148 Drivers/STM32H7xx_HAL_Driver/Src/stm32h7xx_hal_ltdc.o
 .debug_ranges  0x00000000000010a8       0x98 Drivers/STM32H7xx_HAL_Driver/Src/stm32h7xx_hal_nor.o
 .debug_ranges  0x0000000000001140      0x120 Drivers/STM32H7xx_HAL_Driver/Src/stm32h7xx_hal_pcd.o
 .debug_ranges  0x0000000000001260       0x50 Drivers/STM32H7xx_HAL_Driver/Src/stm32h7xx_hal_pcd_ex.o
 .debug_ranges  0x00000000000012b0      0x148 Drivers/STM32H7xx_HAL_Driver/Src/stm32h7xx_hal_pwr_ex.o
 .debug_ranges  0x00000000000013f8      0x138 Drivers/STM32H7xx_HAL_Driver/Src/stm32h7xx_hal_qspi.o
 .debug_ranges  0x0000000000001530       0x78 Drivers/STM32H7xx_HAL_Driver/Src/stm32h7xx_hal_rcc.o
 .debug_ranges  0x00000000000015a8       0xd0 Drivers/STM32H7xx_HAL_Driver/Src/stm32h7xx_hal_rcc_ex.o
 .debug_ranges  0x0000000000001678      0x180 Drivers/STM32H7xx_HAL_Driver/Src/stm32h7xx_hal_sai.o
 .debug_ranges  0x00000000000017f8      0x178 Drivers/STM32H7xx_HAL_Driver/Src/stm32h7xx_hal_sd.o
 .debug_ranges  0x0000000000001970       0xd8 Drivers/STM32H7xx_HAL_Driver/Src/stm32h7xx_hal_sdram.o
 .debug_ranges  0x0000000000001a48       0xa8 Drivers/STM32H7xx_HAL_Driver/Src/stm32h7xx_hal_sram.o
 .debug_ranges  0x0000000000001af0      0x220 Drivers/STM32H7xx_HAL_Driver/Src/stm32h7xx_hal_uart.o
 .debug_ranges  0x0000000000001d10       0x78 Drivers/STM32H7xx_HAL_Driver/Src/stm32h7xx_hal_uart_ex.o
 .debug_ranges  0x0000000000001d88       0xb8 Drivers/STM32H7xx_HAL_Driver/Src/stm32h7xx_ll_fmc.o
 .debug_ranges  0x0000000000001e40      0x180 Drivers/STM32H7xx_HAL_Driver/Src/stm32h7xx_ll_sdmmc.o
 .debug_ranges  0x0000000000001fc0      0x188 Drivers/STM32H7xx_HAL_Driver/Src/stm32h7xx_ll_usb.o

.debug_macro    0x0000000000000000    0x3e714
 .debug_macro   0x0000000000000000      0x3c2 Core/Src/main.o
 .debug_macro   0x00000000000003c2      0xa66 Core/Src/main.o
 .debug_macro   0x0000000000000e28      0x211 Core/Src/main.o
 .debug_macro   0x0000000000001039       0x2e Core/Src/main.o
 .debug_macro   0x0000000000001067       0x3b Core/Src/main.o
 .debug_macro   0x00000000000010a2       0x22 Core/Src/main.o
 .debug_macro   0x00000000000010c4       0x8e Core/Src/main.o
 .debug_macro   0x0000000000001152       0x51 Core/Src/main.o
 .debug_macro   0x00000000000011a3       0xef Core/Src/main.o
 .debug_macro   0x0000000000001292       0x6a Core/Src/main.o
 .debug_macro   0x00000000000012fc      0x1df Core/Src/main.o
 .debug_macro   0x00000000000014db       0x1c Core/Src/main.o
 .debug_macro   0x00000000000014f7       0x22 Core/Src/main.o
 .debug_macro   0x0000000000001519       0xdf Core/Src/main.o
 .debug_macro   0x00000000000015f8     0x12cd Core/Src/main.o
 .debug_macro   0x00000000000028c5      0x11f Core/Src/main.o
 .debug_macro   0x00000000000029e4       0x19 Core/Src/main.o
 .debug_macro   0x00000000000029fd    0x2566f Core/Src/main.o
 .debug_macro   0x000000000002806c       0x43 Core/Src/main.o
 .debug_macro   0x00000000000280af     0x3bd7 Core/Src/main.o
 .debug_macro   0x000000000002bc86      0x174 Core/Src/main.o
 .debug_macro   0x000000000002bdfa       0x46 Core/Src/main.o
 .debug_macro   0x000000000002be40       0x17 Core/Src/main.o
 .debug_macro   0x000000000002be57       0x3c Core/Src/main.o
 .debug_macro   0x000000000002be93       0x34 Core/Src/main.o
 .debug_macro   0x000000000002bec7       0x52 Core/Src/main.o
 .debug_macro   0x000000000002bf19       0x1f Core/Src/main.o
 .debug_macro   0x000000000002bf38       0x43 Core/Src/main.o
 .debug_macro   0x000000000002bf7b       0x20 Core/Src/main.o
 .debug_macro   0x000000000002bf9b      0x1a3 Core/Src/main.o
 .debug_macro   0x000000000002c13e      0x32a Core/Src/main.o
 .debug_macro   0x000000000002c468      0x1e1 Core/Src/main.o
 .debug_macro   0x000000000002c649       0x54 Core/Src/main.o
 .debug_macro   0x000000000002c69d     0x23dd Core/Src/main.o
 .debug_macro   0x000000000002ea7a      0xf3e Core/Src/main.o
 .debug_macro   0x000000000002f9b8      0x146 Core/Src/main.o
 .debug_macro   0x000000000002fafe      0x117 Core/Src/main.o
 .debug_macro   0x000000000002fc15      0x362 Core/Src/main.o
 .debug_macro   0x000000000002ff77       0x27 Core/Src/main.o
 .debug_macro   0x000000000002ff9e      0x72d Core/Src/main.o
 .debug_macro   0x00000000000306cb      0x229 Core/Src/main.o
 .debug_macro   0x00000000000308f4       0x66 Core/Src/main.o
 .debug_macro   0x000000000003095a      0x39f Core/Src/main.o
 .debug_macro   0x0000000000030cf9      0x2c6 Core/Src/main.o
 .debug_macro   0x0000000000030fbf      0xa59 Core/Src/main.o
 .debug_macro   0x0000000000031a18      0x129 Core/Src/main.o
 .debug_macro   0x0000000000031b41      0x3e5 Core/Src/main.o
 .debug_macro   0x0000000000031f26      0x275 Core/Src/main.o
 .debug_macro   0x000000000003219b     0x101a Core/Src/main.o
 .debug_macro   0x00000000000331b5      0x6b7 Core/Src/main.o
 .debug_macro   0x000000000003386c      0x36e Core/Src/main.o
 .debug_macro   0x0000000000033bda      0x3c6 Core/Src/main.o
 .debug_macro   0x0000000000033fa0      0x40f Core/Src/main.o
 .debug_macro   0x00000000000343af       0x51 Core/Src/main.o
 .debug_macro   0x0000000000034400       0x4a Core/Src/main.o
 .debug_macro   0x000000000003444a      0x536 Core/Src/main.o
 .debug_macro   0x0000000000034980       0x88 Core/Src/main.o
 .debug_macro   0x0000000000034a08      0x22c Core/Src/main.o
 .debug_macro   0x0000000000034c34       0x58 Core/Src/main.o
 .debug_macro   0x0000000000034c8c       0xa5 Core/Src/main.o
 .debug_macro   0x0000000000034d31      0x198 Core/Src/main.o
 .debug_macro   0x0000000000034ec9       0xd6 Core/Src/main.o
 .debug_macro   0x0000000000034f9f      0x165 Core/Src/main.o
 .debug_macro   0x0000000000035104      0x246 Core/Src/main.o
 .debug_macro   0x000000000003534a       0x35 Core/Src/main.o
 .debug_macro   0x000000000003537f      0x2d4 Core/Src/main.o
 .debug_macro   0x0000000000035653      0x3bb Core/Src/main.o
 .debug_macro   0x0000000000035a0e       0x10 Core/Src/main.o
 .debug_macro   0x0000000000035a1e       0xe4 Core/Src/main.o
 .debug_macro   0x0000000000035b02      0x814 Core/Src/main.o
 .debug_macro   0x0000000000036316       0x10 Core/Src/main.o
 .debug_macro   0x0000000000036326      0x1ce Core/Src/main.o
 .debug_macro   0x00000000000364f4       0x11 Core/Src/main.o
 .debug_macro   0x0000000000036505      0x662 Core/Src/main.o
 .debug_macro   0x0000000000036b67       0xa6 Core/Src/main.o
 .debug_macro   0x0000000000036c0d      0x225 Core/Src/main.o
 .debug_macro   0x0000000000036e32       0xd6 Core/Src/main.o
 .debug_macro   0x0000000000036f08      0x57c Core/Src/main.o
 .debug_macro   0x0000000000037484      0x857 Core/Src/main.o
 .debug_macro   0x0000000000037cdb       0x16 Core/Src/main.o
 .debug_macro   0x0000000000037cf1       0x35 Core/Src/main.o
 .debug_macro   0x0000000000037d26       0x20 Core/Src/main.o
 .debug_macro   0x0000000000037d46      0x392 Core/Src/stm32h7xx_hal_msp.o
 .debug_macro   0x00000000000380d8      0x39c Core/Src/stm32h7xx_it.o
 .debug_macro   0x0000000000038474      0x389 Core/Src/system_stm32h7xx.o
 .debug_macro   0x00000000000387fd      0x3ad Drivers/STM32H7xx_HAL_Driver/Src/stm32h7xx_hal.o
 .debug_macro   0x0000000000038baa      0x3a7 Drivers/STM32H7xx_HAL_Driver/Src/stm32h7xx_hal_adc.o
 .debug_macro   0x0000000000038f51      0x38f Drivers/STM32H7xx_HAL_Driver/Src/stm32h7xx_hal_adc_ex.o
 .debug_macro   0x00000000000392e0      0x383 Drivers/STM32H7xx_HAL_Driver/Src/stm32h7xx_hal_cortex.o
 .debug_macro   0x0000000000039663      0x3a7 Drivers/STM32H7xx_HAL_Driver/Src/stm32h7xx_hal_dfsdm.o
 .debug_macro   0x0000000000039a0a      0x410 Drivers/STM32H7xx_HAL_Driver/Src/stm32h7xx_hal_eth.o
 .debug_macro   0x0000000000039e1a      0x3bf Drivers/STM32H7xx_HAL_Driver/Src/stm32h7xx_hal_gpio.o
 .debug_macro   0x000000000003a1d9      0x448 Drivers/STM32H7xx_HAL_Driver/Src/stm32h7xx_hal_i2c.o
 .debug_macro   0x000000000003a621      0x383 Drivers/STM32H7xx_HAL_Driver/Src/stm32h7xx_hal_i2c_ex.o
 .debug_macro   0x000000000003a9a4      0x384 Drivers/STM32H7xx_HAL_Driver/Src/stm32h7xx_hal_ltdc.o
 .debug_macro   0x000000000003ad28      0x41d Drivers/STM32H7xx_HAL_Driver/Src/stm32h7xx_hal_nor.o
 .debug_macro   0x000000000003b145      0x38f Drivers/STM32H7xx_HAL_Driver/Src/stm32h7xx_hal_pcd.o
 .debug_macro   0x000000000003b4d4      0x383 Drivers/STM32H7xx_HAL_Driver/Src/stm32h7xx_hal_pcd_ex.o
 .debug_macro   0x000000000003b857      0x3b3 Drivers/STM32H7xx_HAL_Driver/Src/stm32h7xx_hal_pwr_ex.o
 .debug_macro   0x000000000003bc0a      0x3a7 Drivers/STM32H7xx_HAL_Driver/Src/stm32h7xx_hal_qspi.o
 .debug_macro   0x000000000003bfb1      0x3a7 Drivers/STM32H7xx_HAL_Driver/Src/stm32h7xx_hal_rcc.o
 .debug_macro   0x000000000003c358      0x3a1 Drivers/STM32H7xx_HAL_Driver/Src/stm32h7xx_hal_rcc_ex.o
 .debug_macro   0x000000000003c6f9      0x399 Drivers/STM32H7xx_HAL_Driver/Src/stm32h7xx_hal_sai.o
 .debug_macro   0x000000000003ca92      0x38b Drivers/STM32H7xx_HAL_Driver/Src/stm32h7xx_hal_sd.o
 .debug_macro   0x000000000003ce1d      0x383 Drivers/STM32H7xx_HAL_Driver/Src/stm32h7xx_hal_sdram.o
 .debug_macro   0x000000000003d1a0      0x383 Drivers/STM32H7xx_HAL_Driver/Src/stm32h7xx_hal_sram.o
 .debug_macro   0x000000000003d523      0x3ae Drivers/STM32H7xx_HAL_Driver/Src/stm32h7xx_hal_uart.o
 .debug_macro   0x000000000003d8d1      0x38f Drivers/STM32H7xx_HAL_Driver/Src/stm32h7xx_hal_uart_ex.o
 .debug_macro   0x000000000003dc60      0x3ad Drivers/STM32H7xx_HAL_Driver/Src/stm32h7xx_ll_fmc.o
 .debug_macro   0x000000000003e00d      0x384 Drivers/STM32H7xx_HAL_Driver/Src/stm32h7xx_ll_sdmmc.o
 .debug_macro   0x000000000003e391      0x383 Drivers/STM32H7xx_HAL_Driver/Src/stm32h7xx_ll_usb.o

.debug_line     0x0000000000000000    0x2035c
 .debug_line    0x0000000000000000      0xd78 Core/Src/main.o
 .debug_line    0x0000000000000d78      0xdcb Core/Src/stm32h7xx_hal_msp.o
 .debug_line    0x0000000000001b43      0xb03 Core/Src/stm32h7xx_it.o
 .debug_line    0x0000000000002646      0xa9f Core/Src/system_stm32h7xx.o
 .debug_line    0x00000000000030e5       0x85 Core/Startup/startup_stm32h753xihx.o
 .debug_line    0x000000000000316a      0xe5c Drivers/STM32H7xx_HAL_Driver/Src/stm32h7xx_hal.o
 .debug_line    0x0000000000003fc6     0x1a28 Drivers/STM32H7xx_HAL_Driver/Src/stm32h7xx_hal_adc.o
 .debug_line    0x00000000000059ee     0x17cd Drivers/STM32H7xx_HAL_Driver/Src/stm32h7xx_hal_adc_ex.o
 .debug_line    0x00000000000071bb      0xd9b Drivers/STM32H7xx_HAL_Driver/Src/stm32h7xx_hal_cortex.o
 .debug_line    0x0000000000007f56     0x14d7 Drivers/STM32H7xx_HAL_Driver/Src/stm32h7xx_hal_dfsdm.o
 .debug_line    0x000000000000942d     0x130b Drivers/STM32H7xx_HAL_Driver/Src/stm32h7xx_hal_eth.o
 .debug_line    0x000000000000a738      0xc56 Drivers/STM32H7xx_HAL_Driver/Src/stm32h7xx_hal_gpio.o
 .debug_line    0x000000000000b38e     0x206a Drivers/STM32H7xx_HAL_Driver/Src/stm32h7xx_hal_i2c.o
 .debug_line    0x000000000000d3f8      0xba3 Drivers/STM32H7xx_HAL_Driver/Src/stm32h7xx_hal_i2c_ex.o
 .debug_line    0x000000000000df9b     0x1336 Drivers/STM32H7xx_HAL_Driver/Src/stm32h7xx_hal_ltdc.o
 .debug_line    0x000000000000f2d1     0x12b3 Drivers/STM32H7xx_HAL_Driver/Src/stm32h7xx_hal_nor.o
 .debug_line    0x0000000000010584      0xfe0 Drivers/STM32H7xx_HAL_Driver/Src/stm32h7xx_hal_pcd.o
 .debug_line    0x0000000000011564      0xb4a Drivers/STM32H7xx_HAL_Driver/Src/stm32h7xx_hal_pcd_ex.o
 .debug_line    0x00000000000120ae      0xe16 Drivers/STM32H7xx_HAL_Driver/Src/stm32h7xx_hal_pwr_ex.o
 .debug_line    0x0000000000012ec4     0x1085 Drivers/STM32H7xx_HAL_Driver/Src/stm32h7xx_hal_qspi.o
 .debug_line    0x0000000000013f49      0xdd0 Drivers/STM32H7xx_HAL_Driver/Src/stm32h7xx_hal_rcc.o
 .debug_line    0x0000000000014d19     0x102e Drivers/STM32H7xx_HAL_Driver/Src/stm32h7xx_hal_rcc_ex.o
 .debug_line    0x0000000000015d47     0x134a Drivers/STM32H7xx_HAL_Driver/Src/stm32h7xx_hal_sai.o
 .debug_line    0x0000000000017091     0x14e7 Drivers/STM32H7xx_HAL_Driver/Src/stm32h7xx_hal_sd.o
 .debug_line    0x0000000000018578      0xe66 Drivers/STM32H7xx_HAL_Driver/Src/stm32h7xx_hal_sdram.o
 .debug_line    0x00000000000193de      0xe0d Drivers/STM32H7xx_HAL_Driver/Src/stm32h7xx_hal_sram.o
 .debug_line    0x000000000001a1eb     0x276e Drivers/STM32H7xx_HAL_Driver/Src/stm32h7xx_hal_uart.o
 .debug_line    0x000000000001c959      0xcce Drivers/STM32H7xx_HAL_Driver/Src/stm32h7xx_hal_uart_ex.o
 .debug_line    0x000000000001d627      0xc63 Drivers/STM32H7xx_HAL_Driver/Src/stm32h7xx_ll_fmc.o
 .debug_line    0x000000000001e28a      0xf4d Drivers/STM32H7xx_HAL_Driver/Src/stm32h7xx_ll_sdmmc.o
 .debug_line    0x000000000001f1d7     0x1185 Drivers/STM32H7xx_HAL_Driver/Src/stm32h7xx_ll_usb.o

.debug_str      0x0000000000000000   0x187714
 .debug_str     0x0000000000000000   0x17ca84 Core/Src/main.o
                                     0x17d5cf (size before relaxing)
 .debug_str     0x000000000017ca84      0x28d Core/Src/stm32h7xx_hal_msp.o
                                     0x17ce0d (size before relaxing)
 .debug_str     0x000000000017cd11       0xbd Core/Src/stm32h7xx_it.o
                                     0x17a376 (size before relaxing)
 .debug_str     0x000000000017cdce      0x1d3 Core/Src/system_stm32h7xx.o
                                     0x178a63 (size before relaxing)
 .debug_str     0x000000000017cfa1       0x36 Core/Startup/startup_stm32h753xihx.o
                                         0x56 (size before relaxing)
 .debug_str     0x000000000017cfd7      0xf6b Drivers/STM32H7xx_HAL_Driver/Src/stm32h7xx_hal.o
                                     0x179a33 (size before relaxing)
 .debug_str     0x000000000017df42      0xa1b Drivers/STM32H7xx_HAL_Driver/Src/stm32h7xx_hal_adc.o
                                     0x1797c7 (size before relaxing)
 .debug_str     0x000000000017e95d      0x883 Drivers/STM32H7xx_HAL_Driver/Src/stm32h7xx_hal_adc_ex.o
                                     0x1798ca (size before relaxing)
 .debug_str     0x000000000017f1e0      0x3a1 Drivers/STM32H7xx_HAL_Driver/Src/stm32h7xx_hal_cortex.o
                                     0x1794df (size before relaxing)
 .debug_str     0x000000000017f581      0xc03 Drivers/STM32H7xx_HAL_Driver/Src/stm32h7xx_hal_dfsdm.o