stm32h7xx_ll_fmc.c:194:20:FMC_NORSRAM_Init	24	static
stm32h7xx_ll_fmc.c:284:19:FMC_NORSRAM_DeInit	24	static
stm32h7xx_ll_fmc.c:320:19:FMC_NORSRAM_Timing_Init	32	static
stm32h7xx_ll_fmc.c:367:19:FMC_NORSRAM_Extended_Timing_Init	24	static
stm32h7xx_ll_fmc.c:429:19:FMC_NORSRAM_WriteOperation_Enable	16	static
stm32h7xx_ll_fmc.c:447:19:FMC_NORSRAM_WriteOperation_Disable	16	static
stm32h7xx_ll_fmc.c:517:19:FMC_NAND_Init	16	static
stm32h7xx_ll_fmc.c:549:19:FMC_NAND_CommonSpace_Timing_Init	24	static
stm32h7xx_ll_fmc.c:576:19:FMC_NAND_AttributeSpace_Timing_Init	24	static
stm32h7xx_ll_fmc.c:601:19:FMC_NAND_DeInit	16	static
stm32h7xx_ll_fmc.c:646:19:FMC_NAND_ECC_Enable	16	static
stm32h7xx_ll_fmc.c:665:19:FMC_NAND_ECC_Disable	16	static
stm32h7xx_ll_fmc.c:685:19:FMC_NAND_GetECC	32	static
stm32h7xx_ll_fmc.c:767:19:FMC_SDRAM_Init	16	static
stm32h7xx_ll_fmc.c:829:19:FMC_SDRAM_Timing_Init	24	static
stm32h7xx_ll_fmc.c:880:19:FMC_SDRAM_DeInit	16	static
stm32h7xx_ll_fmc.c:921:19:FMC_SDRAM_WriteProtection_Enable	16	static
stm32h7xx_ll_fmc.c:938:19:FMC_SDRAM_WriteProtection_Disable	16	static
stm32h7xx_ll_fmc.c:958:19:FMC_SDRAM_SendCommand	24	static
stm32h7xx_ll_fmc.c:983:19:FMC_SDRAM_ProgramRefreshRate	16	static
stm32h7xx_ll_fmc.c:1001:19:FMC_SDRAM_SetAutoRefreshNumber	16	static
stm32h7xx_ll_fmc.c:1022:10:FMC_SDRAM_GetModeStatus	24	static
