stm32h7xx_hal_sai.c:332:19:HAL_SAI_InitProtocol	32	static
stm32h7xx_hal_sai.c:371:19:HAL_SAI_Init	48	static
stm32h7xx_hal_sai.c:688:19:HAL_SAI_DeInit	24	static
stm32h7xx_hal_sai.c:761:13:HAL_SAI_MspInit	16	static
stm32h7xx_hal_sai.c:777:13:HAL_SAI_MspDeInit	16	static
stm32h7xx_hal_sai.c:1018:19:HAL_SAI_Transmit	32	static
stm32h7xx_hal_sai.c:1131:19:HAL_SAI_Receive	32	static
stm32h7xx_hal_sai.c:1241:19:HAL_SAI_Transmit_IT	24	static
stm32h7xx_hal_sai.c:1303:19:HAL_SAI_Receive_IT	24	static
stm32h7xx_hal_sai.c:1361:19:HAL_SAI_DMAPause	16	static
stm32h7xx_hal_sai.c:1381:19:HAL_SAI_DMAResume	16	static
stm32h7xx_hal_sai.c:1408:19:HAL_SAI_DMAStop	24	static
stm32h7xx_hal_sai.c:1470:19:HAL_SAI_Abort	24	static
stm32h7xx_hal_sai.c:1542:19:HAL_SAI_Transmit_DMA	32	static
stm32h7xx_hal_sai.c:1629:19:HAL_SAI_Receive_DMA	24	static
stm32h7xx_hal_sai.c:1698:19:HAL_SAI_EnableTxMuteMode	16	static
stm32h7xx_hal_sai.c:1717:19:HAL_SAI_DisableTxMuteMode	16	static
stm32h7xx_hal_sai.c:1735:19:HAL_SAI_EnableRxMuteMode	24	static
stm32h7xx_hal_sai.c:1758:19:HAL_SAI_DisableRxMuteMode	16	static
stm32h7xx_hal_sai.c:1777:6:HAL_SAI_IRQHandler	32	static
stm32h7xx_hal_sai.c:2041:13:HAL_SAI_TxCpltCallback	16	static
stm32h7xx_hal_sai.c:2057:13:HAL_SAI_TxHalfCpltCallback	16	static
stm32h7xx_hal_sai.c:2073:13:HAL_SAI_RxCpltCallback	16	static
stm32h7xx_hal_sai.c:2089:13:HAL_SAI_RxHalfCpltCallback	16	static
stm32h7xx_hal_sai.c:2105:13:HAL_SAI_ErrorCallback	16	static
stm32h7xx_hal_sai.c:2140:22:HAL_SAI_GetState	16	static
stm32h7xx_hal_sai.c:2151:10:HAL_SAI_GetError	16	static
stm32h7xx_hal_sai.c:2180:26:SAI_InitI2S	32	static
stm32h7xx_hal_sai.c:2279:26:SAI_InitPCM	32	static
stm32h7xx_hal_sai.c:2352:13:SAI_FillFifo	24	static
stm32h7xx_hal_sai.c:2395:17:SAI_InterruptFlag	24	static
stm32h7xx_hal_sai.c:2428:26:SAI_Disable	24	static
stm32h7xx_hal_sai.c:2459:13:SAI_Transmit_IT8Bit	16	static
stm32h7xx_hal_sai.c:2488:13:SAI_Transmit_IT16Bit	24	static
stm32h7xx_hal_sai.c:2521:13:SAI_Transmit_IT32Bit	24	static
stm32h7xx_hal_sai.c:2558:13:SAI_Receive_IT8Bit	16	static
stm32h7xx_hal_sai.c:2589:13:SAI_Receive_IT16Bit	24	static
stm32h7xx_hal_sai.c:2625:13:SAI_Receive_IT32Bit	24	static
stm32h7xx_hal_sai.c:2665:13:SAI_DMATxCplt	24	static
stm32h7xx_hal_sai.c:2694:13:SAI_DMATxHalfCplt	24	static
stm32h7xx_hal_sai.c:2711:13:SAI_DMARxCplt	24	static
stm32h7xx_hal_sai.c:2739:13:SAI_DMARxHalfCplt	24	static
stm32h7xx_hal_sai.c:2756:13:SAI_DMAError	24	static
stm32h7xx_hal_sai.c:2794:13:SAI_DMAAbort	24	static
