stm32h7xx_hal_sram.c:172:19:HAL_SRAM_Init	24	static
stm32h7xx_hal_sram.c:228:19:HAL_SRAM_DeInit	16	static
stm32h7xx_hal_sram.c:261:13:HAL_SRAM_MspInit	16	static
stm32h7xx_hal_sram.c:277:13:HAL_SRAM_MspDeInit	16	static
stm32h7xx_hal_sram.c:293:13:HAL_SRAM_DMA_XferCpltCallback	16	static
stm32h7xx_hal_sram.c:309:13:HAL_SRAM_DMA_XferErrorCallback	16	static
stm32h7xx_hal_sram.c:346:19:HAL_SRAM_Read_8b	40	static
stm32h7xx_hal_sram.c:393:19:HAL_SRAM_Write_8b	40	static
stm32h7xx_hal_sram.c:439:19:HAL_SRAM_Read_16b	40	static
stm32h7xx_hal_sram.c:498:19:HAL_SRAM_Write_16b	40	static
stm32h7xx_hal_sram.c:556:19:HAL_SRAM_Read_32b	40	static
stm32h7xx_hal_sram.c:603:19:HAL_SRAM_Write_32b	40	static
stm32h7xx_hal_sram.c:649:19:HAL_SRAM_Read_DMA	48	static
stm32h7xx_hal_sram.c:697:19:HAL_SRAM_Write_DMA	48	static
stm32h7xx_hal_sram.c:929:19:HAL_SRAM_WriteOperation_Enable	16	static
stm32h7xx_hal_sram.c:963:19:HAL_SRAM_WriteOperation_Disable	16	static
stm32h7xx_hal_sram.c:1016:23:HAL_SRAM_GetState	16	static
stm32h7xx_hal_sram.c:1037:13:SRAM_DMACplt	24	static
stm32h7xx_hal_sram.c:1059:13:SRAM_DMACpltProt	24	static
stm32h7xx_hal_sram.c:1081:13:SRAM_DMAError	24	static
