main.c:136:5:main	16	static
main.c:218:6:SystemClock_Config	312	static
main.c:317:13:MX_ADC1_Init	48	static
main.c:381:13:MX_DFSDM1_Init	8	static
main.c:419:13:MX_ETH_Init	8	static
main.c:465:13:MX_I2C1_Init	8	static
main.c:511:13:MX_LTDC_Init	64	static
main.c:580:13:MX_QUADSPI_Init	8	static
main.c:614:13:MX_SAI1_Init	8	static
main.c:695:13:MX_SDMMC1_SD_Init	8	static
main.c:727:13:MX_USART1_UART_Init	8	static
main.c:775:13:MX_USB_OTG_FS_PCD_Init	8	static
main.c:811:13:MX_USB_OTG_HS_PCD_Init	8	static
main.c:843:13:MX_FMC_Init	64	static
main.c:965:13:MX_GPIO_Init	72	static
main.c:1047:6:Error_Handler	4	static
