stm32h7xx_hal_msp.c:64:6:HAL_MspInit	16	static
stm32h7xx_hal_msp.c:85:6:HAL_ADC_MspInit	24	static
stm32h7xx_hal_msp.c:117:6:HAL_ADC_MspDeInit	16	static
stm32h7xx_hal_msp.c:141:6:HAL_DFSDM_ChannelMspInit	48	static
stm32h7xx_hal_msp.c:184:6:HAL_DFSDM_ChannelMspDeInit	16	static
stm32h7xx_hal_msp.c:214:6:HAL_ETH_MspInit	64	static
stm32h7xx_hal_msp.c:275:6:HAL_ETH_MspDeInit	16	static
stm32h7xx_hal_msp.c:317:6:HAL_I2C_MspInit	48	static
stm32h7xx_hal_msp.c:353:6:HAL_I2C_MspDeInit	16	static
stm32h7xx_hal_msp.c:382:6:HAL_LTDC_MspInit	56	static
stm32h7xx_hal_msp.c:469:6:HAL_LTDC_MspDeInit	16	static
stm32h7xx_hal_msp.c:535:6:HAL_QSPI_MspInit	56	static
stm32h7xx_hal_msp.c:617:6:HAL_QSPI_MspDeInit	16	static
stm32h7xx_hal_msp.c:660:6:HAL_SD_MspInit	56	static
stm32h7xx_hal_msp.c:728:6:HAL_SD_MspDeInit	16	static
stm32h7xx_hal_msp.c:770:6:HAL_UART_MspInit	48	static
stm32h7xx_hal_msp.c:806:6:HAL_UART_MspDeInit	16	static
stm32h7xx_hal_msp.c:835:6:HAL_PCD_MspInit	72	static
stm32h7xx_hal_msp.c:941:6:HAL_PCD_MspDeInit	16	static
stm32h7xx_hal_msp.c:1006:13:HAL_FMC_MspInit	32	static
stm32h7xx_hal_msp.c:1152:6:HAL_NOR_MspInit	16	static
stm32h7xx_hal_msp.c:1162:6:HAL_SRAM_MspInit	16	static
stm32h7xx_hal_msp.c:1172:6:HAL_SDRAM_MspInit	16	static
stm32h7xx_hal_msp.c:1184:13:HAL_FMC_MspDeInit	8	static
stm32h7xx_hal_msp.c:1297:6:HAL_NOR_MspDeInit	16	static
stm32h7xx_hal_msp.c:1307:6:HAL_SRAM_MspDeInit	16	static
stm32h7xx_hal_msp.c:1317:6:HAL_SDRAM_MspDeInit	16	static
stm32h7xx_hal_msp.c:1329:6:HAL_SAI_MspInit	48	static
stm32h7xx_hal_msp.c:1386:6:HAL_SAI_MspDeInit	16	static
