15:34:49 **** Incremental Build of configuration Debug for project Test1 ****
make -j4 all 
arm-none-eabi-gcc "../Core/Src/main.c" -mcpu=cortex-m7 -std=gnu11 -g3 -DUSE_HAL_DRIVER -DSTM32H753xx -DDEBUG -c -I../Drivers/CMSIS/Include -I../Core/Inc -I../Drivers/STM32H7xx_HAL_Driver/Inc/Legacy -I../Drivers/CMSIS/Device/ST/STM32H7xx/Include -I../Drivers/STM32H7xx_HAL_Driver/Inc -O0 -ffunction-sections -fdata-sections -Wall -fstack-usage -MMD -MP -MF"Core/Src/main.d" -MT"Core/Src/main.o" --specs=nano.specs -mfpu=fpv5-d16 -mfloat-abi=hard -mthumb -o "Core/Src/main.o"
../Core/Src/main.c: In function 'main':
../Core/Src/main.c:174:8: warning: variable 'b' set but not used [-Wunused-but-set-variable]
    int b = 0;
        ^
arm-none-eabi-g++ -o "Test1.elf" @"objects.list"   -mcpu=cortex-m7 -T"Q:\ST\CubeWorkspace\Test1\STM32H753XIHX_FLASH.ld" --specs=nosys.specs -Wl,-Map="Test1.map" -Wl,--gc-sections -static --specs=nano.specs -mfpu=fpv5-d16 -mfloat-abi=hard -mthumb -Wl,--start-group -lc -lm -lstdc++ -lsupc++ -Wl,--end-group
Finished building target: Test1.elf
 
arm-none-eabi-objdump -h -S  Test1.elf  > "Test1.list"
arm-none-eabi-size   Test1.elf 
   text	   data	    bss	    dec	    hex	filename
  53372	    216	   5096	  58684	   e53c	Test1.elf
Finished building: default.size.stdout
 
Finished building: Test1.list
 

15:34:52 Build Finished. 0 errors, 1 warnings. (took 2s.667ms)

