Archive member included to satisfy reference by file (symbol)

q:/st/installed/stm32cubeide_1.1.0/stm32cubeide/plugins/com.st.stm32cube.ide.mcu.externaltools.gnu-tools-for-stm32.7-2018-q2-update.win32_1.0.0.201904181610/tools/bin/../lib/gcc/arm-none-eabi/7.3.1/../../../../arm-none-eabi/lib/thumb/v7e-m/fpv5/hard\libc_nano.a(lib_a-errno.o)
                              Core/Src/syscalls.o (__errno)
q:/st/installed/stm32cubeide_1.1.0/stm32cubeide/plugins/com.st.stm32cube.ide.mcu.externaltools.gnu-tools-for-stm32.7-2018-q2-update.win32_1.0.0.201904181610/tools/bin/../lib/gcc/arm-none-eabi/7.3.1/../../../../arm-none-eabi/lib/thumb/v7e-m/fpv5/hard\libc_nano.a(lib_a-exit.o)
                              q:/st/installed/stm32cubeide_1.1.0/stm32cubeide/plugins/com.st.stm32cube.ide.mcu.externaltools.gnu-tools-for-stm32.7-2018-q2-update.win32_1.0.0.201904181610/tools/bin/../lib/gcc/arm-none-eabi/7.3.1/../../../../arm-none-eabi/lib/thumb/v7e-m/fpv5/hard/crt0.o (exit)
q:/st/installed/stm32cubeide_1.1.0/stm32cubeide/plugins/com.st.stm32cube.ide.mcu.externaltools.gnu-tools-for-stm32.7-2018-q2-update.win32_1.0.0.201904181610/tools/bin/../lib/gcc/arm-none-eabi/7.3.1/../../../../arm-none-eabi/lib/thumb/v7e-m/fpv5/hard\libc_nano.a(lib_a-impure.o)
                              q:/st/installed/stm32cubeide_1.1.0/stm32cubeide/plugins/com.st.stm32cube.ide.mcu.externaltools.gnu-tools-for-stm32.7-2018-q2-update.win32_1.0.0.201904181610/tools/bin/../lib/gcc/arm-none-eabi/7.3.1/../../../../arm-none-eabi/lib/thumb/v7e-m/fpv5/hard\libc_nano.a(lib_a-exit.o) (_global_impure_ptr)
q:/st/installed/stm32cubeide_1.1.0/stm32cubeide/plugins/com.st.stm32cube.ide.mcu.externaltools.gnu-tools-for-stm32.7-2018-q2-update.win32_1.0.0.201904181610/tools/bin/../lib/gcc/arm-none-eabi/7.3.1/../../../../arm-none-eabi/lib/thumb/v7e-m/fpv5/hard\libc_nano.a(lib_a-init.o)
                              q:/st/installed/stm32cubeide_1.1.0/stm32cubeide/plugins/com.st.stm32cube.ide.mcu.externaltools.gnu-tools-for-stm32.7-2018-q2-update.win32_1.0.0.201904181610/tools/bin/../lib/gcc/arm-none-eabi/7.3.1/../../../../arm-none-eabi/lib/thumb/v7e-m/fpv5/hard/crt0.o (__libc_init_array)
q:/st/installed/stm32cubeide_1.1.0/stm32cubeide/plugins/com.st.stm32cube.ide.mcu.externaltools.gnu-tools-for-stm32.7-2018-q2-update.win32_1.0.0.201904181610/tools/bin/../lib/gcc/arm-none-eabi/7.3.1/../../../../arm-none-eabi/lib/thumb/v7e-m/fpv5/hard\libc_nano.a(lib_a-memset.o)
                              q:/st/installed/stm32cubeide_1.1.0/stm32cubeide/plugins/com.st.stm32cube.ide.mcu.externaltools.gnu-tools-for-stm32.7-2018-q2-update.win32_1.0.0.201904181610/tools/bin/../lib/gcc/arm-none-eabi/7.3.1/../../../../arm-none-eabi/lib/thumb/v7e-m/fpv5/hard/crt0.o (memset)
q:/st/installed/stm32cubeide_1.1.0/stm32cubeide/plugins/com.st.stm32cube.ide.mcu.externaltools.gnu-tools-for-stm32.7-2018-q2-update.win32_1.0.0.201904181610/tools/bin/../lib/gcc/arm-none-eabi/7.3.1/thumb/v7e-m/fpv5/hard\libgcc.a(_aeabi_uldivmod.o)
                              Drivers/STM32H7xx_HAL_Driver/Src/stm32h7xx_hal_uart.o (__aeabi_uldivmod)
q:/st/installed/stm32cubeide_1.1.0/stm32cubeide/plugins/com.st.stm32cube.ide.mcu.externaltools.gnu-tools-for-stm32.7-2018-q2-update.win32_1.0.0.201904181610/tools/bin/../lib/gcc/arm-none-eabi/7.3.1/thumb/v7e-m/fpv5/hard\libgcc.a(_udivmoddi4.o)
                              q:/st/installed/stm32cubeide_1.1.0/stm32cubeide/plugins/com.st.stm32cube.ide.mcu.externaltools.gnu-tools-for-stm32.7-2018-q2-update.win32_1.0.0.201904181610/tools/bin/../lib/gcc/arm-none-eabi/7.3.1/thumb/v7e-m/fpv5/hard\libgcc.a(_aeabi_uldivmod.o) (__udivmoddi4)
q:/st/installed/stm32cubeide_1.1.0/stm32cubeide/plugins/com.st.stm32cube.ide.mcu.externaltools.gnu-tools-for-stm32.7-2018-q2-update.win32_1.0.0.201904181610/tools/bin/../lib/gcc/arm-none-eabi/7.3.1/thumb/v7e-m/fpv5/hard\libgcc.a(_dvmd_tls.o)
                              q:/st/installed/stm32cubeide_1.1.0/stm32cubeide/plugins/com.st.stm32cube.ide.mcu.externaltools.gnu-tools-for-stm32.7-2018-q2-update.win32_1.0.0.201904181610/tools/bin/../lib/gcc/arm-none-eabi/7.3.1/thumb/v7e-m/fpv5/hard\libgcc.a(_aeabi_uldivmod.o) (__aeabi_ldiv0)

Allocating common symbols
Common symbol       size              file

hdfsdm1_channel1    0x38              Core/Src/main.o
hpcd_USB_OTG_HS     0x408             Core/Src/main.o
hi2c1               0x4c              Core/Src/main.o
hpcd_USB_OTG_FS     0x408             Core/Src/main.o
hsd1                0x80              Core/Src/main.o
uwTick              0x4               Drivers/STM32H7xx_HAL_Driver/Src/stm32h7xx_hal.o
pFlash              0x1c              Drivers/STM32H7xx_HAL_Driver/Src/stm32h7xx_hal_flash.o
hltdc               0xa8              Core/Src/main.o
hsai_BlockB1        0x98              Core/Src/main.o
hadc1               0x64              Core/Src/main.o
huart1              0x8c              Core/Src/main.o
hnor1               0x48              Core/Src/main.o
[...]
Memory Configuration

Name             Origin             Length             Attributes
DTCMRAM          0x0000000020000000 0x0000000000020000 xrw
ITCMRAM          0x0000000000000000 0x0000000000010000 xrw
RAM_D1           0x0000000024000000 0x0000000000080000 xrw
RAM_D2           0x0000000030000000 0x0000000000048000 xrw
RAM_D3           0x0000000038000000 0x0000000000010000 xrw
FLASH            0x0000000008000000 0x0000000000200000 xr
*default*        0x0000000000000000 0xffffffffffffffff

Linker script and memory map

LOAD q:/st/installed/stm32cubeide_1.1.0/stm32cubeide/plugins/com.st.stm32cube.ide.mcu.externaltools.gnu-tools-for-stm32.7-2018-q2-update.win32_1.0.0.201904181610/tools/bin/../lib/gcc/arm-none-eabi/7.3.1/thumb/v7e-m/fpv5/hard/crti.o
LOAD q:/st/installed/stm32cubeide_1.1.0/stm32cubeide/plugins/com.st.stm32cube.ide.mcu.externaltools.gnu-tools-for-stm32.7-2018-q2-update.win32_1.0.0.201904181610/tools/bin/../lib/gcc/arm-none-eabi/7.3.1/thumb/v7e-m/fpv5/hard/crtbegin.o
LOAD q:/st/installed/stm32cubeide_1.1.0/stm32cubeide/plugins/com.st.stm32cube.ide.mcu.externaltools.gnu-tools-for-stm32.7-2018-q2-update.win32_1.0.0.201904181610/tools/bin/../lib/gcc/arm-none-eabi/7.3.1/../../../../arm-none-eabi/lib/thumb/v7e-m/fpv5/hard/crt0.o
LOAD Core/Src/main.o
LOAD Core/Src/stm32h7xx_hal_msp.o
LOAD Core/Src/stm32h7xx_it.o
LOAD Core/Src/syscalls.o
LOAD Core/Src/sysmem.o
LOAD Core/Src/system_stm32h7xx.o
LOAD Core/Startup/startup_stm32h753xihx.o
LOAD Drivers/STM32H7xx_HAL_Driver/Src/stm32h7xx_hal.o
LOAD Drivers/STM32H7xx_HAL_Driver/Src/stm32h7xx_hal_adc.o
LOAD Drivers/STM32H7xx_HAL_Driver/Src/stm32h7xx_hal_adc_ex.o
LOAD Drivers/STM32H7xx_HAL_Driver/Src/stm32h7xx_hal_cortex.o
LOAD Drivers/STM32H7xx_HAL_Driver/Src/stm32h7xx_hal_dfsdm.o
LOAD Drivers/STM32H7xx_HAL_Driver/Src/stm32h7xx_hal_dma.o
LOAD Drivers/STM32H7xx_HAL_Driver/Src/stm32h7xx_hal_dma_ex.o
LOAD Drivers/STM32H7xx_HAL_Driver/Src/stm32h7xx_hal_dsi.o
LOAD Drivers/STM32H7xx_HAL_Driver/Src/stm32h7xx_hal_eth.o
LOAD Drivers/STM32H7xx_HAL_Driver/Src/stm32h7xx_hal_eth_ex.o
LOAD Drivers/STM32H7xx_HAL_Driver/Src/stm32h7xx_hal_exti.o
LOAD Drivers/STM32H7xx_HAL_Driver/Src/stm32h7xx_hal_flash.o
LOAD Drivers/STM32H7xx_HAL_Driver/Src/stm32h7xx_hal_flash_ex.o
LOAD Drivers/STM32H7xx_HAL_Driver/Src/stm32h7xx_hal_gpio.o
LOAD Drivers/STM32H7xx_HAL_Driver/Src/stm32h7xx_hal_hsem.o
LOAD Drivers/STM32H7xx_HAL_Driver/Src/stm32h7xx_hal_i2c.o
LOAD Drivers/STM32H7xx_HAL_Driver/Src/stm32h7xx_hal_i2c_ex.o
LOAD Drivers/STM32H7xx_HAL_Driver/Src/stm32h7xx_hal_ltdc.o
LOAD Drivers/STM32H7xx_HAL_Driver/Src/stm32h7xx_hal_ltdc_ex.o
LOAD Drivers/STM32H7xx_HAL_Driver/Src/stm32h7xx_hal_mdma.o
LOAD Drivers/STM32H7xx_HAL_Driver/Src/stm32h7xx_hal_nor.o
LOAD Drivers/STM32H7xx_HAL_Driver/Src/stm32h7xx_hal_pcd.o
LOAD Drivers/STM32H7xx_HAL_Driver/Src/stm32h7xx_hal_pcd_ex.o
LOAD Drivers/STM32H7xx_HAL_Driver/Src/stm32h7xx_hal_pwr.o
LOAD Drivers/STM32H7xx_HAL_Driver/Src/stm32h7xx_hal_pwr_ex.o
LOAD Drivers/STM32H7xx_HAL_Driver/Src/stm32h7xx_hal_qspi.o
LOAD Drivers/STM32H7xx_HAL_Driver/Src/stm32h7xx_hal_rcc.o
LOAD Drivers/STM32H7xx_HAL_Driver/Src/stm32h7xx_hal_rcc_ex.o
LOAD Drivers/STM32H7xx_HAL_Driver/Src/stm32h7xx_hal_sai.o
LOAD Drivers/STM32H7xx_HAL_Driver/Src/stm32h7xx_hal_sai_ex.o
LOAD Drivers/STM32H7xx_HAL_Driver/Src/stm32h7xx_hal_sd.o
LOAD Drivers/STM32H7xx_HAL_Driver/Src/stm32h7xx_hal_sd_ex.o
LOAD Drivers/STM32H7xx_HAL_Driver/Src/stm32h7xx_hal_sdram.o
LOAD Drivers/STM32H7xx_HAL_Driver/Src/stm32h7xx_hal_sram.o
LOAD Drivers/STM32H7xx_HAL_Driver/Src/stm32h7xx_hal_tim.o
LOAD Drivers/STM32H7xx_HAL_Driver/Src/stm32h7xx_hal_tim_ex.o
LOAD Drivers/STM32H7xx_HAL_Driver/Src/stm32h7xx_hal_uart.o
LOAD Drivers/STM32H7xx_HAL_Driver/Src/stm32h7xx_hal_uart_ex.o
LOAD Drivers/STM32H7xx_HAL_Driver/Src/stm32h7xx_ll_delayblock.o
LOAD Drivers/STM32H7xx_HAL_Driver/Src/stm32h7xx_ll_fmc.o
LOAD Drivers/STM32H7xx_HAL_Driver/Src/stm32h7xx_ll_sdmmc.o
LOAD Drivers/STM32H7xx_HAL_Driver/Src/stm32h7xx_ll_usb.o
START GROUP
LOAD q:/st/installed/stm32cubeide_1.1.0/stm32cubeide/plugins/com.st.stm32cube.ide.mcu.externaltools.gnu-tools-for-stm32.7-2018-q2-update.win32_1.0.0.201904181610/tools/bin/../lib/gcc/arm-none-eabi/7.3.1/../../../../arm-none-eabi/lib/thumb/v7e-m/fpv5/hard\libc_nano.a
LOAD q:/st/installed/stm32cubeide_1.1.0/stm32cubeide/plugins/com.st.stm32cube.ide.mcu.externaltools.gnu-tools-for-stm32.7-2018-q2-update.win32_1.0.0.201904181610/tools/bin/../lib/gcc/arm-none-eabi/7.3.1/../../../../arm-none-eabi/lib/thumb/v7e-m/fpv5/hard\libm.a
END GROUP
START GROUP
LOAD q:/st/installed/stm32cubeide_1.1.0/stm32cubeide/plugins/com.st.stm32cube.ide.mcu.externaltools.gnu-tools-for-stm32.7-2018-q2-update.win32_1.0.0.201904181610/tools/bin/../lib/gcc/arm-none-eabi/7.3.1/thumb/v7e-m/fpv5/hard\libgcc.a
LOAD q:/st/installed/stm32cubeide_1.1.0/stm32cubeide/plugins/com.st.stm32cube.ide.mcu.externaltools.gnu-tools-for-stm32.7-2018-q2-update.win32_1.0.0.201904181610/tools/bin/../lib/gcc/arm-none-eabi/7.3.1/../../../../arm-none-eabi/lib/thumb/v7e-m/fpv5/hard\libc_nano.a
END GROUP
START GROUP
LOAD q:/st/installed/stm32cubeide_1.1.0/stm32cubeide/plugins/com.st.stm32cube.ide.mcu.externaltools.gnu-tools-for-stm32.7-2018-q2-update.win32_1.0.0.201904181610/tools/bin/../lib/gcc/arm-none-eabi/7.3.1/thumb/v7e-m/fpv5/hard\libgcc.a
LOAD q:/st/installed/stm32cubeide_1.1.0/stm32cubeide/plugins/com.st.stm32cube.ide.mcu.externaltools.gnu-tools-for-stm32.7-2018-q2-update.win32_1.0.0.201904181610/tools/bin/../lib/gcc/arm-none-eabi/7.3.1/../../../../arm-none-eabi/lib/thumb/v7e-m/fpv5/hard\libc_nano.a
LOAD q:/st/installed/stm32cubeide_1.1.0/stm32cubeide/plugins/com.st.stm32cube.ide.mcu.externaltools.gnu-tools-for-stm32.7-2018-q2-update.win32_1.0.0.201904181610/tools/bin/../lib/gcc/arm-none-eabi/7.3.1/../../../../arm-none-eabi/lib/thumb/v7e-m/fpv5/hard\libnosys.a
END GROUP
START GROUP
LOAD q:/st/installed/stm32cubeide_1.1.0/stm32cubeide/plugins/com.st.stm32cube.ide.mcu.externaltools.gnu-tools-for-stm32.7-2018-q2-update.win32_1.0.0.201904181610/tools/bin/../lib/gcc/arm-none-eabi/7.3.1/thumb/v7e-m/fpv5/hard\libgcc.a
LOAD q:/st/installed/stm32cubeide_1.1.0/stm32cubeide/plugins/com.st.stm32cube.ide.mcu.externaltools.gnu-tools-for-stm32.7-2018-q2-update.win32_1.0.0.201904181610/tools/bin/../lib/gcc/arm-none-eabi/7.3.1/../../../../arm-none-eabi/lib/thumb/v7e-m/fpv5/hard\libc_nano.a
LOAD q:/st/installed/stm32cubeide_1.1.0/stm32cubeide/plugins/com.st.stm32cube.ide.mcu.externaltools.gnu-tools-for-stm32.7-2018-q2-update.win32_1.0.0.201904181610/tools/bin/../lib/gcc/arm-none-eabi/7.3.1/../../../../arm-none-eabi/lib/thumb/v7e-m/fpv5/hard\libnosys.a
END GROUP
LOAD q:/st/installed/stm32cubeide_1.1.0/stm32cubeide/plugins/com.st.stm32cube.ide.mcu.externaltools.gnu-tools-for-stm32.7-2018-q2-update.win32_1.0.0.201904181610/tools/bin/../lib/gcc/arm-none-eabi/7.3.1/thumb/v7e-m/fpv5/hard/crtend.o
LOAD q:/st/installed/stm32cubeide_1.1.0/stm32cubeide/plugins/com.st.stm32cube.ide.mcu.externaltools.gnu-tools-for-stm32.7-2018-q2-update.win32_1.0.0.201904181610/tools/bin/../lib/gcc/arm-none-eabi/7.3.1/thumb/v7e-m/fpv5/hard/crtn.o
                0x0000000024080000                _estack = (ORIGIN (RAM_D1) + LENGTH (RAM_D1))
                0x0000000000000200                _Min_Heap_Size = 0x200
                0x0000000000000400                _Min_Stack_Size = 0x400

.isr_vector     0x0000000008000000      0x298
                0x0000000008000000                . = ALIGN (0x4)
 *(.isr_vector)
 .isr_vector    0x0000000008000000      0x298 Core/Startup/startup_stm32h753xihx.o
                0x0000000008000000                g_pfnVectors
                0x0000000008000298                . = ALIGN (0x4)

.text           0x0000000008000298     0xcd7c
                0x0000000008000298                . = ALIGN (0x4)
 *(.text)
 .text          0x0000000008000298       0x40 q:/st/installed/stm32cubeide_1.1.0/stm32cubeide/plugins/com.st.stm32cube.ide.mcu.externaltools.gnu-tools-for-stm32.7-2018-q2-update.win32_1.0.0.201904181610/tools/bin/../lib/gcc/arm-none-eabi/7.3.1/thumb/v7e-m/fpv5/hard/crtbegin.o
 .text          0x00000000080002d8       0x30 q:/st/installed/stm32cubeide_1.1.0/stm32cubeide/plugins/com.st.stm32cube.ide.mcu.externaltools.gnu-tools-for-stm32.7-2018-q2-update.win32_1.0.0.201904181610/tools/bin/../lib/gcc/arm-none-eabi/7.3.1/thumb/v7e-m/fpv5/hard\libgcc.a(_aeabi_uldivmod.o)
                0x00000000080002d8                __aeabi_uldivmod
 .text          0x0000000008000308      0x2cc q:/st/installed/stm32cubeide_1.1.0/stm32cubeide/plugins/com.st.stm32cube.ide.mcu.externaltools.gnu-tools-for-stm32.7-2018-q2-update.win32_1.0.0.201904181610/tools/bin/../lib/gcc/arm-none-eabi/7.3.1/thumb/v7e-m/fpv5/hard\libgcc.a(_udivmoddi4.o)
                0x0000000008000308                __udivmoddi4
 .text          0x00000000080005d4        0x4 q:/st/installed/stm32cubeide_1.1.0/stm32cubeide/plugins/com.st.stm32cube.ide.mcu.externaltools.gnu-tools-for-stm32.7-2018-q2-update.win32_1.0.0.201904181610/tools/bin/../lib/gcc/arm-none-eabi/7.3.1/thumb/v7e-m/fpv5/hard\libgcc.a(_dvmd_tls.o)
                0x00000000080005d4                __aeabi_idiv0
                0x00000000080005d4                __aeabi_ldiv0
 *(.text*)
 .text.main     0x00000000080005d8       0x6c Core/Src/main.o
                0x00000000080005d8                main
 .text.SystemClock_Config
                0x0000000008000644      0x25c Core/Src/main.o
                0x0000000008000644                SystemClock_Config
 .text.MX_ADC1_Init
                0x00000000080008a0       0xf0 Core/Src/main.o
 .text.MX_DFSDM1_Init
                0x0000000008000990       0x70 Core/Src/main.o
 .text.MX_ETH_Init
                0x0000000008000a00       0xa4 Core/Src/main.o
 .text.MX_I2C1_Init
                0x0000000008000aa4       0x80 Core/Src/main.o
 .text.MX_LTDC_Init
                0x0000000008000b24      0x114 Core/Src/main.o
 .text.MX_QUADSPI_Init
                0x0000000008000c38       0x50 Core/Src/main.o
 .text.MX_SAI1_Init
                0x0000000008000c88      0x17c Core/Src/main.o
 .text.MX_SDMMC1_SD_Init
                0x0000000008000e04       0x48 Core/Src/main.o
 .text.MX_USART1_UART_Init
                0x0000000008000e4c       0x98 Core/Src/main.o
 .text.MX_USB_OTG_FS_PCD_Init
                0x0000000008000ee4       0x64 Core/Src/main.o
 .text.MX_USB_OTG_HS_PCD_Init
                0x0000000008000f48       0x64 Core/Src/main.o
 .text.MX_FMC_Init
                0x0000000008000fac      0x1f8 Core/Src/main.o
 .text.MX_GPIO_Init
                0x00000000080011a4      0x258 Core/Src/main.o
 .text.Error_Handler
                0x00000000080013fc        0xe Core/Src/main.o
                0x00000000080013fc                Error_Handler
 *fill*         0x000000000800140a        0x2 
 .text.HAL_MspInit
                0x000000000800140c       0x34 Core/Src/stm32h7xx_hal_msp.o
                0x000000000800140c                HAL_MspInit
 .text.HAL_ADC_MspInit
                0x0000000008001440       0x78 Core/Src/stm32h7xx_hal_msp.o
                0x0000000008001440                HAL_ADC_MspInit
 .text.HAL_DFSDM_ChannelMspInit
                0x00000000080014b8       0xb0 Core/Src/stm32h7xx_hal_msp.o
                0x00000000080014b8                HAL_DFSDM_ChannelMspInit
 .text.HAL_ETH_MspInit
                0x0000000008001568      0x158 Core/Src/stm32h7xx_hal_msp.o
                0x0000000008001568                HAL_ETH_MspInit
 .text.HAL_I2C_MspInit
                0x00000000080016c0       0x94 Core/Src/stm32h7xx_hal_msp.o
                0x00000000080016c0                HAL_I2C_MspInit
 .text.HAL_LTDC_MspInit
                0x0000000008001754      0x11c Core/Src/stm32h7xx_hal_msp.o
                0x0000000008001754                HAL_LTDC_MspInit
 .text.HAL_QSPI_MspInit
                0x0000000008001870      0x1a0 Core/Src/stm32h7xx_hal_msp.o
                0x0000000008001870                HAL_QSPI_MspInit
 .text.HAL_SD_MspInit
                0x0000000008001a10      0x13c Core/Src/stm32h7xx_hal_msp.o
                0x0000000008001a10                HAL_SD_MspInit
 .text.HAL_UART_MspInit
                0x0000000008001b4c       0x94 Core/Src/stm32h7xx_hal_msp.o
                0x0000000008001b4c                HAL_UART_MspInit
 .text.HAL_PCD_MspInit
                0x0000000008001be0      0x22c Core/Src/stm32h7xx_hal_msp.o
                0x0000000008001be0                HAL_PCD_MspInit
 .text.HAL_FMC_MspInit
                0x0000000008001e0c      0x12c Core/Src/stm32h7xx_hal_msp.o
 .text.HAL_NOR_MspInit
                0x0000000008001f38       0x14 Core/Src/stm32h7xx_hal_msp.o
                0x0000000008001f38                HAL_NOR_MspInit
 .text.HAL_SRAM_MspInit
                0x0000000008001f4c       0x14 Core/Src/stm32h7xx_hal_msp.o
                0x0000000008001f4c                HAL_SRAM_MspInit
 .text.HAL_SDRAM_MspInit
                0x0000000008001f60       0x14 Core/Src/stm32h7xx_hal_msp.o
                0x0000000008001f60                HAL_SDRAM_MspInit
 .text.HAL_SAI_MspInit
                0x0000000008001f74       0xfc Core/Src/stm32h7xx_hal_msp.o
                0x0000000008001f74                HAL_SAI_MspInit
 .text.NMI_Handler
                0x0000000008002070        0xe Core/Src/stm32h7xx_it.o
                0x0000000008002070                NMI_Handler
 .text.HardFault_Handler
                0x000000000800207e        0x6 Core/Src/stm32h7xx_it.o
                0x000000000800207e                HardFault_Handler
 .text.MemManage_Handler
                0x0000000008002084        0x6 Core/Src/stm32h7xx_it.o
                0x0000000008002084                MemManage_Handler
 .text.BusFault_Handler
                0x000000000800208a        0x6 Core/Src/stm32h7xx_it.o
                0x000000000800208a                BusFault_Handler
 .text.UsageFault_Handler
                0x0000000008002090        0x6 Core/Src/stm32h7xx_it.o
                0x0000000008002090                UsageFault_Handler
 .text.SVC_Handler
                0x0000000008002096        0xe Core/Src/stm32h7xx_it.o
                0x0000000008002096                SVC_Handler
 .text.DebugMon_Handler
                0x00000000080020a4        0xe Core/Src/stm32h7xx_it.o
                0x00000000080020a4                DebugMon_Handler
 .text.PendSV_Handler
                0x00000000080020b2        0xe Core/Src/stm32h7xx_it.o
                0x00000000080020b2                PendSV_Handler
 .text.SysTick_Handler
                0x00000000080020c0        0xc Core/Src/stm32h7xx_it.o
                0x00000000080020c0                SysTick_Handler
 .text.SystemInit
                0x00000000080020cc       0xc4 Core/Src/system_stm32h7xx.o
                0x00000000080020cc                SystemInit
 .text.Reset_Handler
                0x0000000008002190       0x50 Core/Startup/startup_stm32h753xihx.o
                0x0000000008002190                Reset_Handler
 .text.Default_Handler
                0x00000000080021e0        0x2 Core/Startup/startup_stm32h753xihx.o
                0x00000000080021e0                RTC_Alarm_IRQHandler
                0x00000000080021e0                HASH_RNG_IRQHandler
                0x00000000080021e0                EXTI2_IRQHandler
                0x00000000080021e0                TIM8_CC_IRQHandler
                0x00000000080021e0                HRTIM1_Master_IRQHandler
                0x00000000080021e0                UART8_IRQHandler
                0x00000000080021e0                SPI4_IRQHandler
                0x00000000080021e0                TIM1_CC_IRQHandler
                0x00000000080021e0                BDMA_Channel6_IRQHandler
                0x00000000080021e0                DMA2_Stream5_IRQHandler
                0x00000000080021e0                HRTIM1_FLT_IRQHandler
                0x00000000080021e0                JPEG_IRQHandler
                0x00000000080021e0                DMA1_Stream5_IRQHandler
                0x00000000080021e0                BDMA_Channel1_IRQHandler
                0x00000000080021e0                HRTIM1_TIMD_IRQHandler
                0x00000000080021e0                TAMP_STAMP_IRQHandler
                0x00000000080021e0                EXTI3_IRQHandler
                0x00000000080021e0                LPTIM4_IRQHandler
                0x00000000080021e0                TIM8_TRG_COM_TIM14_IRQHandler
                0x00000000080021e0                LPTIM2_IRQHandler
                0x00000000080021e0                DFSDM1_FLT1_IRQHandler
                0x00000000080021e0                DMAMUX2_OVR_IRQHandler
                0x00000000080021e0                TIM8_UP_TIM13_IRQHandler
                0x00000000080021e0                I2C3_ER_IRQHandler
                0x00000000080021e0                DFSDM1_FLT2_IRQHandler
                0x00000000080021e0                MDMA_IRQHandler
                0x00000000080021e0                LPTIM3_IRQHandler
                0x00000000080021e0                HSEM1_IRQHandler
                0x00000000080021e0                EXTI0_IRQHandler
                0x00000000080021e0                I2C2_EV_IRQHandler
                0x00000000080021e0                DMA1_Stream2_IRQHandler
                0x00000000080021e0                FPU_IRQHandler
                0x00000000080021e0                OTG_HS_WKUP_IRQHandler
                0x00000000080021e0                FDCAN1_IT1_IRQHandler
                0x00000000080021e0                LTDC_ER_IRQHandler
                0x00000000080021e0                DMA2_Stream2_IRQHandler
                0x00000000080021e0                HRTIM1_TIME_IRQHandler
                0x00000000080021e0                SPI1_IRQHandler
                0x00000000080021e0                TIM6_DAC_IRQHandler
                0x00000000080021e0                DCMI_IRQHandler
                0x00000000080021e0                HRTIM1_TIMC_IRQHandler
                0x00000000080021e0                DMA2_Stream3_IRQHandler
                0x00000000080021e0                SAI2_IRQHandler
                0x00000000080021e0                DFSDM1_FLT3_IRQHandler
                0x00000000080021e0                USART6_IRQHandler
                0x00000000080021e0                TIM17_IRQHandler
                0x00000000080021e0                USART3_IRQHandler
                0x00000000080021e0                BDMA_Channel7_IRQHandler
                0x00000000080021e0                CRYP_IRQHandler
                0x00000000080021e0                LPTIM5_IRQHandler
                0x00000000080021e0                UART5_IRQHandler
                0x00000000080021e0                ADC3_IRQHandler
                0x00000000080021e0                DMA2_Stream0_IRQHandler
                0x00000000080021e0                TIM4_IRQHandler
                0x00000000080021e0                BDMA_Channel2_IRQHandler
                0x00000000080021e0                QUADSPI_IRQHandler
                0x00000000080021e0                I2C1_EV_IRQHandler
                0x00000000080021e0                DMA1_Stream6_IRQHandler
                0x00000000080021e0                DMAMUX1_OVR_IRQHandler
                0x00000000080021e0                DMA1_Stream1_IRQHandler
                0x00000000080021e0                TIM16_IRQHandler
                0x00000000080021e0                UART4_IRQHandler
                0x00000000080021e0                BDMA_Channel5_IRQHandler
                0x00000000080021e0                TIM3_IRQHandler
                0x00000000080021e0                RCC_IRQHandler
                0x00000000080021e0                TIM8_BRK_TIM12_IRQHandler
                0x00000000080021e0                TIM1_TRG_COM_IRQHandler
                0x00000000080021e0                Default_Handler
                0x00000000080021e0                ECC_IRQHandler
                0x00000000080021e0                CEC_IRQHandler
                0x00000000080021e0                EXTI15_10_IRQHandler
                0x00000000080021e0                BDMA_Channel0_IRQHandler
                0x00000000080021e0                ADC_IRQHandler
                0x00000000080021e0                DMA1_Stream7_IRQHandler
                0x00000000080021e0                HRTIM1_TIMA_IRQHandler
                0x00000000080021e0                SPI5_IRQHandler
                0x00000000080021e0                TIM7_IRQHandler
                0x00000000080021e0                SDMMC1_IRQHandler
                0x00000000080021e0                TIM5_IRQHandler
                0x00000000080021e0                DMA2_Stream7_IRQHandler
                0x00000000080021e0                TIM15_IRQHandler
                0x00000000080021e0                PVD_AVD_IRQHandler
                0x00000000080021e0                I2C3_EV_IRQHandler
                0x00000000080021e0                EXTI9_5_IRQHandler
                0x00000000080021e0                RTC_WKUP_IRQHandler
                0x00000000080021e0                LTDC_IRQHandler
                0x00000000080021e0                SAI3_IRQHandler
                0x00000000080021e0                ETH_WKUP_IRQHandler
                0x00000000080021e0                SPDIF_RX_IRQHandler
                0x00000000080021e0                SPI2_IRQHandler
                0x00000000080021e0                OTG_HS_EP1_IN_IRQHandler
                0x00000000080021e0                DMA1_Stream0_IRQHandler
                0x00000000080021e0                CRS_IRQHandler
                0x00000000080021e0                EXTI4_IRQHandler
                0x00000000080021e0                HRTIM1_TIMB_IRQHandler
                0x00000000080021e0                FDCAN2_IT1_IRQHandler
                0x00000000080021e0                ETH_IRQHandler
                0x00000000080021e0                TIM1_UP_IRQHandler
                0x00000000080021e0                BDMA_Channel4_IRQHandler
                0x00000000080021e0                OTG_HS_EP1_OUT_IRQHandler
                0x00000000080021e0                WWDG_IRQHandler
                0x00000000080021e0                SPI6_IRQHandler
                0x00000000080021e0                MDIOS_IRQHandler
                0x00000000080021e0                I2C4_EV_IRQHandler
                0x00000000080021e0                FDCAN2_IT0_IRQHandler
                0x00000000080021e0                LPUART1_IRQHandler
                0x00000000080021e0                FDCAN1_IT0_IRQHandler
                0x00000000080021e0                TIM2_IRQHandler
                0x00000000080021e0                OTG_FS_WKUP_IRQHandler
                0x00000000080021e0                OTG_HS_IRQHandler
                0x00000000080021e0                DMA2D_IRQHandler
                0x00000000080021e0                TIM1_BRK_IRQHandler
                0x00000000080021e0                EXTI1_IRQHandler
                0x00000000080021e0                SDMMC2_IRQHandler
                0x00000000080021e0                OTG_FS_EP1_OUT_IRQHandler
                0x00000000080021e0                BDMA_Channel3_IRQHandler
                0x00000000080021e0                UART7_IRQHandler
                0x00000000080021e0                MDIOS_WKUP_IRQHandler
                0x00000000080021e0                USART2_IRQHandler
                0x00000000080021e0                DFSDM1_FLT0_IRQHandler
                0x00000000080021e0                SAI4_IRQHandler
                0x00000000080021e0                I2C2_ER_IRQHandler
                0x00000000080021e0                DMA2_Stream1_IRQHandler
                0x00000000080021e0                FLASH_IRQHandler
                0x00000000080021e0                DMA2_Stream4_IRQHandler
                0x00000000080021e0                USART1_IRQHandler
                0x00000000080021e0                OTG_FS_IRQHandler
                0x00000000080021e0                SPI3_IRQHandler
                0x00000000080021e0                WAKEUP_PIN_IRQHandler
                0x00000000080021e0                DMA1_Stream4_IRQHandler
                0x00000000080021e0                OTG_FS_EP1_IN_IRQHandler
                0x00000000080021e0                I2C1_ER_IRQHandler
                0x00000000080021e0                FMC_IRQHandler
                0x00000000080021e0                FDCAN_CAL_IRQHandler
                0x00000000080021e0                SWPMI1_IRQHandler
                0x00000000080021e0                COMP1_IRQHandler
                0x00000000080021e0                LPTIM1_IRQHandler
                0x00000000080021e0                I2C4_ER_IRQHandler
                0x00000000080021e0                DMA2_Stream6_IRQHandler
                0x00000000080021e0                SAI1_IRQHandler
                0x00000000080021e0                DMA1_Stream3_IRQHandler
 *fill*         0x00000000080021e2        0x2 
 .text.HAL_Init
                0x00000000080021e4       0x70 Drivers/STM32H7xx_HAL_Driver/Src/stm32h7xx_hal.o
                0x00000000080021e4                HAL_Init
 .text.HAL_InitTick
                0x0000000008002254       0x6c Drivers/STM32H7xx_HAL_Driver/Src/stm32h7xx_hal.o
                0x0000000008002254                HAL_InitTick
 .text.HAL_IncTick
                0x00000000080022c0       0x28 Drivers/STM32H7xx_HAL_Driver/Src/stm32h7xx_hal.o
                0x00000000080022c0                HAL_IncTick
 .text.HAL_GetTick
                0x00000000080022e8       0x18 Drivers/STM32H7xx_HAL_Driver/Src/stm32h7xx_hal.o
                0x00000000080022e8                HAL_GetTick
 .text.HAL_Delay
                0x0000000008002300       0x44 Drivers/STM32H7xx_HAL_Driver/Src/stm32h7xx_hal.o
                0x0000000008002300                HAL_Delay
 .text.HAL_GetREVID
                0x0000000008002344       0x18 Drivers/STM32H7xx_HAL_Driver/Src/stm32h7xx_hal.o
                0x0000000008002344                HAL_GetREVID
 .text.HAL_SYSCFG_ETHInterfaceSelect
                0x000000000800235c       0x28 Drivers/STM32H7xx_HAL_Driver/Src/stm32h7xx_hal.o
                0x000000000800235c                HAL_SYSCFG_ETHInterfaceSelect
 .text.HAL_SYSCFG_AnalogSwitchConfig
                0x0000000008002384       0x2c Drivers/STM32H7xx_HAL_Driver/Src/stm32h7xx_hal.o
                0x0000000008002384                HAL_SYSCFG_AnalogSwitchConfig
 .text.LL_ADC_SetCommonClock
                0x00000000080023b0       0x26 Drivers/STM32H7xx_HAL_Driver/Src/stm32h7xx_hal_adc.o
 .text.LL_ADC_SetCommonPathInternalCh
                0x00000000080023d6       0x26 Drivers/STM32H7xx_HAL_Driver/Src/stm32h7xx_hal_adc.o
 .text.LL_ADC_GetCommonPathInternalCh
                0x00000000080023fc       0x1c Drivers/STM32H7xx_HAL_Driver/Src/stm32h7xx_hal_adc.o
 .text.LL_ADC_SetOffset
                0x0000000008002418       0x3a Drivers/STM32H7xx_HAL_Driver/Src/stm32h7xx_hal_adc.o
 .text.LL_ADC_SetDataRightShift
                0x0000000008002452       0x32 Drivers/STM32H7xx_HAL_Driver/Src/stm32h7xx_hal_adc.o
 .text.LL_ADC_SetOffsetSignedSaturation
                0x0000000008002484       0x30 Drivers/STM32H7xx_HAL_Driver/Src/stm32h7xx_hal_adc.o
 .text.LL_ADC_REG_SetSequencerRanks
                0x00000000080024b4       0x52 Drivers/STM32H7xx_HAL_Driver/Src/stm32h7xx_hal_adc.o
 .text.LL_ADC_SetChannelSamplingTime
                0x0000000008002506       0x50 Drivers/STM32H7xx_HAL_Driver/Src/stm32h7xx_hal_adc.o
 *fill*         0x0000000008002556        0x2 
 .text.LL_ADC_SetChannelSingleDiff
                0x0000000008002558       0x48 Drivers/STM32H7xx_HAL_Driver/Src/stm32h7xx_hal_adc.o
 .text.LL_ADC_DisableDeepPowerDown
                0x00000000080025a0       0x24 Drivers/STM32H7xx_HAL_Driver/Src/stm32h7xx_hal_adc.o
 .text.LL_ADC_IsDeepPowerDownEnabled
                0x00000000080025c4       0x28 Drivers/STM32H7xx_HAL_Driver/Src/stm32h7xx_hal_adc.o
 .text.LL_ADC_EnableInternalRegulator
                0x00000000080025ec       0x28 Drivers/STM32H7xx_HAL_Driver/Src/stm32h7xx_hal_adc.o
 .text.LL_ADC_IsInternalRegulatorEnabled
                0x0000000008002614       0x28 Drivers/STM32H7xx_HAL_Driver/Src/stm32h7xx_hal_adc.o
 .text.LL_ADC_IsEnabled
                0x000000000800263c       0x26 Drivers/STM32H7xx_HAL_Driver/Src/stm32h7xx_hal_adc.o
 .text.LL_ADC_REG_IsConversionOngoing
                0x0000000008002662       0x26 Drivers/STM32H7xx_HAL_Driver/Src/stm32h7xx_hal_adc.o
 .text.LL_ADC_INJ_IsConversionOngoing
                0x0000000008002688       0x26 Drivers/STM32H7xx_HAL_Driver/Src/stm32h7xx_hal_adc.o
 *fill*         0x00000000080026ae        0x2 
 .text.HAL_ADC_Init
                0x00000000080026b0      0x340 Drivers/STM32H7xx_HAL_Driver/Src/stm32h7xx_hal_adc.o
                0x00000000080026b0                HAL_ADC_Init
 .text.HAL_ADC_ConfigChannel
                0x00000000080029f0      0x628 Drivers/STM32H7xx_HAL_Driver/Src/stm32h7xx_hal_adc.o
                0x00000000080029f0                HAL_ADC_ConfigChannel
 .text.ADC_ConfigureBoostMode
                0x0000000008003018      0x200 Drivers/STM32H7xx_HAL_Driver/Src/stm32h7xx_hal_adc.o
                0x0000000008003018                ADC_ConfigureBoostMode
 .text.LL_ADC_IsEnabled
                0x0000000008003218       0x26 Drivers/STM32H7xx_HAL_Driver/Src/stm32h7xx_hal_adc_ex.o
 .text.LL_ADC_REG_IsConversionOngoing
                0x000000000800323e       0x26 Drivers/STM32H7xx_HAL_Driver/Src/stm32h7xx_hal_adc_ex.o
 .text.HAL_ADCEx_MultiModeConfigChannel
                0x0000000008003264      0x1b4 Drivers/STM32H7xx_HAL_Driver/Src/stm32h7xx_hal_adc_ex.o
                0x0000000008003264                HAL_ADCEx_MultiModeConfigChannel
 .text.__NVIC_SetPriorityGrouping
                0x0000000008003418       0x48 Drivers/STM32H7xx_HAL_Driver/Src/stm32h7xx_hal_cortex.o
 .text.__NVIC_GetPriorityGrouping
                0x0000000008003460       0x1c Drivers/STM32H7xx_HAL_Driver/Src/stm32h7xx_hal_cortex.o
 .text.__NVIC_SetPriority
                0x000000000800347c       0x54 Drivers/STM32H7xx_HAL_Driver/Src/stm32h7xx_hal_cortex.o
 .text.NVIC_EncodePriority
                0x00000000080034d0       0x66 Drivers/STM32H7xx_HAL_Driver/Src/stm32h7xx_hal_cortex.o
 *fill*         0x0000000008003536        0x2 
 .text.SysTick_Config
                0x0000000008003538       0x44 Drivers/STM32H7xx_HAL_Driver/Src/stm32h7xx_hal_cortex.o
 .text.HAL_NVIC_SetPriorityGrouping
                0x000000000800357c       0x16 Drivers/STM32H7xx_HAL_Driver/Src/stm32h7xx_hal_cortex.o
                0x000000000800357c                HAL_NVIC_SetPriorityGrouping
 .text.HAL_NVIC_SetPriority
                0x0000000008003592       0x34 Drivers/STM32H7xx_HAL_Driver/Src/stm32h7xx_hal_cortex.o
                0x0000000008003592                HAL_NVIC_SetPriority
 .text.HAL_SYSTICK_Config
                0x00000000080035c6       0x18 Drivers/STM32H7xx_HAL_Driver/Src/stm32h7xx_hal_cortex.o
                0x00000000080035c6                HAL_SYSTICK_Config
 *fill*         0x00000000080035de        0x2 
 .text.HAL_DFSDM_ChannelInit
                0x00000000080035e0      0x180 Drivers/STM32H7xx_HAL_Driver/Src/stm32h7xx_hal_dfsdm.o
                0x00000000080035e0                HAL_DFSDM_ChannelInit
 .text.DFSDM_GetChannelFromInstance
                0x0000000008003760       0xac Drivers/STM32H7xx_HAL_Driver/Src/stm32h7xx_hal_dfsdm.o
 .text.HAL_ETH_Init
                0x000000000800380c      0x1b4 Drivers/STM32H7xx_HAL_Driver/Src/stm32h7xx_hal_eth.o
                0x000000000800380c                HAL_ETH_Init
 .text.ETH_SetMACConfig
                0x00000000080039c0      0x238 Drivers/STM32H7xx_HAL_Driver/Src/stm32h7xx_hal_eth.o
 .text.ETH_SetDMAConfig
                0x0000000008003bf8      0x10c Drivers/STM32H7xx_HAL_Driver/Src/stm32h7xx_hal_eth.o
 .text.ETH_MACDMAConfig
                0x0000000008003d04      0x13a Drivers/STM32H7xx_HAL_Driver/Src/stm32h7xx_hal_eth.o
 *fill*         0x0000000008003e3e        0x2 
 .text.ETH_MAC_MDIO_ClkConfig
                0x0000000008003e40       0xb0 Drivers/STM32H7xx_HAL_Driver/Src/stm32h7xx_hal_eth.o
 .text.ETH_DMATxDescListInit
                0x0000000008003ef0       0x8e Drivers/STM32H7xx_HAL_Driver/Src/stm32h7xx_hal_eth.o
 .text.ETH_DMARxDescListInit
                0x0000000008003f7e       0xba Drivers/STM32H7xx_HAL_Driver/Src/stm32h7xx_hal_eth.o
 .text.HAL_GPIO_Init
                0x0000000008004038      0x360 Drivers/STM32H7xx_HAL_Driver/Src/stm32h7xx_hal_gpio.o
                0x0000000008004038                HAL_GPIO_Init
 .text.HAL_GPIO_WritePin
                0x0000000008004398       0x32 Drivers/STM32H7xx_HAL_Driver/Src/stm32h7xx_hal_gpio.o
                0x0000000008004398                HAL_GPIO_WritePin
 *fill*         0x00000000080043ca        0x2 
 .text.HAL_I2C_Init
                0x00000000080043cc      0x120 Drivers/STM32H7xx_HAL_Driver/Src/stm32h7xx_hal_i2c.o
                0x00000000080043cc                HAL_I2C_Init
 .text.HAL_I2CEx_ConfigAnalogFilter
                0x00000000080044ec       0x96 Drivers/STM32H7xx_HAL_Driver/Src/stm32h7xx_hal_i2c_ex.o
                0x00000000080044ec                HAL_I2CEx_ConfigAnalogFilter
 .text.HAL_I2CEx_ConfigDigitalFilter
                0x0000000008004582       0x98 Drivers/STM32H7xx_HAL_Driver/Src/stm32h7xx_hal_i2c_ex.o
                0x0000000008004582                HAL_I2CEx_ConfigDigitalFilter
 *fill*         0x000000000800461a        0x2 
 .text.HAL_LTDC_Init
                0x000000000800461c      0x1a0 Drivers/STM32H7xx_HAL_Driver/Src/stm32h7xx_hal_ltdc.o
                0x000000000800461c                HAL_LTDC_Init
 .text.HAL_LTDC_ConfigLayer
                0x00000000080047bc       0x7c Drivers/STM32H7xx_HAL_Driver/Src/stm32h7xx_hal_ltdc.o
                0x00000000080047bc                HAL_LTDC_ConfigLayer
 .text.LTDC_SetConfig
                0x0000000008004838      0x334 Drivers/STM32H7xx_HAL_Driver/Src/stm32h7xx_hal_ltdc.o
 .text.HAL_NOR_Init
                0x0000000008004b6c       0xbc Drivers/STM32H7xx_HAL_Driver/Src/stm32h7xx_hal_nor.o
                0x0000000008004b6c                HAL_NOR_Init
 .text.HAL_PCD_Init
                0x0000000008004c28      0x248 Drivers/STM32H7xx_HAL_Driver/Src/stm32h7xx_hal_pcd.o
                0x0000000008004c28                HAL_PCD_Init
 .text.HAL_PCDEx_ActivateLPM
                0x0000000008004e70       0x48 Drivers/STM32H7xx_HAL_Driver/Src/stm32h7xx_hal_pcd_ex.o
                0x0000000008004e70                HAL_PCDEx_ActivateLPM
 .text.HAL_PWREx_ConfigSupply
                0x0000000008004eb8       0x70 Drivers/STM32H7xx_HAL_Driver/Src/stm32h7xx_hal_pwr_ex.o
                0x0000000008004eb8                HAL_PWREx_ConfigSupply
 .text.HAL_PWREx_EnableUSBVoltageDetector
                0x0000000008004f28       0x20 Drivers/STM32H7xx_HAL_Driver/Src/stm32h7xx_hal_pwr_ex.o
                0x0000000008004f28                HAL_PWREx_EnableUSBVoltageDetector
 .text.HAL_QSPI_Init
                0x0000000008004f48      0x110 Drivers/STM32H7xx_HAL_Driver/Src/stm32h7xx_hal_qspi.o
                0x0000000008004f48                HAL_QSPI_Init
 .text.HAL_QSPI_SetTimeout
                0x0000000008005058       0x1c Drivers/STM32H7xx_HAL_Driver/Src/stm32h7xx_hal_qspi.o
                0x0000000008005058                HAL_QSPI_SetTimeout
 .text.QSPI_WaitFlagStateUntilTimeout
                0x0000000008005074       0x6e Drivers/STM32H7xx_HAL_Driver/Src/stm32h7xx_hal_qspi.o
 *fill*         0x00000000080050e2        0x2 
 .text.HAL_RCC_OscConfig
                0x00000000080050e4      0x770 Drivers/STM32H7xx_HAL_Driver/Src/stm32h7xx_hal_rcc.o
                0x00000000080050e4                HAL_RCC_OscConfig
 .text.HAL_RCC_ClockConfig
                0x0000000008005854      0x348 Drivers/STM32H7xx_HAL_Driver/Src/stm32h7xx_hal_rcc.o
                0x0000000008005854                HAL_RCC_ClockConfig
 .text.HAL_RCC_MCOConfig
                0x0000000008005b9c       0xd4 Drivers/STM32H7xx_HAL_Driver/Src/stm32h7xx_hal_rcc.o
                0x0000000008005b9c                HAL_RCC_MCOConfig
 .text.HAL_RCC_GetSysClockFreq
                0x0000000008005c70      0x2e4 Drivers/STM32H7xx_HAL_Driver/Src/stm32h7xx_hal_rcc.o
                0x0000000008005c70                HAL_RCC_GetSysClockFreq
 .text.HAL_RCC_GetHCLKFreq
                0x0000000008005f54       0x38 Drivers/STM32H7xx_HAL_Driver/Src/stm32h7xx_hal_rcc.o
                0x0000000008005f54                HAL_RCC_GetHCLKFreq
 .text.HAL_RCC_GetPCLK1Freq
                0x0000000008005f8c       0x2c Drivers/STM32H7xx_HAL_Driver/Src/stm32h7xx_hal_rcc.o
                0x0000000008005f8c                HAL_RCC_GetPCLK1Freq
 .text.HAL_RCC_GetPCLK2Freq
                0x0000000008005fb8       0x2c Drivers/STM32H7xx_HAL_Driver/Src/stm32h7xx_hal_rcc.o
                0x0000000008005fb8                HAL_RCC_GetPCLK2Freq
 .text.HAL_RCCEx_PeriphCLKConfig
                0x0000000008005fe4      0xde0 Drivers/STM32H7xx_HAL_Driver/Src/stm32h7xx_hal_rcc_ex.o
                0x0000000008005fe4                HAL_RCCEx_PeriphCLKConfig
 .text.HAL_RCCEx_GetPeriphCLKFreq
                0x0000000008006dc4      0x46c Drivers/STM32H7xx_HAL_Driver/Src/stm32h7xx_hal_rcc_ex.o
                0x0000000008006dc4                HAL_RCCEx_GetPeriphCLKFreq
 .text.HAL_RCCEx_GetD3PCLK1Freq
                0x0000000008007230       0x2c Drivers/STM32H7xx_HAL_Driver/Src/stm32h7xx_hal_rcc_ex.o
                0x0000000008007230                HAL_RCCEx_GetD3PCLK1Freq
 .text.HAL_RCCEx_GetPLL2ClockFreq
                0x000000000800725c      0x298 Drivers/STM32H7xx_HAL_Driver/Src/stm32h7xx_hal_rcc_ex.o
                0x000000000800725c                HAL_RCCEx_GetPLL2ClockFreq
 .text.HAL_RCCEx_GetPLL3ClockFreq
                0x00000000080074f4      0x298 Drivers/STM32H7xx_HAL_Driver/Src/stm32h7xx_hal_rcc_ex.o
                0x00000000080074f4                HAL_RCCEx_GetPLL3ClockFreq
 .text.HAL_RCCEx_GetPLL1ClockFreq
                0x000000000800778c      0x298 Drivers/STM32H7xx_HAL_Driver/Src/stm32h7xx_hal_rcc_ex.o
                0x000000000800778c                HAL_RCCEx_GetPLL1ClockFreq
 .text.HAL_RCCEx_GetD1SysClockFreq
                0x0000000008007a24       0x38 Drivers/STM32H7xx_HAL_Driver/Src/stm32h7xx_hal_rcc_ex.o
                0x0000000008007a24                HAL_RCCEx_GetD1SysClockFreq
 .text.RCCEx_PLL2_Config
                0x0000000008007a5c      0x164 Drivers/STM32H7xx_HAL_Driver/Src/stm32h7xx_hal_rcc_ex.o
 .text.RCCEx_PLL3_Config
                0x0000000008007bc0      0x164 Drivers/STM32H7xx_HAL_Driver/Src/stm32h7xx_hal_rcc_ex.o
 .text.HAL_SAI_Init
                0x0000000008007d24      0x4ec Drivers/STM32H7xx_HAL_Driver/Src/stm32h7xx_hal_sai.o
                0x0000000008007d24                HAL_SAI_Init
 .text.SAI_Disable
                0x0000000008008210       0x68 Drivers/STM32H7xx_HAL_Driver/Src/stm32h7xx_hal_sai.o
 .text.HAL_SD_Init
                0x0000000008008278      0x114 Drivers/STM32H7xx_HAL_Driver/Src/stm32h7xx_hal_sd.o
                0x0000000008008278                HAL_SD_Init
 .text.HAL_SD_InitCard
                0x000000000800838c      0x110 Drivers/STM32H7xx_HAL_Driver/Src/stm32h7xx_hal_sd.o
                0x000000000800838c                HAL_SD_InitCard
 .text.HAL_SD_DriveTransceiver_1_8V_Callback
                0x000000000800849c       0x16 Drivers/STM32H7xx_HAL_Driver/Src/stm32h7xx_hal_sd.o
                0x000000000800849c                HAL_SD_DriveTransceiver_1_8V_Callback
 *fill*         0x00000000080084b2        0x2 
 .text.HAL_SD_GetCardCSD
                0x00000000080084b4      0x348 Drivers/STM32H7xx_HAL_Driver/Src/stm32h7xx_hal_sd.o
                0x00000000080084b4                HAL_SD_GetCardCSD
 .text.HAL_SD_GetCardStatus
                0x00000000080087fc      0x130 Drivers/STM32H7xx_HAL_Driver/Src/stm32h7xx_hal_sd.o
                0x00000000080087fc                HAL_SD_GetCardStatus
 .text.HAL_SD_ConfigWideBusOperation
                0x000000000800892c      0x120 Drivers/STM32H7xx_HAL_Driver/Src/stm32h7xx_hal_sd.o
                0x000000000800892c                HAL_SD_ConfigWideBusOperation
 .text.HAL_SD_GetCardState
                0x0000000008008a4c       0x40 Drivers/STM32H7xx_HAL_Driver/Src/stm32h7xx_hal_sd.o
                0x0000000008008a4c                HAL_SD_GetCardState
 .text.SD_InitCard
                0x0000000008008a8c      0x17c Drivers/STM32H7xx_HAL_Driver/Src/stm32h7xx_hal_sd.o
 .text.SD_PowerON
                0x0000000008008c08      0x21c Drivers/STM32H7xx_HAL_Driver/Src/stm32h7xx_hal_sd.o
 .text.SD_SendSDStatus
                0x0000000008008e24      0x1a0 Drivers/STM32H7xx_HAL_Driver/Src/stm32h7xx_hal_sd.o
 .text.SD_SendStatus
                0x0000000008008fc4       0x50 Drivers/STM32H7xx_HAL_Driver/Src/stm32h7xx_hal_sd.o
 .text.SD_WideBus_Enable
                0x0000000008009014       0x96 Drivers/STM32H7xx_HAL_Driver/Src/stm32h7xx_hal_sd.o
 .text.SD_WideBus_Disable
                0x00000000080090aa       0x96 Drivers/STM32H7xx_HAL_Driver/Src/stm32h7xx_hal_sd.o
 .text.SD_FindSCR
                0x0000000008009140      0x1a0 Drivers/STM32H7xx_HAL_Driver/Src/stm32h7xx_hal_sd.o
 .text.HAL_SDRAM_Init
                0x00000000080092e0       0x78 Drivers/STM32H7xx_HAL_Driver/Src/stm32h7xx_hal_sdram.o
                0x00000000080092e0                HAL_SDRAM_Init
 .text.HAL_SRAM_Init
                0x0000000008009358       0xa0 Drivers/STM32H7xx_HAL_Driver/Src/stm32h7xx_hal_sram.o
                0x0000000008009358                HAL_SRAM_Init
 .text.HAL_UART_Init
                0x00000000080093f8       0xa0 Drivers/STM32H7xx_HAL_Driver/Src/stm32h7xx_hal_uart.o
                0x00000000080093f8                HAL_UART_Init
 .text.UART_SetConfig
                0x0000000008009498     0x22fc Drivers/STM32H7xx_HAL_Driver/Src/stm32h7xx_hal_uart.o
                0x0000000008009498                UART_SetConfig
 .text.UART_AdvFeatureConfig
                0x000000000800b794      0x144 Drivers/STM32H7xx_HAL_Driver/Src/stm32h7xx_hal_uart.o
                0x000000000800b794                UART_AdvFeatureConfig
 .text.UART_CheckIdleState
                0x000000000800b8d8       0x90 Drivers/STM32H7xx_HAL_Driver/Src/stm32h7xx_hal_uart.o
                0x000000000800b8d8                UART_CheckIdleState
 .text.UART_WaitOnFlagUntilTimeout
                0x000000000800b968      0x100 Drivers/STM32H7xx_HAL_Driver/Src/stm32h7xx_hal_uart.o
                0x000000000800b968                UART_WaitOnFlagUntilTimeout
 .text.HAL_UARTEx_DisableFifoMode
                0x000000000800ba68       0x72 Drivers/STM32H7xx_HAL_Driver/Src/stm32h7xx_hal_uart_ex.o
                0x000000000800ba68                HAL_UARTEx_DisableFifoMode
 .text.HAL_UARTEx_SetTxFifoThreshold
                0x000000000800bada       0x7c Drivers/STM32H7xx_HAL_Driver/Src/stm32h7xx_hal_uart_ex.o
                0x000000000800bada                HAL_UARTEx_SetTxFifoThreshold
 .text.HAL_UARTEx_SetRxFifoThreshold
                0x000000000800bb56       0x7c Drivers/STM32H7xx_HAL_Driver/Src/stm32h7xx_hal_uart_ex.o
                0x000000000800bb56                HAL_UARTEx_SetRxFifoThreshold
 *fill*         0x000000000800bbd2        0x2 
 .text.UARTEx_SetNbDataToProcess
                0x000000000800bbd4       0xd0 Drivers/STM32H7xx_HAL_Driver/Src/stm32h7xx_hal_uart_ex.o
 .text.FMC_NORSRAM_Init
                0x000000000800bca4       0xf0 Drivers/STM32H7xx_HAL_Driver/Src/stm32h7xx_ll_fmc.o
                0x000000000800bca4                FMC_NORSRAM_Init
 .text.FMC_NORSRAM_Timing_Init
                0x000000000800bd94       0xa0 Drivers/STM32H7xx_HAL_Driver/Src/stm32h7xx_ll_fmc.o
                0x000000000800bd94                FMC_NORSRAM_Timing_Init
 .text.FMC_NORSRAM_Extended_Timing_Init
                0x000000000800be34       0x70 Drivers/STM32H7xx_HAL_Driver/Src/stm32h7xx_ll_fmc.o
                0x000000000800be34                FMC_NORSRAM_Extended_Timing_Init
 .text.FMC_SDRAM_Init
                0x000000000800bea4       0xb8 Drivers/STM32H7xx_HAL_Driver/Src/stm32h7xx_ll_fmc.o
                0x000000000800bea4                FMC_SDRAM_Init
 .text.FMC_SDRAM_Timing_Init
                0x000000000800bf5c       0xd4 Drivers/STM32H7xx_HAL_Driver/Src/stm32h7xx_ll_fmc.o
                0x000000000800bf5c                FMC_SDRAM_Timing_Init
 .text.SDMMC_Init
                0x000000000800c030       0x54 Drivers/STM32H7xx_HAL_Driver/Src/stm32h7xx_ll_sdmmc.o
                0x000000000800c030                SDMMC_Init
 .text.SDMMC_ReadFIFO
                0x000000000800c084       0x1a Drivers/STM32H7xx_HAL_Driver/Src/stm32h7xx_ll_sdmmc.o
                0x000000000800c084                SDMMC_ReadFIFO
 .text.SDMMC_PowerState_ON
                0x000000000800c09e       0x22 Drivers/STM32H7xx_HAL_Driver/Src/stm32h7xx_ll_sdmmc.o
                0x000000000800c09e                SDMMC_PowerState_ON
 .text.SDMMC_GetPowerState
                0x000000000800c0c0       0x1c Drivers/STM32H7xx_HAL_Driver/Src/stm32h7xx_ll_sdmmc.o
                0x000000000800c0c0                SDMMC_GetPowerState
 .text.SDMMC_SendCommand
                0x000000000800c0dc       0x54 Drivers/STM32H7xx_HAL_Driver/Src/stm32h7xx_ll_sdmmc.o
                0x000000000800c0dc                SDMMC_SendCommand
 .text.SDMMC_GetCommandResponse
                0x000000000800c130       0x1a Drivers/STM32H7xx_HAL_Driver/Src/stm32h7xx_ll_sdmmc.o
                0x000000000800c130                SDMMC_GetCommandResponse
 .text.SDMMC_GetResponse
                0x000000000800c14a       0x26 Drivers/STM32H7xx_HAL_Driver/Src/stm32h7xx_ll_sdmmc.o
                0x000000000800c14a                SDMMC_GetResponse
 .text.SDMMC_ConfigData
                0x000000000800c170       0x58 Drivers/STM32H7xx_HAL_Driver/Src/stm32h7xx_ll_sdmmc.o
                0x000000000800c170                SDMMC_ConfigData
 .text.SDMMC_CmdBlockLength
                0x000000000800c1c8       0x46 Drivers/STM32H7xx_HAL_Driver/Src/stm32h7xx_ll_sdmmc.o
                0x000000000800c1c8                SDMMC_CmdBlockLength
 .text.SDMMC_CmdSelDesel
                0x000000000800c20e       0x48 Drivers/STM32H7xx_HAL_Driver/Src/stm32h7xx_ll_sdmmc.o
                0x000000000800c20e                SDMMC_CmdSelDesel
 .text.SDMMC_CmdGoIdleState
                0x000000000800c256       0x3c Drivers/STM32H7xx_HAL_Driver/Src/stm32h7xx_ll_sdmmc.o
                0x000000000800c256                SDMMC_CmdGoIdleState
 .text.SDMMC_CmdOperCond
                0x000000000800c292       0x40 Drivers/STM32H7xx_HAL_Driver/Src/stm32h7xx_ll_sdmmc.o
                0x000000000800c292                SDMMC_CmdOperCond
 .text.SDMMC_CmdAppCommand
                0x000000000800c2d2       0x46 Drivers/STM32H7xx_HAL_Driver/Src/stm32h7xx_ll_sdmmc.o
                0x000000000800c2d2                SDMMC_CmdAppCommand
 .text.SDMMC_CmdAppOperCommand
                0x000000000800c318       0x40 Drivers/STM32H7xx_HAL_Driver/Src/stm32h7xx_ll_sdmmc.o
                0x000000000800c318                SDMMC_CmdAppOperCommand
 .text.SDMMC_CmdBusWidth
                0x000000000800c358       0x46 Drivers/STM32H7xx_HAL_Driver/Src/stm32h7xx_ll_sdmmc.o
                0x000000000800c358                SDMMC_CmdBusWidth
 .text.SDMMC_CmdSendSCR
                0x000000000800c39e       0x44 Drivers/STM32H7xx_HAL_Driver/Src/stm32h7xx_ll_sdmmc.o
                0x000000000800c39e                SDMMC_CmdSendSCR
 .text.SDMMC_CmdSendCID
                0x000000000800c3e2       0x3e Drivers/STM32H7xx_HAL_Driver/Src/stm32h7xx_ll_sdmmc.o
                0x000000000800c3e2                SDMMC_CmdSendCID
 .text.SDMMC_CmdSendCSD
                0x000000000800c420       0x40 Drivers/STM32H7xx_HAL_Driver/Src/stm32h7xx_ll_sdmmc.o
                0x000000000800c420                SDMMC_CmdSendCSD
 .text.SDMMC_CmdSetRelAdd
                0x000000000800c460       0x44 Drivers/STM32H7xx_HAL_Driver/Src/stm32h7xx_ll_sdmmc.o
                0x000000000800c460                SDMMC_CmdSetRelAdd
 .text.SDMMC_CmdSendStatus
                0x000000000800c4a4       0x46 Drivers/STM32H7xx_HAL_Driver/Src/stm32h7xx_ll_sdmmc.o
                0x000000000800c4a4                SDMMC_CmdSendStatus
 .text.SDMMC_CmdStatusRegister
                0x000000000800c4ea       0x44 Drivers/STM32H7xx_HAL_Driver/Src/stm32h7xx_ll_sdmmc.o
                0x000000000800c4ea                SDMMC_CmdStatusRegister
 .text.SDMMC_CmdVoltageSwitch
                0x000000000800c52e       0x44 Drivers/STM32H7xx_HAL_Driver/Src/stm32h7xx_ll_sdmmc.o
                0x000000000800c52e                SDMMC_CmdVoltageSwitch
 *fill*         0x000000000800c572        0x2 
 .text.SDMMC_GetCmdError
                0x000000000800c574       0x54 Drivers/STM32H7xx_HAL_Driver/Src/stm32h7xx_ll_sdmmc.o
 .text.SDMMC_GetCmdResp1
                0x000000000800c5c8      0x1e0 Drivers/STM32H7xx_HAL_Driver/Src/stm32h7xx_ll_sdmmc.o
 .text.SDMMC_GetCmdResp2
                0x000000000800c7a8       0x90 Drivers/STM32H7xx_HAL_Driver/Src/stm32h7xx_ll_sdmmc.o
 .text.SDMMC_GetCmdResp3
                0x000000000800c838       0x78 Drivers/STM32H7xx_HAL_Driver/Src/stm32h7xx_ll_sdmmc.o
 .text.SDMMC_GetCmdResp6
                0x000000000800c8b0       0xec Drivers/STM32H7xx_HAL_Driver/Src/stm32h7xx_ll_sdmmc.o
 .text.SDMMC_GetCmdResp7
                0x000000000800c99c       0x98 Drivers/STM32H7xx_HAL_Driver/Src/stm32h7xx_ll_sdmmc.o
 .text.USB_CoreInit
                0x000000000800ca34       0xc4 Drivers/STM32H7xx_HAL_Driver/Src/stm32h7xx_ll_usb.o
                0x000000000800ca34                USB_CoreInit
 .text.USB_DisableGlobalInt
                0x000000000800caf8       0x22 Drivers/STM32H7xx_HAL_Driver/Src/stm32h7xx_ll_usb.o
                0x000000000800caf8                USB_DisableGlobalInt
 .text.USB_SetCurrentMode
                0x000000000800cb1a       0x54 Drivers/STM32H7xx_HAL_Driver/Src/stm32h7xx_ll_usb.o
                0x000000000800cb1a                USB_SetCurrentMode
 *fill*         0x000000000800cb6e        0x2 
 .text.USB_DevInit
                0x000000000800cb70      0x2d8 Drivers/STM32H7xx_HAL_Driver/Src/stm32h7xx_ll_usb.o
                0x000000000800cb70                USB_DevInit
 .text.USB_FlushTxFifo
                0x000000000800ce48       0x4c Drivers/STM32H7xx_HAL_Driver/Src/stm32h7xx_ll_usb.o
                0x000000000800ce48                USB_FlushTxFifo
 .text.USB_FlushRxFifo
                0x000000000800ce94       0x44 Drivers/STM32H7xx_HAL_Driver/Src/stm32h7xx_ll_usb.o
                0x000000000800ce94                USB_FlushRxFifo
 .text.USB_SetDevSpeed
                0x000000000800ced8       0x32 Drivers/STM32H7xx_HAL_Driver/Src/stm32h7xx_ll_usb.o
                0x000000000800ced8                USB_SetDevSpeed
 .text.USB_DevDisconnect
                0x000000000800cf0a       0x30 Drivers/STM32H7xx_HAL_Driver/Src/stm32h7xx_ll_usb.o
                0x000000000800cf0a                USB_DevDisconnect
 *fill*         0x000000000800cf3a        0x2 
 .text.USB_CoreReset
                0x000000000800cf3c       0x68 Drivers/STM32H7xx_HAL_Driver/Src/stm32h7xx_ll_usb.o
 .text.__libc_init_array
                0x000000000800cfa4       0x48 q:/st/installed/stm32cubeide_1.1.0/stm32cubeide/plugins/com.st.stm32cube.ide.mcu.externaltools.gnu-tools-for-stm32.7-2018-q2-update.win32_1.0.0.201904181610/tools/bin/../lib/gcc/arm-none-eabi/7.3.1/../../../../arm-none-eabi/lib/thumb/v7e-m/fpv5/hard\libc_nano.a(lib_a-init.o)
                0x000000000800cfa4                __libc_init_array
 .text.memset   0x000000000800cfec       0x10 q:/st/installed/stm32cubeide_1.1.0/stm32cubeide/plugins/com.st.stm32cube.ide.mcu.externaltools.gnu-tools-for-stm32.7-2018-q2-update.win32_1.0.0.201904181610/tools/bin/../lib/gcc/arm-none-eabi/7.3.1/../../../../arm-none-eabi/lib/thumb/v7e-m/fpv5/hard\libc_nano.a(lib_a-memset.o)
                0x000000000800cfec                memset
 *(.glue_7)
 .glue_7        0x000000000800cffc        0x0 linker stubs
 *(.glue_7t)
 .glue_7t       0x000000000800cffc        0x0 linker stubs
 *(.eh_frame)
 .eh_frame      0x000000000800cffc        0x0 q:/st/installed/stm32cubeide_1.1.0/stm32cubeide/plugins/com.st.stm32cube.ide.mcu.externaltools.gnu-tools-for-stm32.7-2018-q2-update.win32_1.0.0.201904181610/tools/bin/../lib/gcc/arm-none-eabi/7.3.1/thumb/v7e-m/fpv5/hard/crtbegin.o
 *(.init)
 .init          0x000000000800cffc        0x4 q:/st/installed/stm32cubeide_1.1.0/stm32cubeide/plugins/com.st.stm32cube.ide.mcu.externaltools.gnu-tools-for-stm32.7-2018-q2-update.win32_1.0.0.201904181610/tools/bin/../lib/gcc/arm-none-eabi/7.3.1/thumb/v7e-m/fpv5/hard/crti.o
                0x000000000800cffc                _init
 .init          0x000000000800d000        0x8 q:/st/installed/stm32cubeide_1.1.0/stm32cubeide/plugins/com.st.stm32cube.ide.mcu.externaltools.gnu-tools-for-stm32.7-2018-q2-update.win32_1.0.0.201904181610/tools/bin/../lib/gcc/arm-none-eabi/7.3.1/thumb/v7e-m/fpv5/hard/crtn.o
 *(.fini)
 .fini          0x000000000800d008        0x4 q:/st/installed/stm32cubeide_1.1.0/stm32cubeide/plugins/com.st.stm32cube.ide.mcu.externaltools.gnu-tools-for-stm32.7-2018-q2-update.win32_1.0.0.201904181610/tools/bin/../lib/gcc/arm-none-eabi/7.3.1/thumb/v7e-m/fpv5/hard/crti.o
                0x000000000800d008                _fini
 .fini          0x000000000800d00c        0x8 q:/st/installed/stm32cubeide_1.1.0/stm32cubeide/plugins/com.st.stm32cube.ide.mcu.externaltools.gnu-tools-for-stm32.7-2018-q2-update.win32_1.0.0.201904181610/tools/bin/../lib/gcc/arm-none-eabi/7.3.1/thumb/v7e-m/fpv5/hard/crtn.o
                0x000000000800d014                . = ALIGN (0x4)
                0x000000000800d014                _etext = .

.vfp11_veneer   0x000000000800d014        0x0
 .vfp11_veneer  0x000000000800d014        0x0 linker stubs

.v4_bx          0x000000000800d014        0x0
 .v4_bx         0x000000000800d014        0x0 linker stubs

.iplt           0x000000000800d014        0x0
 .iplt          0x000000000800d014        0x0 q:/st/installed/stm32cubeide_1.1.0/stm32cubeide/plugins/com.st.stm32cube.ide.mcu.externaltools.gnu-tools-for-stm32.7-2018-q2-update.win32_1.0.0.201904181610/tools/bin/../lib/gcc/arm-none-eabi/7.3.1/thumb/v7e-m/fpv5/hard/crtbegin.o

.rodata         0x000000000800d014       0x20
                0x000000000800d014                . = ALIGN (0x4)
 *(.rodata)
 .rodata        0x000000000800d014       0x10 Drivers/STM32H7xx_HAL_Driver/Src/stm32h7xx_hal_uart_ex.o
 *(.rodata*)
 .rodata.D1CorePrescTable
                0x000000000800d024       0x10 Core/Src/system_stm32h7xx.o
                0x000000000800d024                D1CorePrescTable
                0x000000000800d034                . = ALIGN (0x4)

.ARM.extab      0x000000000800d034        0x0
                0x000000000800d034                . = ALIGN (0x4)
 *(.ARM.extab* .gnu.linkonce.armextab.*)
                0x000000000800d034                . = ALIGN (0x4)

.ARM            0x000000000800d034        0x8
                0x000000000800d034                . = ALIGN (0x4)
                0x000000000800d034                __exidx_start = .
 *(.ARM.exidx*)
 .ARM.exidx     0x000000000800d034        0x8 q:/st/installed/stm32cubeide_1.1.0/stm32cubeide/plugins/com.st.stm32cube.ide.mcu.externaltools.gnu-tools-for-stm32.7-2018-q2-update.win32_1.0.0.201904181610/tools/bin/../lib/gcc/arm-none-eabi/7.3.1/thumb/v7e-m/fpv5/hard\libgcc.a(_udivmoddi4.o)
                0x000000000800d03c                __exidx_end = .
                0x000000000800d03c                . = ALIGN (0x4)

.rel.dyn        0x000000000800d03c        0x0
 .rel.iplt      0x000000000800d03c        0x0 q:/st/installed/stm32cubeide_1.1.0/stm32cubeide/plugins/com.st.stm32cube.ide.mcu.externaltools.gnu-tools-for-stm32.7-2018-q2-update.win32_1.0.0.201904181610/tools/bin/../lib/gcc/arm-none-eabi/7.3.1/thumb/v7e-m/fpv5/hard/crtbegin.o

.preinit_array  0x000000000800d03c        0x0
                0x000000000800d03c                . = ALIGN (0x4)
                0x000000000800d03c                PROVIDE (__preinit_array_start = .)
 *(.preinit_array*)
                0x000000000800d03c                PROVIDE (__preinit_array_end = .)
                0x000000000800d03c                . = ALIGN (0x4)

.init_array     0x000000000800d03c        0x4
                0x000000000800d03c                . = ALIGN (0x4)
                0x000000000800d03c                PROVIDE (__init_array_start = .)
 *(SORT_BY_NAME(.init_array.*))
 *(.init_array*)
 .init_array    0x000000000800d03c        0x4 q:/st/installed/stm32cubeide_1.1.0/stm32cubeide/plugins/com.st.stm32cube.ide.mcu.externaltools.gnu-tools-for-stm32.7-2018-q2-update.win32_1.0.0.201904181610/tools/bin/../lib/gcc/arm-none-eabi/7.3.1/thumb/v7e-m/fpv5/hard/crtbegin.o
                0x000000000800d040                PROVIDE (__init_array_end = .)
                0x000000000800d040                . = ALIGN (0x4)

.fini_array     0x000000000800d040        0x4
                0x000000000800d040                . = ALIGN (0x4)
                [!provide]                        PROVIDE (__fini_array_start = .)
 *(SORT_BY_NAME(.fini_array.*))
 *(.fini_array*)
 .fini_array    0x000000000800d040        0x4 q:/st/installed/stm32cubeide_1.1.0/stm32cubeide/plugins/com.st.stm32cube.ide.mcu.externaltools.gnu-tools-for-stm32.7-2018-q2-update.win32_1.0.0.201904181610/tools/bin/../lib/gcc/arm-none-eabi/7.3.1/thumb/v7e-m/fpv5/hard/crtbegin.o
                [!provide]                        PROVIDE (__fini_array_end = .)
                0x000000000800d044                . = ALIGN (0x4)
                0x000000000800d044                _sidata = LOADADDR (.data)

.data           0x0000000024000000       0x10 load address 0x000000000800d044
                0x0000000024000000                . = ALIGN (0x4)
                0x0000000024000000                _sdata = .
 *(.data)
 *(.data*)
 .data.SystemCoreClock
                0x0000000024000000        0x4 Core/Src/system_stm32h7xx.o
                0x0000000024000000                SystemCoreClock
 .data.SystemD2Clock
                0x0000000024000004        0x4 Core/Src/system_stm32h7xx.o
                0x0000000024000004                SystemD2Clock
 .data.uwTickPrio
                0x0000000024000008        0x4 Drivers/STM32H7xx_HAL_Driver/Src/stm32h7xx_hal.o
                0x0000000024000008                uwTickPrio
 .data.uwTickFreq
                0x000000002400000c        0x1 Drivers/STM32H7xx_HAL_Driver/Src/stm32h7xx_hal.o
                0x000000002400000c                uwTickFreq
                0x0000000024000010                . = ALIGN (0x4)
 *fill*         0x000000002400000d        0x3 
                0x0000000024000010                _edata = .

.igot.plt       0x0000000024000010        0x0 load address 0x000000000800d054
 .igot.plt      0x0000000024000010        0x0 q:/st/installed/stm32cubeide_1.1.0/stm32cubeide/plugins/com.st.stm32cube.ide.mcu.externaltools.gnu-tools-for-stm32.7-2018-q2-update.win32_1.0.0.201904181610/tools/bin/../lib/gcc/arm-none-eabi/7.3.1/thumb/v7e-m/fpv5/hard/crtbegin.o

.RxDecripSection
                0x0000000024000010       0x60 load address 0x000000000800d054
 .RxDecripSection
                0x0000000024000010       0x60 Core/Src/main.o
                0x0000000024000010                DMARxDscrTab

.TxDecripSection
                0x0000000024000070       0x60 load address 0x000000000800d0b4
 .TxDecripSection
                0x0000000024000070       0x60 Core/Src/main.o
                0x0000000024000070                DMATxDscrTab

FLASH           0x00000000240000d0   0x12c000 load address 0x000000000800d114
 FLASH          0x00000000240000d0   0x12c000 Core/Src/main.o
                0x00000000240000d0                pokus
                0x000000002412c0d0                . = ALIGN (0x4)

.bss            0x000000002412c0d0      0xde8 load address 0x0000000008139114
                0x000000002412c0d0                _sbss = .
                0x000000002412c0d0                __bss_start__ = _sbss
 *(.bss)
 .bss           0x000000002412c0d0       0x1c q:/st/installed/stm32cubeide_1.1.0/stm32cubeide/plugins/com.st.stm32cube.ide.mcu.externaltools.gnu-tools-for-stm32.7-2018-q2-update.win32_1.0.0.201904181610/tools/bin/../lib/gcc/arm-none-eabi/7.3.1/thumb/v7e-m/fpv5/hard/crtbegin.o
 *(.bss*)
 .bss.DFSDM1_Init
                0x000000002412c0ec        0x4 Core/Src/stm32h7xx_hal_msp.o
 .bss.FMC_Initialized
                0x000000002412c0f0        0x4 Core/Src/stm32h7xx_hal_msp.o
 .bss.SAI1_client
                0x000000002412c0f4        0x4 Core/Src/stm32h7xx_hal_msp.o
 .bss.v_dfsdm1ChannelCounter
                0x000000002412c0f8        0x4 Drivers/STM32H7xx_HAL_Driver/Src/stm32h7xx_hal_dfsdm.o
 .bss.a_dfsdm1ChannelHandle
                0x000000002412c0fc       0x20 Drivers/STM32H7xx_HAL_Driver/Src/stm32h7xx_hal_dfsdm.o
 .bss.uwNORMemoryDataWidth
                0x000000002412c11c        0x4 Drivers/STM32H7xx_HAL_Driver/Src/stm32h7xx_hal_nor.o
 *(COMMON)
 COMMON         0x000000002412c120      0xd94 Core/Src/main.o
                0x000000002412c120                hdfsdm1_channel1
                0x000000002412c158                hpcd_USB_OTG_HS
                0x000000002412c560                hi2c1
                0x000000002412c5ac                hpcd_USB_OTG_FS
                0x000000002412c9b4                hsd1
                0x000000002412ca34                hltdc
                0x000000002412cadc                hsai_BlockB1
                0x000000002412cb74                hadc1
                0x000000002412cbd8                huart1
                0x000000002412cc64                hnor1
                0x000000002412ccac                hsram2
                0x000000002412ccf8                hsai_BlockA1
                0x000000002412cd90                hsdram1
                0x000000002412cdc4                heth
                0x000000002412ce34                TxConfig
                0x000000002412ce68                hqspi
 COMMON         0x000000002412ceb4        0x4 Drivers/STM32H7xx_HAL_Driver/Src/stm32h7xx_hal.o
                0x000000002412ceb4                uwTick
                0x000000002412ceb8                . = ALIGN (0x4)
                0x000000002412ceb8                _ebss = .
                0x000000002412ceb8                __bss_end__ = _ebss

._user_heap_stack
                0x000000002412ceb8      0x600 load address 0x0000000008139114
                0x000000002412ceb8                . = ALIGN (0x8)
                0x000000002412ceb8                PROVIDE (end = .)
                [!provide]                        PROVIDE (_end = .)
                0x000000002412d0b8                . = (. + _Min_Heap_Size)
 *fill*         0x000000002412ceb8      0x200 
                0x000000002412d4b8                . = (. + _Min_Stack_Size)
 *fill*         0x000000002412d0b8      0x400 
                0x000000002412d4b8                . = ALIGN (0x8)

/DISCARD/
 libc.a(*)
 libm.a(*)
 libgcc.a(*)

.ARM.attributes
                0x0000000000000000       0x2e
 *(.ARM.attributes)
 .ARM.attributes
                0x0000000000000000       0x20 q:/st/installed/stm32cubeide_1.1.0/stm32cubeide/plugins/com.st.stm32cube.ide.mcu.externaltools.gnu-tools-for-stm32.7-2018-q2-update.win32_1.0.0.201904181610/tools/bin/../lib/gcc/arm-none-eabi/7.3.1/thumb/v7e-m/fpv5/hard/crti.o
 .ARM.attributes
                0x0000000000000020       0x32 q:/st/installed/stm32cubeide_1.1.0/stm32cubeide/plugins/com.st.stm32cube.ide.mcu.externaltools.gnu-tools-for-stm32.7-2018-q2-update.win32_1.0.0.201904181610/tools/bin/../lib/gcc/arm-none-eabi/7.3.1/thumb/v7e-m/fpv5/hard/crtbegin.o
 .ARM.attributes
                0x0000000000000052       0x37 Core/Src/main.o
 .ARM.attributes
                0x0000000000000089       0x37 Core/Src/stm32h7xx_hal_msp.o
 .ARM.attributes
                0x00000000000000c0       0x37 Core/Src/stm32h7xx_it.o
 .ARM.attributes
                0x00000000000000f7       0x37 Core/Src/system_stm32h7xx.o
 .ARM.attributes
                0x000000000000012e       0x21 Core/Startup/startup_stm32h753xihx.o
 .ARM.attributes
                0x000000000000014f       0x37 Drivers/STM32H7xx_HAL_Driver/Src/stm32h7xx_hal.o
 .ARM.attributes
                0x0000000000000186       0x37 Drivers/STM32H7xx_HAL_Driver/Src/stm32h7xx_hal_adc.o
 .ARM.attributes
                0x00000000000001bd       0x37 Drivers/STM32H7xx_HAL_Driver/Src/stm32h7xx_hal_adc_ex.o
 .ARM.attributes
                0x00000000000001f4       0x37 Drivers/STM32H7xx_HAL_Driver/Src/stm32h7xx_hal_cortex.o
 .ARM.attributes
                0x000000000000022b       0x37 Drivers/STM32H7xx_HAL_Driver/Src/stm32h7xx_hal_dfsdm.o
 .ARM.attributes
                0x0000000000000262       0x37 Drivers/STM32H7xx_HAL_Driver/Src/stm32h7xx_hal_eth.o
 .ARM.attributes
                0x0000000000000299       0x37 Drivers/STM32H7xx_HAL_Driver/Src/stm32h7xx_hal_gpio.o
 .ARM.attributes
                0x00000000000002d0       0x37 Drivers/STM32H7xx_HAL_Driver/Src/stm32h7xx_hal_i2c.o
 .ARM.attributes
                0x0000000000000307       0x37 Drivers/STM32H7xx_HAL_Driver/Src/stm32h7xx_hal_i2c_ex.o
 .ARM.attributes
                0x000000000000033e       0x37 Drivers/STM32H7xx_HAL_Driver/Src/stm32h7xx_hal_ltdc.o
 .ARM.attributes
                0x0000000000000375       0x37 Drivers/STM32H7xx_HAL_Driver/Src/stm32h7xx_hal_nor.o
 .ARM.attributes
                0x00000000000003ac       0x37 Drivers/STM32H7xx_HAL_Driver/Src/stm32h7xx_hal_pcd.o
 .ARM.attributes
                0x00000000000003e3       0x37 Drivers/STM32H7xx_HAL_Driver/Src/stm32h7xx_hal_pcd_ex.o
 .ARM.attributes
                0x000000000000041a       0x37 Drivers/STM32H7xx_HAL_Driver/Src/stm32h7xx_hal_pwr_ex.o
 .ARM.attributes
                0x0000000000000451       0x37 Drivers/STM32H7xx_HAL_Driver/Src/stm32h7xx_hal_qspi.o
 .ARM.attributes
                0x0000000000000488       0x37 Drivers/STM32H7xx_HAL_Driver/Src/stm32h7xx_hal_rcc.o
 .ARM.attributes
                0x00000000000004bf       0x37 Drivers/STM32H7xx_HAL_Driver/Src/stm32h7xx_hal_rcc_ex.o
 .ARM.attributes
                0x00000000000004f6       0x37 Drivers/STM32H7xx_HAL_Driver/Src/stm32h7xx_hal_sai.o
 .ARM.attributes
                0x000000000000052d       0x37 Drivers/STM32H7xx_HAL_Driver/Src/stm32h7xx_hal_sd.o
 .ARM.attributes
                0x0000000000000564       0x37 Drivers/STM32H7xx_HAL_Driver/Src/stm32h7xx_hal_sdram.o
 .ARM.attributes
                0x000000000000059b       0x37 Drivers/STM32H7xx_HAL_Driver/Src/stm32h7xx_hal_sram.o
 .ARM.attributes
                0x00000000000005d2       0x37 Drivers/STM32H7xx_HAL_Driver/Src/stm32h7xx_hal_uart.o
 .ARM.attributes
                0x0000000000000609       0x37 Drivers/STM32H7xx_HAL_Driver/Src/stm32h7xx_hal_uart_ex.o
 .ARM.attributes
                0x0000000000000640       0x37 Drivers/STM32H7xx_HAL_Driver/Src/stm32h7xx_ll_fmc.o
 .ARM.attributes
                0x0000000000000677       0x37 Drivers/STM32H7xx_HAL_Driver/Src/stm32h7xx_ll_sdmmc.o
 .ARM.attributes
                0x00000000000006ae       0x37 Drivers/STM32H7xx_HAL_Driver/Src/stm32h7xx_ll_usb.o
 .ARM.attributes
                0x00000000000006e5       0x32 q:/st/installed/stm32cubeide_1.1.0/stm32cubeide/plugins/com.st.stm32cube.ide.mcu.externaltools.gnu-tools-for-stm32.7-2018-q2-update.win32_1.0.0.201904181610/tools/bin/../lib/gcc/arm-none-eabi/7.3.1/../../../../arm-none-eabi/lib/thumb/v7e-m/fpv5/hard\libc_nano.a(lib_a-init.o)
 .ARM.attributes
                0x0000000000000717       0x32 q:/st/installed/stm32cubeide_1.1.0/stm32cubeide/plugins/com.st.stm32cube.ide.mcu.externaltools.gnu-tools-for-stm32.7-2018-q2-update.win32_1.0.0.201904181610/tools/bin/../lib/gcc/arm-none-eabi/7.3.1/../../../../arm-none-eabi/lib/thumb/v7e-m/fpv5/hard\libc_nano.a(lib_a-memset.o)
 .ARM.attributes
                0x0000000000000749       0x20 q:/st/installed/stm32cubeide_1.1.0/stm32cubeide/plugins/com.st.stm32cube.ide.mcu.externaltools.gnu-tools-for-stm32.7-2018-q2-update.win32_1.0.0.201904181610/tools/bin/../lib/gcc/arm-none-eabi/7.3.1/thumb/v7e-m/fpv5/hard\libgcc.a(_aeabi_uldivmod.o)
 .ARM.attributes
                0x0000000000000769       0x32 q:/st/installed/stm32cubeide_1.1.0/stm32cubeide/plugins/com.st.stm32cube.ide.mcu.externaltools.gnu-tools-for-stm32.7-2018-q2-update.win32_1.0.0.201904181610/tools/bin/../lib/gcc/arm-none-eabi/7.3.1/thumb/v7e-m/fpv5/hard\libgcc.a(_udivmoddi4.o)
 .ARM.attributes
                0x000000000000079b       0x20 q:/st/installed/stm32cubeide_1.1.0/stm32cubeide/plugins/com.st.stm32cube.ide.mcu.externaltools.gnu-tools-for-stm32.7-2018-q2-update.win32_1.0.0.201904181610/tools/bin/../lib/gcc/arm-none-eabi/7.3.1/thumb/v7e-m/fpv5/hard\libgcc.a(_dvmd_tls.o)
 .ARM.attributes
                0x00000000000007bb       0x20 q:/st/installed/stm32cubeide_1.1.0/stm32cubeide/plugins/com.st.stm32cube.ide.mcu.externaltools.gnu-tools-for-stm32.7-2018-q2-update.win32_1.0.0.201904181610/tools/bin/../lib/gcc/arm-none-eabi/7.3.1/thumb/v7e-m/fpv5/hard/crtn.o
OUTPUT(LCDTest.elf elf32-littlearm)

.debug_info     0x0000000000000000    0x3a287
 .debug_info    0x0000000000000000     0x5079 Core/Src/main.o
 .debug_info    0x0000000000005079     0x4b87 Core/Src/stm32h7xx_hal_msp.o
 .debug_info    0x0000000000009c00      0xb36 Core/Src/stm32h7xx_it.o
 .debug_info    0x000000000000a736     0x1322 Core/Src/system_stm32h7xx.o
 .debug_info    0x000000000000ba58       0x22 Core/Startup/startup_stm32h753xihx.o
 .debug_info    0x000000000000ba7a     0x1de6 Drivers/STM32H7xx_HAL_Driver/Src/stm32h7xx_hal.o
 .debug_info    0x000000000000d860     0x256c Drivers/STM32H7xx_HAL_Driver/Src/stm32h7xx_hal_adc.o
 .debug_info    0x000000000000fdcc     0x2684 Drivers/STM32H7xx_HAL_Driver/Src/stm32h7xx_hal_adc_ex.o
 .debug_info    0x0000000000012450     0x1a7a Drivers/STM32H7xx_HAL_Driver/Src/stm32h7xx_hal_cortex.o
 .debug_info    0x0000000000013eca     0x2461 Drivers/STM32H7xx_HAL_Driver/Src/stm32h7xx_hal_dfsdm.o
 .debug_info    0x000000000001632b     0x2efa Drivers/STM32H7xx_HAL_Driver/Src/stm32h7xx_hal_eth.o
 .debug_info    0x0000000000019225     0x1640 Drivers/STM32H7xx_HAL_Driver/Src/stm32h7xx_hal_gpio.o
 .debug_info    0x000000000001a865     0x2a0f Drivers/STM32H7xx_HAL_Driver/Src/stm32h7xx_hal_i2c.o
 .debug_info    0x000000000001d274     0x1714 Drivers/STM32H7xx_HAL_Driver/Src/stm32h7xx_hal_i2c_ex.o
 .debug_info    0x000000000001e988     0x1a0b Drivers/STM32H7xx_HAL_Driver/Src/stm32h7xx_hal_ltdc.o
 .debug_info    0x0000000000020393     0x15be Drivers/STM32H7xx_HAL_Driver/Src/stm32h7xx_hal_nor.o
 .debug_info    0x0000000000021951     0x1a8e Drivers/STM32H7xx_HAL_Driver/Src/stm32h7xx_hal_pcd.o
 .debug_info    0x00000000000233df     0x11f1 Drivers/STM32H7xx_HAL_Driver/Src/stm32h7xx_hal_pcd_ex.o
 .debug_info    0x00000000000245d0     0x1746 Drivers/STM32H7xx_HAL_Driver/Src/stm32h7xx_hal_pwr_ex.o
 .debug_info    0x0000000000025d16     0x1b92 Drivers/STM32H7xx_HAL_Driver/Src/stm32h7xx_hal_qspi.o
 .debug_info    0x00000000000278a8     0x1760 Drivers/STM32H7xx_HAL_Driver/Src/stm32h7xx_hal_rcc.o
 .debug_info    0x0000000000029008     0x18cf Drivers/STM32H7xx_HAL_Driver/Src/stm32h7xx_hal_rcc_ex.o
 .debug_info    0x000000000002a8d7     0x1c7e Drivers/STM32H7xx_HAL_Driver/Src/stm32h7xx_hal_sai.o
 .debug_info    0x000000000002c555     0x219e Drivers/STM32H7xx_HAL_Driver/Src/stm32h7xx_hal_sd.o
 .debug_info    0x000000000002e6f3     0x186c Drivers/STM32H7xx_HAL_Driver/Src/stm32h7xx_hal_sdram.o
 .debug_info    0x000000000002ff5f     0x1704 Drivers/STM32H7xx_HAL_Driver/Src/stm32h7xx_hal_sram.o
 .debug_info    0x0000000000031663     0x2478 Drivers/STM32H7xx_HAL_Driver/Src/stm32h7xx_hal_uart.o
 .debug_info    0x0000000000033adb     0x1483 Drivers/STM32H7xx_HAL_Driver/Src/stm32h7xx_hal_uart_ex.o
 .debug_info    0x0000000000034f5e     0x156a Drivers/STM32H7xx_HAL_Driver/Src/stm32h7xx_ll_fmc.o
 .debug_info    0x00000000000364c8     0x1b43 Drivers/STM32H7xx_HAL_Driver/Src/stm32h7xx_ll_sdmmc.o
 .debug_info    0x000000000003800b     0x227c Drivers/STM32H7xx_HAL_Driver/Src/stm32h7xx_ll_usb.o

.debug_abbrev   0x0000000000000000     0x50bd
 .debug_abbrev  0x0000000000000000      0x2cd Core/Src/main.o
 .debug_abbrev  0x00000000000002cd      0x2d3 Core/Src/stm32h7xx_hal_msp.o
 .debug_abbrev  0x00000000000005a0      0x1c9 Core/Src/stm32h7xx_it.o
 .debug_abbrev  0x0000000000000769      0x21f Core/Src/system_stm32h7xx.o
 .debug_abbrev  0x0000000000000988       0x12 Core/Startup/startup_stm32h753xihx.o
 .debug_abbrev  0x000000000000099a      0x2db Drivers/STM32H7xx_HAL_Driver/Src/stm32h7xx_hal.o
 .debug_abbrev  0x0000000000000c75      0x2c8 Drivers/STM32H7xx_HAL_Driver/Src/stm32h7xx_hal_adc.o
 .debug_abbrev  0x0000000000000f3d      0x306 Drivers/STM32H7xx_HAL_Driver/Src/stm32h7xx_hal_adc_ex.o
 .debug_abbrev  0x0000000000001243      0x3b5 Drivers/STM32H7xx_HAL_Driver/Src/stm32h7xx_hal_cortex.o
 .debug_abbrev  0x00000000000015f8      0x2b7 Drivers/STM32H7xx_HAL_Driver/Src/stm32h7xx_hal_dfsdm.o
 .debug_abbrev  0x00000000000018af      0x2e2 Drivers/STM32H7xx_HAL_Driver/Src/stm32h7xx_hal_eth.o
 .debug_abbrev  0x0000000000001b91      0x28f Drivers/STM32H7xx_HAL_Driver/Src/stm32h7xx_hal_gpio.o
 .debug_abbrev  0x0000000000001e20      0x2ac Drivers/STM32H7xx_HAL_Driver/Src/stm32h7xx_hal_i2c.o
 .debug_abbrev  0x00000000000020cc      0x266 Drivers/STM32H7xx_HAL_Driver/Src/stm32h7xx_hal_i2c_ex.o
 .debug_abbrev  0x0000000000002332      0x2ad Drivers/STM32H7xx_HAL_Driver/Src/stm32h7xx_hal_ltdc.o
 .debug_abbrev  0x00000000000025df      0x26e Drivers/STM32H7xx_HAL_Driver/Src/stm32h7xx_hal_nor.o
 .debug_abbrev  0x000000000000284d      0x2f4 Drivers/STM32H7xx_HAL_Driver/Src/stm32h7xx_hal_pcd.o
 .debug_abbrev  0x0000000000002b41      0x2a2 Drivers/STM32H7xx_HAL_Driver/Src/stm32h7xx_hal_pcd_ex.o
 .debug_abbrev  0x0000000000002de3      0x345 Drivers/STM32H7xx_HAL_Driver/Src/stm32h7xx_hal_pwr_ex.o
 .debug_abbrev  0x0000000000003128      0x2ac Drivers/STM32H7xx_HAL_Driver/Src/stm32h7xx_hal_qspi.o
 .debug_abbrev  0x00000000000033d4      0x2e2 Drivers/STM32H7xx_HAL_Driver/Src/stm32h7xx_hal_rcc.o
 .debug_abbrev  0x00000000000036b6      0x2c3 Drivers/STM32H7xx_HAL_Driver/Src/stm32h7xx_hal_rcc_ex.o
 .debug_abbrev  0x0000000000003979      0x2b3 Drivers/STM32H7xx_HAL_Driver/Src/stm32h7xx_hal_sai.o
 .debug_abbrev  0x0000000000003c2c      0x2bf Drivers/STM32H7xx_HAL_Driver/Src/stm32h7xx_hal_sd.o
 .debug_abbrev  0x0000000000003eeb      0x28d Drivers/STM32H7xx_HAL_Driver/Src/stm32h7xx_hal_sdram.o
 .debug_abbrev  0x0000000000004178      0x259 Drivers/STM32H7xx_HAL_Driver/Src/stm32h7xx_hal_sram.o
 .debug_abbrev  0x00000000000043d1      0x2ae Drivers/STM32H7xx_HAL_Driver/Src/stm32h7xx_hal_uart.o
 .debug_abbrev  0x000000000000467f      0x26f Drivers/STM32H7xx_HAL_Driver/Src/stm32h7xx_hal_uart_ex.o
 .debug_abbrev  0x00000000000048ee      0x23f Drivers/STM32H7xx_HAL_Driver/Src/stm32h7xx_ll_fmc.o
 .debug_abbrev  0x0000000000004b2d      0x286 Drivers/STM32H7xx_HAL_Driver/Src/stm32h7xx_ll_sdmmc.o
 .debug_abbrev  0x0000000000004db3      0x30a Drivers/STM32H7xx_HAL_Driver/Src/stm32h7xx_ll_usb.o

.debug_aranges  0x0000000000000000     0x2318
 .debug_aranges
                0x0000000000000000       0x98 Core/Src/main.o
 .debug_aranges
                0x0000000000000098      0x100 Core/Src/stm32h7xx_hal_msp.o
 .debug_aranges
                0x0000000000000198       0x60 Core/Src/stm32h7xx_it.o
 .debug_aranges
                0x00000000000001f8       0x28 Core/Src/system_stm32h7xx.o
 .debug_aranges
                0x0000000000000220       0x28 Core/Startup/startup_stm32h753xihx.o
 .debug_aranges
                0x0000000000000248      0x1b8 Drivers/STM32H7xx_HAL_Driver/Src/stm32h7xx_hal.o
 .debug_aranges
                0x0000000000000400      0x220 Drivers/STM32H7xx_HAL_Driver/Src/stm32h7xx_hal_adc.o
 .debug_aranges
                0x0000000000000620      0x1d8 Drivers/STM32H7xx_HAL_Driver/Src/stm32h7xx_hal_adc_ex.o
 .debug_aranges
                0x00000000000007f8      0x120 Drivers/STM32H7xx_HAL_Driver/Src/stm32h7xx_hal_cortex.o
 .debug_aranges
                0x0000000000000918      0x248 Drivers/STM32H7xx_HAL_Driver/Src/stm32h7xx_hal_dfsdm.o
 .debug_aranges
                0x0000000000000b60      0x1b0 Drivers/STM32H7xx_HAL_Driver/Src/stm32h7xx_hal_eth.o
 .debug_aranges
                0x0000000000000d10       0x58 Drivers/STM32H7xx_HAL_Driver/Src/stm32h7xx_hal_gpio.o
 .debug_aranges
                0x0000000000000d68      0x288 Drivers/STM32H7xx_HAL_Driver/Src/stm32h7xx_hal_i2c.o
 .debug_aranges
                0x0000000000000ff0       0x48 Drivers/STM32H7xx_HAL_Driver/Src/stm32h7xx_hal_i2c_ex.o
 .debug_aranges
                0x0000000000001038      0x158 Drivers/STM32H7xx_HAL_Driver/Src/stm32h7xx_hal_ltdc.o
 .debug_aranges
                0x0000000000001190       0xa8 Drivers/STM32H7xx_HAL_Driver/Src/stm32h7xx_hal_nor.o
 .debug_aranges
                0x0000000000001238      0x130 Drivers/STM32H7xx_HAL_Driver/Src/stm32h7xx_hal_pcd.o
 .debug_aranges
                0x0000000000001368       0x60 Drivers/STM32H7xx_HAL_Driver/Src/stm32h7xx_hal_pcd_ex.o
 .debug_aranges
                0x00000000000013c8      0x158 Drivers/STM32H7xx_HAL_Driver/Src/stm32h7xx_hal_pwr_ex.o
 .debug_aranges
                0x0000000000001520      0x148 Drivers/STM32H7xx_HAL_Driver/Src/stm32h7xx_hal_qspi.o
 .debug_aranges
                0x0000000000001668       0x88 Drivers/STM32H7xx_HAL_Driver/Src/stm32h7xx_hal_rcc.o
 .debug_aranges
                0x00000000000016f0       0xe0 Drivers/STM32H7xx_HAL_Driver/Src/stm32h7xx_hal_rcc_ex.o
 .debug_aranges
                0x00000000000017d0      0x178 Drivers/STM32H7xx_HAL_Driver/Src/stm32h7xx_hal_sai.o
 .debug_aranges
                0x0000000000001948      0x188 Drivers/STM32H7xx_HAL_Driver/Src/stm32h7xx_hal_sd.o
 .debug_aranges
                0x0000000000001ad0       0xe8 Drivers/STM32H7xx_HAL_Driver/Src/stm32h7xx_hal_sdram.o
 .debug_aranges
                0x0000000000001bb8       0xb8 Drivers/STM32H7xx_HAL_Driver/Src/stm32h7xx_hal_sram.o
 .debug_aranges
                0x0000000000001c70      0x230 Drivers/STM32H7xx_HAL_Driver/Src/stm32h7xx_hal_uart.o
 .debug_aranges
                0x0000000000001ea0       0x88 Drivers/STM32H7xx_HAL_Driver/Src/stm32h7xx_hal_uart_ex.o
 .debug_aranges
                0x0000000000001f28       0xc8 Drivers/STM32H7xx_HAL_Driver/Src/stm32h7xx_ll_fmc.o
 .debug_aranges
                0x0000000000001ff0      0x190 Drivers/STM32H7xx_HAL_Driver/Src/stm32h7xx_ll_sdmmc.o
 .debug_aranges
                0x0000000000002180      0x198 Drivers/STM32H7xx_HAL_Driver/Src/stm32h7xx_ll_usb.o

.debug_ranges   0x0000000000000000     0x2148
 .debug_ranges  0x0000000000000000       0x88 Core/Src/main.o
 .debug_ranges  0x0000000000000088       0xf0 Core/Src/stm32h7xx_hal_msp.o
 .debug_ranges  0x0000000000000178       0x50 Core/Src/stm32h7xx_it.o
 .debug_ranges  0x00000000000001c8       0x18 Core/Src/system_stm32h7xx.o
 .debug_ranges  0x00000000000001e0       0x20 Core/Startup/startup_stm32h753xihx.o
 .debug_ranges  0x0000000000000200      0x1a8 Drivers/STM32H7xx_HAL_Driver/Src/stm32h7xx_hal.o
 .debug_ranges  0x00000000000003a8      0x210 Drivers/STM32H7xx_HAL_Driver/Src/stm32h7xx_hal_adc.o
 .debug_ranges  0x00000000000005b8      0x1c8 Drivers/STM32H7xx_HAL_Driver/Src/stm32h7xx_hal_adc_ex.o
 .debug_ranges  0x0000000000000780      0x110 Drivers/STM32H7xx_HAL_Driver/Src/stm32h7xx_hal_cortex.o
 .debug_ranges  0x0000000000000890      0x238 Drivers/STM32H7xx_HAL_Driver/Src/stm32h7xx_hal_dfsdm.o
 .debug_ranges  0x0000000000000ac8      0x1a0 Drivers/STM32H7xx_HAL_Driver/Src/stm32h7xx_hal_eth.o
 .debug_ranges  0x0000000000000c68       0x48 Drivers/STM32H7xx_HAL_Driver/Src/stm32h7xx_hal_gpio.o
 .debug_ranges  0x0000000000000cb0      0x278 Drivers/STM32H7xx_HAL_Driver/Src/stm32h7xx_hal_i2c.o
 .debug_ranges  0x0000000000000f28       0x38 Drivers/STM32H7xx_HAL_Driver/Src/stm32h7xx_hal_i2c_ex.o
 .debug_ranges  0x0000000000000f60      0x148 Drivers/STM32H7xx_HAL_Driver/Src/stm32h7xx_hal_ltdc.o
 .debug_ranges  0x00000000000010a8       0x98 Drivers/STM32H7xx_HAL_Driver/Src/stm32h7xx_hal_nor.o
 .debug_ranges  0x0000000000001140      0x120 Drivers/STM32H7xx_HAL_Driver/Src/stm32h7xx_hal_pcd.o
 .debug_ranges  0x0000000000001260       0x50 Drivers/STM32H7xx_HAL_Driver/Src/stm32h7xx_hal_pcd_ex.o
 .debug_ranges  0x00000000000012b0      0x148 Drivers/STM32H7xx_HAL_Driver/Src/stm32h7xx_hal_pwr_ex.o
 .debug_ranges  0x00000000000013f8      0x138 Drivers/STM32H7xx_HAL_Driver/Src/stm32h7xx_hal_qspi.o
 .debug_ranges  0x0000000000001530       0x78 Drivers/STM32H7xx_HAL_Driver/Src/stm32h7xx_hal_rcc.o
 .debug_ranges  0x00000000000015a8       0xd0 Drivers/STM32H7xx_HAL_Driver/Src/stm32h7xx_hal_rcc_ex.o
 .debug_ranges  0x0000000000001678      0x180 Drivers/STM32H7xx_HAL_Driver/Src/stm32h7xx_hal_sai.o
 .debug_ranges  0x00000000000017f8      0x178 Drivers/STM32H7xx_HAL_Driver/Src/stm32h7xx_hal_sd.o
 .debug_ranges  0x0000000000001970       0xd8 Drivers/STM32H7xx_HAL_Driver/Src/stm32h7xx_hal_sdram.o
 .debug_ranges  0x0000000000001a48       0xa8 Drivers/STM32H7xx_HAL_Driver/Src/stm32h7xx_hal_sram.o
 .debug_ranges  0x0000000000001af0      0x220 Drivers/STM32H7xx_HAL_Driver/Src/stm32h7xx_hal_uart.o
 .debug_ranges  0x0000000000001d10       0x78 Drivers/STM32H7xx_HAL_Driver/Src/stm32h7xx_hal_uart_ex.o
 .debug_ranges  0x0000000000001d88       0xb8 Drivers/STM32H7xx_HAL_Driver/Src/stm32h7xx_ll_fmc.o
 .debug_ranges  0x0000000000001e40      0x180 Drivers/STM32H7xx_HAL_Driver/Src/stm32h7xx_ll_sdmmc.o
 .debug_ranges  0x0000000000001fc0      0x188 Drivers/STM32H7xx_HAL_Driver/Src/stm32h7xx_ll_usb.o

.debug_macro    0x0000000000000000    0x3e716
 .debug_macro   0x0000000000000000      0x3d2 Core/Src/main.o
 .debug_macro   0x00000000000003d2      0xa66 Core/Src/main.o
 .debug_macro   0x0000000000000e38      0x211 Core/Src/main.o
 .debug_macro   0x0000000000001049       0x2e Core/Src/main.o
 .debug_macro   0x0000000000001077       0x3b Core/Src/main.o
 .debug_macro   0x00000000000010b2       0x22 Core/Src/main.o
 .debug_macro   0x00000000000010d4       0x8e Core/Src/main.o
 .debug_macro   0x0000000000001162       0x51 Core/Src/main.o
 .debug_macro   0x00000000000011b3       0xef Core/Src/main.o
 .debug_macro   0x00000000000012a2       0x6a Core/Src/main.o
 .debug_macro   0x000000000000130c      0x1df Core/Src/main.o
 .debug_macro   0x00000000000014eb       0x1c Core/Src/main.o
 .debug_macro   0x0000000000001507       0x22 Core/Src/main.o
 .debug_macro   0x0000000000001529       0xdf Core/Src/main.o
 .debug_macro   0x0000000000001608     0x12cd Core/Src/main.o
 .debug_macro   0x00000000000028d5      0x11f Core/Src/main.o
 .debug_macro   0x00000000000029f4       0x19 Core/Src/main.o
 .debug_macro   0x0000000000002a0d    0x2566f Core/Src/main.o
 .debug_macro   0x000000000002807c       0x43 Core/Src/main.o
 .debug_macro   0x00000000000280bf     0x3bd7 Core/Src/main.o
 .debug_macro   0x000000000002bc96      0x174 Core/Src/main.o
 .debug_macro   0x000000000002be0a       0x46 Core/Src/main.o
 .debug_macro   0x000000000002be50       0x17 Core/Src/main.o
 .debug_macro   0x000000000002be67       0x3c Core/Src/main.o
 .debug_macro   0x000000000002bea3       0x34 Core/Src/main.o
 .debug_macro   0x000000000002bed7       0x52 Core/Src/main.o
 .debug_macro   0x000000000002bf29       0x1f Core/Src/main.o
 .debug_macro   0x000000000002bf48       0x43 Core/Src/main.o
 .debug_macro   0x000000000002bf8b       0x20 Core/Src/main.o
 .debug_macro   0x000000000002bfab      0x1a3 Core/Src/main.o
 .debug_macro   0x000000000002c14e      0x32a Core/Src/main.o
 .debug_macro   0x000000000002c478      0x1e1 Core/Src/main.o
 .debug_macro   0x000000000002c659       0x54 Core/Src/main.o
 .debug_macro   0x000000000002c6ad     0x23dd Core/Src/main.o
 .debug_macro   0x000000000002ea8a      0xf3e Core/Src/main.o
 .debug_macro   0x000000000002f9c8      0x146 Core/Src/main.o
 .debug_macro   0x000000000002fb0e      0x117 Core/Src/main.o
 .debug_macro   0x000000000002fc25      0x362 Core/Src/main.o
 .debug_macro   0x000000000002ff87       0x27 Core/Src/main.o
 .debug_macro   0x000000000002ffae      0x72d Core/Src/main.o
 .debug_macro   0x00000000000306db      0x229 Core/Src/main.o
 .debug_macro   0x0000000000030904       0x66 Core/Src/main.o
 .debug_macro   0x000000000003096a      0x39f Core/Src/main.o
 .debug_macro   0x0000000000030d09      0x2c6 Core/Src/main.o
 .debug_macro   0x0000000000030fcf      0xa59 Core/Src/main.o
 .debug_macro   0x0000000000031a28      0x129 Core/Src/main.o
 .debug_macro   0x0000000000031b51      0x3e5 Core/Src/main.o
 .debug_macro   0x0000000000031f36      0x275 Core/Src/main.o
 .debug_macro   0x00000000000321ab     0x101a Core/Src/main.o
 .debug_macro   0x00000000000331c5      0x6b7 Core/Src/main.o
 .debug_macro   0x000000000003387c      0x36e Core/Src/main.o
 .debug_macro   0x0000000000033bea      0x3c6 Core/Src/main.o
 .debug_macro   0x0000000000033fb0      0x40f Core/Src/main.o
 .debug_macro   0x00000000000343bf       0x51 Core/Src/main.o
 .debug_macro   0x0000000000034410       0x4a Core/Src/main.o
 .debug_macro   0x000000000003445a      0x536 Core/Src/main.o
 .debug_macro   0x0000000000034990       0x88 Core/Src/main.o
 .debug_macro   0x0000000000034a18      0x22c Core/Src/main.o
 .debug_macro   0x0000000000034c44       0x58 Core/Src/main.o
 .debug_macro   0x0000000000034c9c       0xa5 Core/Src/main.o
 .debug_macro   0x0000000000034d41      0x198 Core/Src/main.o
 .debug_macro   0x0000000000034ed9       0xd6 Core/Src/main.o
 .debug_macro   0x0000000000034faf      0x165 Core/Src/main.o
 .debug_macro   0x0000000000035114      0x246 Core/Src/main.o
 .debug_macro   0x000000000003535a       0x35 Core/Src/main.o
 .debug_macro   0x000000000003538f      0x2d4 Core/Src/main.o
 .debug_macro   0x0000000000035663      0x3bb Core/Src/main.o
 .debug_macro   0x0000000000035a1e       0x10 Core/Src/main.o
 .debug_macro   0x0000000000035a2e       0xe4 Core/Src/main.o
 .debug_macro   0x0000000000035b12      0x814 Core/Src/main.o
 .debug_macro   0x0000000000036326       0x10 Core/Src/main.o
 .debug_macro   0x0000000000036336      0x1ce Core/Src/main.o
 .debug_macro   0x0000000000036504       0x11 Core/Src/main.o
 .debug_macro   0x0000000000036515      0x662 Core/Src/main.o
 .debug_macro   0x0000000000036b77       0xa6 Core/Src/main.o
 .debug_macro   0x0000000000036c1d      0x225 Core/Src/main.o
 .debug_macro   0x0000000000036e42       0xd6 Core/Src/main.o
 .debug_macro   0x0000000000036f18      0x57c Core/Src/main.o
 .debug_macro   0x0000000000037494      0x849 Core/Src/main.o
 .debug_macro   0x0000000000037cdd       0x16 Core/Src/main.o
 .debug_macro   0x0000000000037cf3       0x35 Core/Src/main.o
 .debug_macro   0x0000000000037d28       0x20 Core/Src/main.o
 .debug_macro   0x0000000000037d48      0x392 Core/Src/stm32h7xx_hal_msp.o
 .debug_macro   0x00000000000380da      0x39c Core/Src/stm32h7xx_it.o
 .debug_macro   0x0000000000038476      0x389 Core/Src/system_stm32h7xx.o
 .debug_macro   0x00000000000387ff      0x3ad Drivers/STM32H7xx_HAL_Driver/Src/stm32h7xx_hal.o
 .debug_macro   0x0000000000038bac      0x3a7 Drivers/STM32H7xx_HAL_Driver/Src/stm32h7xx_hal_adc.o
 .debug_macro   0x0000000000038f53      0x38f Drivers/STM32H7xx_HAL_Driver/Src/stm32h7xx_hal_adc_ex.o
 .debug_macro   0x00000000000392e2      0x383 Drivers/STM32H7xx_HAL_Driver/Src/stm32h7xx_hal_cortex.o
 .debug_macro   0x0000000000039665      0x3a7 Drivers/STM32H7xx_HAL_Driver/Src/stm32h7xx_hal_dfsdm.o
 .debug_macro   0x0000000000039a0c      0x410 Drivers/STM32H7xx_HAL_Driver/Src/stm32h7xx_hal_eth.o
 .debug_macro   0x0000000000039e1c      0x3bf Drivers/STM32H7xx_HAL_Driver/Src/stm32h7xx_hal_gpio.o
 .debug_macro   0x000000000003a1db      0x448 Drivers/STM32H7xx_HAL_Driver/Src/stm32h7xx_hal_i2c.o
 .debug_macro   0x000000000003a623      0x383 Drivers/STM32H7xx_HAL_Driver/Src/stm32h7xx_hal_i2c_ex.o
 .debug_macro   0x000000000003a9a6      0x384 Drivers/STM32H7xx_HAL_Driver/Src/stm32h7xx_hal_ltdc.o
 .debug_macro   0x000000000003ad2a      0x41d Drivers/STM32H7xx_HAL_Driver/Src/stm32h7xx_hal_nor.o
 .debug_macro   0x000000000003b147      0x38f Drivers/STM32H7xx_HAL_Driver/Src/stm32h7xx_hal_pcd.o
 .debug_macro   0x000000000003b4d6      0x383 Drivers/STM32H7xx_HAL_Driver/Src/stm32h7xx_hal_pcd_ex.o
 .debug_macro   0x000000000003b859      0x3b3 Drivers/STM32H7xx_HAL_Driver/Src/stm32h7xx_hal_pwr_ex.o
 .debug_macro   0x000000000003bc0c      0x3a7 Drivers/STM32H7xx_HAL_Driver/Src/stm32h7xx_hal_qspi.o
 .debug_macro   0x000000000003bfb3      0x3a7 Drivers/STM32H7xx_HAL_Driver/Src/stm32h7xx_hal_rcc.o
 .debug_macro   0x000000000003c35a      0x3a1 Drivers/STM32H7xx_HAL_Driver/Src/stm32h7xx_hal_rcc_ex.o
 .debug_macro   0x000000000003c6fb      0x399 Drivers/STM32H7xx_HAL_Driver/Src/stm32h7xx_hal_sai.o
 .debug_macro   0x000000000003ca94      0x38b Drivers/STM32H7xx_HAL_Driver/Src/stm32h7xx_hal_sd.o
 .debug_macro   0x000000000003ce1f      0x383 Drivers/STM32H7xx_HAL_Driver/Src/stm32h7xx_hal_sdram.o
 .debug_macro   0x000000000003d1a2      0x383 Drivers/STM32H7xx_HAL_Driver/Src/stm32h7xx_hal_sram.o
 .debug_macro   0x000000000003d525      0x3ae Drivers/STM32H7xx_HAL_Driver/Src/stm32h7xx_hal_uart.o
 .debug_macro   0x000000000003d8d3      0x38f Drivers/STM32H7xx_HAL_Driver/Src/stm32h7xx_hal_uart_ex.o
 .debug_macro   0x000000000003dc62      0x3ad Drivers/STM32H7xx_HAL_Driver/Src/stm32h7xx_ll_fmc.o
 .debug_macro   0x000000000003e00f      0x384 Drivers/STM32H7xx_HAL_Driver/Src/stm32h7xx_ll_sdmmc.o
 .debug_macro   0x000000000003e393      0x383 Drivers/STM32H7xx_HAL_Driver/Src/stm32h7xx_ll_usb.o

.debug_line     0x0000000000000000    0x20363
 .debug_line    0x0000000000000000      0xd7f Core/Src/main.o
 .debug_line    0x0000000000000d7f      0xdcb Core/Src/stm32h7xx_hal_msp.o
 .debug_line    0x0000000000001b4a      0xb03 Core/Src/stm32h7xx_it.o
 .debug_line    0x000000000000264d      0xa9f Core/Src/system_stm32h7xx.o
 .debug_line    0x00000000000030ec       0x85 Core/Startup/startup_stm32h753xihx.o
 .debug_line    0x0000000000003171      0xe5c Drivers/STM32H7xx_HAL_Driver/Src/stm32h7xx_hal.o
 .debug_line    0x0000000000003fcd     0x1a28 Drivers/STM32H7xx_HAL_Driver/Src/stm32h7xx_hal_adc.o
 .debug_line    0x00000000000059f5     0x17cd Drivers/STM32H7xx_HAL_Driver/Src/stm32h7xx_hal_adc_ex.o
 .debug_line    0x00000000000071c2      0xd9b Drivers/STM32H7xx_HAL_Driver/Src/stm32h7xx_hal_cortex.o
 .debug_line    0x0000000000007f5d     0x14d7 Drivers/STM32H7xx_HAL_Driver/Src/stm32h7xx_hal_dfsdm.o
 .debug_line    0x0000000000009434     0x130b Drivers/STM32H7xx_HAL_Driver/Src/stm32h7xx_hal_eth.o
 .debug_line    0x000000000000a73f      0xc56 Drivers/STM32H7xx_HAL_Driver/Src/stm32h7xx_hal_gpio.o
 .debug_line    0x000000000000b395     0x206a Drivers/STM32H7xx_HAL_Driver/Src/stm32h7xx_hal_i2c.o
 .debug_line    0x000000000000d3ff      0xba3 Drivers/STM32H7xx_HAL_Driver/Src/stm32h7xx_hal_i2c_ex.o
 .debug_line    0x000000000000dfa2     0x1336 Drivers/STM32H7xx_HAL_Driver/Src/stm32h7xx_hal_ltdc.o
 .debug_line    0x000000000000f2d8     0x12b3 Drivers/STM32H7xx_HAL_Driver/Src/stm32h7xx_hal_nor.o
 .debug_line    0x000000000001058b      0xfe0 Drivers/STM32H7xx_HAL_Driver/Src/stm32h7xx_hal_pcd.o
 .debug_line    0x000000000001156b      0xb4a Drivers/STM32H7xx_HAL_Driver/Src/stm32h7xx_hal_pcd_ex.o
 .debug_line    0x00000000000120b5      0xe16 Drivers/STM32H7xx_HAL_Driver/Src/stm32h7xx_hal_pwr_ex.o
 .debug_line    0x0000000000012ecb     0x1085 Drivers/STM32H7xx_HAL_Driver/Src/stm32h7xx_hal_qspi.o
 .debug_line    0x0000000000013f50      0xdd0 Drivers/STM32H7xx_HAL_Driver/Src/stm32h7xx_hal_rcc.o
 .debug_line    0x0000000000014d20     0x102e Drivers/STM32H7xx_HAL_Driver/Src/stm32h7xx_hal_rcc_ex.o
 .debug_line    0x0000000000015d4e     0x134a Drivers/STM32H7xx_HAL_Driver/Src/stm32h7xx_hal_sai.o
 .debug_line    0x0000000000017098     0x14e7 Drivers/STM32H7xx_HAL_Driver/Src/stm32h7xx_hal_sd.o
 .debug_line    0x000000000001857f      0xe66 Drivers/STM32H7xx_HAL_Driver/Src/stm32h7xx_hal_sdram.o
 .debug_line    0x00000000000193e5      0xe0d Drivers/STM32H7xx_HAL_Driver/Src/stm32h7xx_hal_sram.o
 .debug_line    0x000000000001a1f2     0x276e Drivers/STM32H7xx_HAL_Driver/Src/stm32h7xx_hal_uart.o
 .debug_line    0x000000000001c960      0xcce Drivers/STM32H7xx_HAL_Driver/Src/stm32h7xx_hal_uart_ex.o
 .debug_line    0x000000000001d62e      0xc63 Drivers/STM32H7xx_HAL_Driver/Src/stm32h7xx_ll_fmc.o
 .debug_line    0x000000000001e291      0xf4d Drivers/STM32H7xx_HAL_Driver/Src/stm32h7xx_ll_sdmmc.o
 .debug_line    0x000000000001f1de     0x1185 Drivers/STM32H7xx_HAL_Driver/Src/stm32h7xx_ll_usb.o

.debug_str      0x0000000000000000   0x187737
 .debug_str     0x0000000000000000   0x17caa7 Core/Src/main.o
                                     0x17d5f2 (size before relaxing)
 .debug_str     0x000000000017caa7      0x28d Core/Src/stm32h7xx_hal_msp.o
                                     0x17cde2 (size before relaxing)
 .debug_str     0x000000000017cd34       0xbd Core/Src/stm32h7xx_it.o
                                     0x17a34b (size before relaxing)
 .debug_str     0x000000000017cdf1      0x1d3 Core/Src/system_stm32h7xx.o
                                     0x178a65 (size before relaxing)
 .debug_str     0x000000000017cfc4       0x36 Core/Startup/startup_stm32h753xihx.o
                                         0x58 (size before relaxing)
 .debug_str     0x000000000017cffa      0xf6b Drivers/STM32H7xx_HAL_Driver/Src/stm32h7xx_hal.o
                                     0x179a35 (size before relaxing)
 .debug_str     0x000000000017df65      0xa1b Drivers/STM32H7xx_HAL_Driver/Src/stm32h7xx_hal_adc.o
                                     0x1797c9 (size before relaxing)
 .debug_str     0x000000000017e980      0x883 Drivers/STM32H7xx_HAL_Driver/Src/stm32h7xx_hal_adc_ex.o
                                     0x1798cc (size before relaxing)
 .debug_str     0x000000000017f203      0x3a1 Drivers/STM32H7xx_HAL_Driver/Src/stm32h7xx_hal_cortex.o
                                     0x1794e1 (size before relaxing)
 .debug_str     0x000000000017f5a4      0xc03 Drivers/STM32H7xx_HAL_Driver/Src/stm32h7xx_hal_dfsdm.o
                                     0x179860 (size before relaxing)
 .debug_str     0x00000000001801a7     0x1015 Drivers/STM32H7xx_HAL_Driver/Src/stm32h7xx_hal_eth.o
                                     0x17a254 (size before relaxing)
 .debug_str     0x00000000001811bc      0x1ff Drivers/STM32H7xx_HAL_Driver/Src/stm32h7xx_hal_gpio.o
                                     0x178c6a (size before relaxing)
 .debug_str     0x00000000001813bb      0xd2f Drivers/STM32H7xx_HAL_Driver/Src/stm32h7xx_hal_i2c.o
                                     0x179ab1 (size before relaxing)
 .debug_str     0x00000000001820ea       0xb8 Drivers/STM32H7xx_HAL_Driver/Src/stm32h7xx_hal_i2c_ex.o