main.c:168:5:main	32	static
main.c:441:6:SystemClock_Config	312	static
main.c:540:13:MX_ADC1_Init	48	static
main.c:604:13:MX_DFSDM1_Init	8	static
main.c:642:13:MX_ETH_Init	8	static
main.c:688:13:MX_I2C1_Init	8	static
main.c:734:13:MX_LTDC_Init	64	static
main.c:805:13:MX_QUADSPI_Init	8	static
main.c:839:13:MX_SAI1_Init	8	static
main.c:920:13:MX_SDMMC1_SD_Init	8	static
main.c:951:13:MX_USART1_UART_Init	8	static
main.c:999:13:MX_USB_OTG_FS_PCD_Init	8	static
main.c:1035:13:MX_USB_OTG_HS_PCD_Init	8	static
main.c:1067:13:MX_FMC_Init	64	static
main.c:1189:13:MX_GPIO_Init	72	static
main.c:1268:6:Error_Handler	4	static
