Archive member included to satisfy reference by file (symbol)

c:/st/stm32cubeide_1.2.0/stm32cubeide/plugins/com.st.stm32cube.ide.mcu.externaltools.gnu-tools-for-stm32.7-2018-q2-update.win32_1.0.0.201904181610/tools/bin/../lib/gcc/arm-none-eabi/7.3.1/../../../../arm-none-eabi/lib/thumb/v7e-m/fpv5/hard\libc_nano.a(lib_a-errno.o)
                              Core/Src/syscalls.o (__errno)
c:/st/stm32cubeide_1.2.0/stm32cubeide/plugins/com.st.stm32cube.ide.mcu.externaltools.gnu-tools-for-stm32.7-2018-q2-update.win32_1.0.0.201904181610/tools/bin/../lib/gcc/arm-none-eabi/7.3.1/../../../../arm-none-eabi/lib/thumb/v7e-m/fpv5/hard\libc_nano.a(lib_a-exit.o)
                              c:/st/stm32cubeide_1.2.0/stm32cubeide/plugins/com.st.stm32cube.ide.mcu.externaltools.gnu-tools-for-stm32.7-2018-q2-update.win32_1.0.0.201904181610/tools/bin/../lib/gcc/arm-none-eabi/7.3.1/../../../../arm-none-eabi/lib/thumb/v7e-m/fpv5/hard/crt0.o (exit)
c:/st/stm32cubeide_1.2.0/stm32cubeide/plugins/com.st.stm32cube.ide.mcu.externaltools.gnu-tools-for-stm32.7-2018-q2-update.win32_1.0.0.201904181610/tools/bin/../lib/gcc/arm-none-eabi/7.3.1/../../../../arm-none-eabi/lib/thumb/v7e-m/fpv5/hard\libc_nano.a(lib_a-impure.o)
                              c:/st/stm32cubeide_1.2.0/stm32cubeide/plugins/com.st.stm32cube.ide.mcu.externaltools.gnu-tools-for-stm32.7-2018-q2-update.win32_1.0.0.201904181610/tools/bin/../lib/gcc/arm-none-eabi/7.3.1/../../../../arm-none-eabi/lib/thumb/v7e-m/fpv5/hard\libc_nano.a(lib_a-exit.o) (_global_impure_ptr)
c:/st/stm32cubeide_1.2.0/stm32cubeide/plugins/com.st.stm32cube.ide.mcu.externaltools.gnu-tools-for-stm32.7-2018-q2-update.win32_1.0.0.201904181610/tools/bin/../lib/gcc/arm-none-eabi/7.3.1/../../../../arm-none-eabi/lib/thumb/v7e-m/fpv5/hard\libc_nano.a(lib_a-init.o)
                              c:/st/stm32cubeide_1.2.0/stm32cubeide/plugins/com.st.stm32cube.ide.mcu.externaltools.gnu-tools-for-stm32.7-2018-q2-update.win32_1.0.0.201904181610/tools/bin/../lib/gcc/arm-none-eabi/7.3.1/../../../../arm-none-eabi/lib/thumb/v7e-m/fpv5/hard/crt0.o (__libc_init_array)
c:/st/stm32cubeide_1.2.0/stm32cubeide/plugins/com.st.stm32cube.ide.mcu.externaltools.gnu-tools-for-stm32.7-2018-q2-update.win32_1.0.0.201904181610/tools/bin/../lib/gcc/arm-none-eabi/7.3.1/../../../../arm-none-eabi/lib/thumb/v7e-m/fpv5/hard\libc_nano.a(lib_a-memset.o)
                              c:/st/stm32cubeide_1.2.0/stm32cubeide/plugins/com.st.stm32cube.ide.mcu.externaltools.gnu-tools-for-stm32.7-2018-q2-update.win32_1.0.0.201904181610/tools/bin/../lib/gcc/arm-none-eabi/7.3.1/../../../../arm-none-eabi/lib/thumb/v7e-m/fpv5/hard/crt0.o (memset)
c:/st/stm32cubeide_1.2.0/stm32cubeide/plugins/com.st.stm32cube.ide.mcu.externaltools.gnu-tools-for-stm32.7-2018-q2-update.win32_1.0.0.201904181610/tools/bin/../lib/gcc/arm-none-eabi/7.3.1/thumb/v7e-m/fpv5/hard\libgcc.a(_aeabi_uldivmod.o)
                              Drivers/STM32H7xx_HAL_Driver/Src/stm32h7xx_hal_uart.o (__aeabi_uldivmod)
c:/st/stm32cubeide_1.2.0/stm32cubeide/plugins/com.st.stm32cube.ide.mcu.externaltools.gnu-tools-for-stm32.7-2018-q2-update.win32_1.0.0.201904181610/tools/bin/../lib/gcc/arm-none-eabi/7.3.1/thumb/v7e-m/fpv5/hard\libgcc.a(_udivmoddi4.o)
                              c:/st/stm32cubeide_1.2.0/stm32cubeide/plugins/com.st.stm32cube.ide.mcu.externaltools.gnu-tools-for-stm32.7-2018-q2-update.win32_1.0.0.201904181610/tools/bin/../lib/gcc/arm-none-eabi/7.3.1/thumb/v7e-m/fpv5/hard\libgcc.a(_aeabi_uldivmod.o) (__udivmoddi4)
c:/st/stm32cubeide_1.2.0/stm32cubeide/plugins/com.st.stm32cube.ide.mcu.externaltools.gnu-tools-for-stm32.7-2018-q2-update.win32_1.0.0.201904181610/tools/bin/../lib/gcc/arm-none-eabi/7.3.1/thumb/v7e-m/fpv5/hard\libgcc.a(_dvmd_tls.o)
                              c:/st/stm32cubeide_1.2.0/stm32cubeide/plugins/com.st.stm32cube.ide.mcu.externaltools.gnu-tools-for-stm32.7-2018-q2-update.win32_1.0.0.201904181610/tools/bin/../lib/gcc/arm-none-eabi/7.3.1/thumb/v7e-m/fpv5/hard\libgcc.a(_aeabi_uldivmod.o) (__aeabi_ldiv0)

Allocating common symbols
Common symbol       size              file

hdfsdm1_channel1    0x38              Core/Src/main.o
hpcd_USB_OTG_HS     0x408             Core/Src/main.o
hi2c1               0x4c              Core/Src/main.o
hpcd_USB_OTG_FS     0x408             Core/Src/main.o
hsd1                0x80              Core/Src/main.o
uwTick              0x4               Drivers/STM32H7xx_HAL_Driver/Src/stm32h7xx_hal.o
pFlash              0x1c              Drivers/STM32H7xx_HAL_Driver/Src/stm32h7xx_hal_flash.o
hltdc               0xa8              Core/Src/main.o
hsai_BlockB1        0x98              Core/Src/main.o
hadc1               0x64              Core/Src/main.o
huart1              0x8c              Core/Src/main.o
hnor1               0x48              Core/Src/main.o
hsram2              0x4c              Core/Src/main.o
hsai_BlockA1        0x98              Core/Src/main.o
hsdram1             0x34              Core/Src/main.o
[...]
Memory Configuration

Name             Origin             Length             Attributes
DTCMRAM          0x0000000020000000 0x0000000000020000 xrw
ITCMRAM          0x0000000000000000 0x0000000000010000 xrw
RAM_D1           0x0000000024000000 0x0000000000080000 xrw
RAM_D2           0x0000000030000000 0x0000000000048000 xrw
RAM_D3           0x0000000038000000 0x0000000000010000 xrw
FLASH            0x0000000008000000 0x0000000000200000 xr
*default*        0x0000000000000000 0xffffffffffffffff

Linker script and memory map

LOAD c:/st/stm32cubeide_1.2.0/stm32cubeide/plugins/com.st.stm32cube.ide.mcu.externaltools.gnu-tools-for-stm32.7-2018-q2-update.win32_1.0.0.201904181610/tools/bin/../lib/gcc/arm-none-eabi/7.3.1/thumb/v7e-m/fpv5/hard/crti.o
LOAD c:/st/stm32cubeide_1.2.0/stm32cubeide/plugins/com.st.stm32cube.ide.mcu.externaltools.gnu-tools-for-stm32.7-2018-q2-update.win32_1.0.0.201904181610/tools/bin/../lib/gcc/arm-none-eabi/7.3.1/thumb/v7e-m/fpv5/hard/crtbegin.o
LOAD c:/st/stm32cubeide_1.2.0/stm32cubeide/plugins/com.st.stm32cube.ide.mcu.externaltools.gnu-tools-for-stm32.7-2018-q2-update.win32_1.0.0.201904181610/tools/bin/../lib/gcc/arm-none-eabi/7.3.1/../../../../arm-none-eabi/lib/thumb/v7e-m/fpv5/hard/crt0.o
LOAD Core/Src/main.o
LOAD Core/Src/stm32h7xx_hal_msp.o
LOAD Core/Src/stm32h7xx_it.o
LOAD Core/Src/syscalls.o
LOAD Core/Src/sysmem.o
LOAD Core/Src/system_stm32h7xx.o
LOAD Core/Startup/startup_stm32h753xihx.o
LOAD Drivers/STM32H7xx_HAL_Driver/Src/stm32h7xx_hal.o
LOAD Drivers/STM32H7xx_HAL_Driver/Src/stm32h7xx_hal_adc.o
LOAD Drivers/STM32H7xx_HAL_Driver/Src/stm32h7xx_hal_adc_ex.o
LOAD Drivers/STM32H7xx_HAL_Driver/Src/stm32h7xx_hal_cortex.o
LOAD Drivers/STM32H7xx_HAL_Driver/Src/stm32h7xx_hal_dfsdm.o
LOAD Drivers/STM32H7xx_HAL_Driver/Src/stm32h7xx_hal_dma.o
LOAD Drivers/STM32H7xx_HAL_Driver/Src/stm32h7xx_hal_dma_ex.o
LOAD Drivers/STM32H7xx_HAL_Driver/Src/stm32h7xx_hal_eth.o
LOAD Drivers/STM32H7xx_HAL_Driver/Src/stm32h7xx_hal_eth_ex.o
LOAD Drivers/STM32H7xx_HAL_Driver/Src/stm32h7xx_hal_exti.o
LOAD Drivers/STM32H7xx_HAL_Driver/Src/stm32h7xx_hal_flash.o
LOAD Drivers/STM32H7xx_HAL_Driver/Src/stm32h7xx_hal_flash_ex.o
LOAD Drivers/STM32H7xx_HAL_Driver/Src/stm32h7xx_hal_gpio.o
LOAD Drivers/STM32H7xx_HAL_Driver/Src/stm32h7xx_hal_hsem.o
LOAD Drivers/STM32H7xx_HAL_Driver/Src/stm32h7xx_hal_i2c.o
LOAD Drivers/STM32H7xx_HAL_Driver/Src/stm32h7xx_hal_i2c_ex.o
LOAD Drivers/STM32H7xx_HAL_Driver/Src/stm32h7xx_hal_ltdc.o
LOAD Drivers/STM32H7xx_HAL_Driver/Src/stm32h7xx_hal_ltdc_ex.o
LOAD Drivers/STM32H7xx_HAL_Driver/Src/stm32h7xx_hal_mdma.o
LOAD Drivers/STM32H7xx_HAL_Driver/Src/stm32h7xx_hal_nor.o
LOAD Drivers/STM32H7xx_HAL_Driver/Src/stm32h7xx_hal_pcd.o
LOAD Drivers/STM32H7xx_HAL_Driver/Src/stm32h7xx_hal_pcd_ex.o
LOAD Drivers/STM32H7xx_HAL_Driver/Src/stm32h7xx_hal_pwr.o
LOAD Drivers/STM32H7xx_HAL_Driver/Src/stm32h7xx_hal_pwr_ex.o
LOAD Drivers/STM32H7xx_HAL_Driver/Src/stm32h7xx_hal_qspi.o
LOAD Drivers/STM32H7xx_HAL_Driver/Src/stm32h7xx_hal_rcc.o
LOAD Drivers/STM32H7xx_HAL_Driver/Src/stm32h7xx_hal_rcc_ex.o
LOAD Drivers/STM32H7xx_HAL_Driver/Src/stm32h7xx_hal_sai.o
LOAD Drivers/STM32H7xx_HAL_Driver/Src/stm32h7xx_hal_sai_ex.o
LOAD Drivers/STM32H7xx_HAL_Driver/Src/stm32h7xx_hal_sd.o
LOAD Drivers/STM32H7xx_HAL_Driver/Src/stm32h7xx_hal_sd_ex.o
LOAD Drivers/STM32H7xx_HAL_Driver/Src/stm32h7xx_hal_sdram.o
LOAD Drivers/STM32H7xx_HAL_Driver/Src/stm32h7xx_hal_sram.o
LOAD Drivers/STM32H7xx_HAL_Driver/Src/stm32h7xx_hal_tim.o
LOAD Drivers/STM32H7xx_HAL_Driver/Src/stm32h7xx_hal_tim_ex.o
LOAD Drivers/STM32H7xx_HAL_Driver/Src/stm32h7xx_hal_uart.o
LOAD Drivers/STM32H7xx_HAL_Driver/Src/stm32h7xx_hal_uart_ex.o
LOAD Drivers/STM32H7xx_HAL_Driver/Src/stm32h7xx_ll_delayblock.o
LOAD Drivers/STM32H7xx_HAL_Driver/Src/stm32h7xx_ll_fmc.o
LOAD Drivers/STM32H7xx_HAL_Driver/Src/stm32h7xx_ll_sdmmc.o
LOAD Drivers/STM32H7xx_HAL_Driver/Src/stm32h7xx_ll_usb.o
START GROUP
LOAD c:/st/stm32cubeide_1.2.0/stm32cubeide/plugins/com.st.stm32cube.ide.mcu.externaltools.gnu-tools-for-stm32.7-2018-q2-update.win32_1.0.0.201904181610/tools/bin/../lib/gcc/arm-none-eabi/7.3.1/../../../../arm-none-eabi/lib/thumb/v7e-m/fpv5/hard\libc_nano.a
LOAD c:/st/stm32cubeide_1.2.0/stm32cubeide/plugins/com.st.stm32cube.ide.mcu.externaltools.gnu-tools-for-stm32.7-2018-q2-update.win32_1.0.0.201904181610/tools/bin/../lib/gcc/arm-none-eabi/7.3.1/../../../../arm-none-eabi/lib/thumb/v7e-m/fpv5/hard\libm.a
END GROUP
START GROUP
LOAD c:/st/stm32cubeide_1.2.0/stm32cubeide/plugins/com.st.stm32cube.ide.mcu.externaltools.gnu-tools-for-stm32.7-2018-q2-update.win32_1.0.0.201904181610/tools/bin/../lib/gcc/arm-none-eabi/7.3.1/thumb/v7e-m/fpv5/hard\libgcc.a
LOAD c:/st/stm32cubeide_1.2.0/stm32cubeide/plugins/com.st.stm32cube.ide.mcu.externaltools.gnu-tools-for-stm32.7-2018-q2-update.win32_1.0.0.201904181610/tools/bin/../lib/gcc/arm-none-eabi/7.3.1/../../../../arm-none-eabi/lib/thumb/v7e-m/fpv5/hard\libc_nano.a
END GROUP
START GROUP
LOAD c:/st/stm32cubeide_1.2.0/stm32cubeide/plugins/com.st.stm32cube.ide.mcu.externaltools.gnu-tools-for-stm32.7-2018-q2-update.win32_1.0.0.201904181610/tools/bin/../lib/gcc/arm-none-eabi/7.3.1/thumb/v7e-m/fpv5/hard\libgcc.a
LOAD c:/st/stm32cubeide_1.2.0/stm32cubeide/plugins/com.st.stm32cube.ide.mcu.externaltools.gnu-tools-for-stm32.7-2018-q2-update.win32_1.0.0.201904181610/tools/bin/../lib/gcc/arm-none-eabi/7.3.1/../../../../arm-none-eabi/lib/thumb/v7e-m/fpv5/hard\libc_nano.a
LOAD c:/st/stm32cubeide_1.2.0/stm32cubeide/plugins/com.st.stm32cube.ide.mcu.externaltools.gnu-tools-for-stm32.7-2018-q2-update.win32_1.0.0.201904181610/tools/bin/../lib/gcc/arm-none-eabi/7.3.1/../../../../arm-none-eabi/lib/thumb/v7e-m/fpv5/hard\libnosys.a
END GROUP
START GROUP
LOAD c:/st/stm32cubeide_1.2.0/stm32cubeide/plugins/com.st.stm32cube.ide.mcu.externaltools.gnu-tools-for-stm32.7-2018-q2-update.win32_1.0.0.201904181610/tools/bin/../lib/gcc/arm-none-eabi/7.3.1/thumb/v7e-m/fpv5/hard\libgcc.a
LOAD c:/st/stm32cubeide_1.2.0/stm32cubeide/plugins/com.st.stm32cube.ide.mcu.externaltools.gnu-tools-for-stm32.7-2018-q2-update.win32_1.0.0.201904181610/tools/bin/../lib/gcc/arm-none-eabi/7.3.1/../../../../arm-none-eabi/lib/thumb/v7e-m/fpv5/hard\libc_nano.a
LOAD c:/st/stm32cubeide_1.2.0/stm32cubeide/plugins/com.st.stm32cube.ide.mcu.externaltools.gnu-tools-for-stm32.7-2018-q2-update.win32_1.0.0.201904181610/tools/bin/../lib/gcc/arm-none-eabi/7.3.1/../../../../arm-none-eabi/lib/thumb/v7e-m/fpv5/hard\libnosys.a
END GROUP
LOAD c:/st/stm32cubeide_1.2.0/stm32cubeide/plugins/com.st.stm32cube.ide.mcu.externaltools.gnu-tools-for-stm32.7-2018-q2-update.win32_1.0.0.201904181610/tools/bin/../lib/gcc/arm-none-eabi/7.3.1/thumb/v7e-m/fpv5/hard/crtend.o
LOAD c:/st/stm32cubeide_1.2.0/stm32cubeide/plugins/com.st.stm32cube.ide.mcu.externaltools.gnu-tools-for-stm32.7-2018-q2-update.win32_1.0.0.201904181610/tools/bin/../lib/gcc/arm-none-eabi/7.3.1/thumb/v7e-m/fpv5/hard/crtn.o
                0x0000000024080000                _estack = (ORIGIN (RAM_D1) + LENGTH (RAM_D1))
                0x0000000000000200                _Min_Heap_Size = 0x200
                0x0000000000000400                _Min_Stack_Size = 0x400

.isr_vector     0x0000000008000000      0x298
                0x0000000008000000                . = ALIGN (0x4)
 *(.isr_vector)
 .isr_vector    0x0000000008000000      0x298 Core/Startup/startup_stm32h753xihx.o
                0x0000000008000000                g_pfnVectors
                0x0000000008000298                . = ALIGN (0x4)

.text           0x0000000008000298     0xd0a8
                0x0000000008000298                . = ALIGN (0x4)
 *(.text)
 .text          0x0000000008000298       0x40 c:/st/stm32cubeide_1.2.0/stm32cubeide/plugins/com.st.stm32cube.ide.mcu.externaltools.gnu-tools-for-stm32.7-2018-q2-update.win32_1.0.0.201904181610/tools/bin/../lib/gcc/arm-none-eabi/7.3.1/thumb/v7e-m/fpv5/hard/crtbegin.o
 .text          0x00000000080002d8       0x30 c:/st/stm32cubeide_1.2.0/stm32cubeide/plugins/com.st.stm32cube.ide.mcu.externaltools.gnu-tools-for-stm32.7-2018-q2-update.win32_1.0.0.201904181610/tools/bin/../lib/gcc/arm-none-eabi/7.3.1/thumb/v7e-m/fpv5/hard\libgcc.a(_aeabi_uldivmod.o)
                0x00000000080002d8                __aeabi_uldivmod
 .text          0x0000000008000308      0x2cc c:/st/stm32cubeide_1.2.0/stm32cubeide/plugins/com.st.stm32cube.ide.mcu.externaltools.gnu-tools-for-stm32.7-2018-q2-update.win32_1.0.0.201904181610/tools/bin/../lib/gcc/arm-none-eabi/7.3.1/thumb/v7e-m/fpv5/hard\libgcc.a(_udivmoddi4.o)
                0x0000000008000308                __udivmoddi4
 .text          0x00000000080005d4        0x4 c:/st/stm32cubeide_1.2.0/stm32cubeide/plugins/com.st.stm32cube.ide.mcu.externaltools.gnu-tools-for-stm32.7-2018-q2-update.win32_1.0.0.201904181610/tools/bin/../lib/gcc/arm-none-eabi/7.3.1/thumb/v7e-m/fpv5/hard\libgcc.a(_dvmd_tls.o)
                0x00000000080005d4                __aeabi_idiv0
                0x00000000080005d4                __aeabi_ldiv0
 *(.text*)
 .text.main     0x00000000080005d8       0x84 Core/Src/main.o
                0x00000000080005d8                main
 .text.SystemClock_Config
                0x000000000800065c      0x25c Core/Src/main.o
                0x000000000800065c                SystemClock_Config
 .text.MX_ADC1_Init
                0x00000000080008b8       0xf0 Core/Src/main.o
 .text.MX_DFSDM1_Init
                0x00000000080009a8       0x70 Core/Src/main.o
 .text.MX_ETH_Init
                0x0000000008000a18       0xa4 Core/Src/main.o
 .text.MX_I2C1_Init
                0x0000000008000abc       0x80 Core/Src/main.o
 .text.MX_LTDC_Init
                0x0000000008000b3c      0x104 Core/Src/main.o
 .text.MX_QUADSPI_Init
                0x0000000008000c40       0x50 Core/Src/main.o
 .text.MX_SAI1_Init
                0x0000000008000c90      0x17c Core/Src/main.o
 .text.MX_SDMMC1_SD_Init
                0x0000000008000e0c       0x4c Core/Src/main.o
 .text.MX_USART1_UART_Init
                0x0000000008000e58       0x98 Core/Src/main.o
 .text.MX_USB_OTG_FS_PCD_Init
                0x0000000008000ef0       0x64 Core/Src/main.o
 .text.MX_USB_OTG_HS_PCD_Init
                0x0000000008000f54       0x64 Core/Src/main.o
 .text.MX_FMC_Init
                0x0000000008000fb8      0x1f8 Core/Src/main.o
 .text.MX_GPIO_Init
                0x00000000080011b0      0x260 Core/Src/main.o
 .text.Error_Handler
                0x0000000008001410        0xe Core/Src/main.o
                0x0000000008001410                Error_Handler
 *fill*         0x000000000800141e        0x2 
 .text.HAL_MspInit
                0x0000000008001420       0x34 Core/Src/stm32h7xx_hal_msp.o
                0x0000000008001420                HAL_MspInit
 .text.HAL_ADC_MspInit
                0x0000000008001454       0x78 Core/Src/stm32h7xx_hal_msp.o
                0x0000000008001454                HAL_ADC_MspInit
 .text.HAL_DFSDM_ChannelMspInit
                0x00000000080014cc       0xb0 Core/Src/stm32h7xx_hal_msp.o
                0x00000000080014cc                HAL_DFSDM_ChannelMspInit
 .text.HAL_ETH_MspInit
                0x000000000800157c      0x158 Core/Src/stm32h7xx_hal_msp.o
                0x000000000800157c                HAL_ETH_MspInit
 .text.HAL_I2C_MspInit
                0x00000000080016d4       0x94 Core/Src/stm32h7xx_hal_msp.o
                0x00000000080016d4                HAL_I2C_MspInit
 .text.HAL_LTDC_MspInit
                0x0000000008001768      0x13c Core/Src/stm32h7xx_hal_msp.o
                0x0000000008001768                HAL_LTDC_MspInit
 .text.HAL_QSPI_MspInit
                0x00000000080018a4      0x1a0 Core/Src/stm32h7xx_hal_msp.o
                0x00000000080018a4                HAL_QSPI_MspInit
 .text.HAL_SD_MspInit
                0x0000000008001a44      0x13c Core/Src/stm32h7xx_hal_msp.o
                0x0000000008001a44                HAL_SD_MspInit
 .text.HAL_UART_MspInit
                0x0000000008001b80       0x94 Core/Src/stm32h7xx_hal_msp.o
                0x0000000008001b80                HAL_UART_MspInit
 .text.HAL_PCD_MspInit
                0x0000000008001c14      0x22c Core/Src/stm32h7xx_hal_msp.o
                0x0000000008001c14                HAL_PCD_MspInit
 .text.HAL_FMC_MspInit
                0x0000000008001e40      0x13c Core/Src/stm32h7xx_hal_msp.o
 .text.HAL_NOR_MspInit
                0x0000000008001f7c       0x14 Core/Src/stm32h7xx_hal_msp.o
                0x0000000008001f7c                HAL_NOR_MspInit
 .text.HAL_SRAM_MspInit
                0x0000000008001f90       0x14 Core/Src/stm32h7xx_hal_msp.o
                0x0000000008001f90                HAL_SRAM_MspInit
 .text.HAL_SDRAM_MspInit
                0x0000000008001fa4       0x14 Core/Src/stm32h7xx_hal_msp.o
                0x0000000008001fa4                HAL_SDRAM_MspInit
 .text.HAL_SAI_MspInit
                0x0000000008001fb8       0xfc Core/Src/stm32h7xx_hal_msp.o
                0x0000000008001fb8                HAL_SAI_MspInit
 .text.NMI_Handler
                0x00000000080020b4        0xe Core/Src/stm32h7xx_it.o
                0x00000000080020b4                NMI_Handler
 .text.HardFault_Handler
                0x00000000080020c2        0x6 Core/Src/stm32h7xx_it.o
                0x00000000080020c2                HardFault_Handler
 .text.MemManage_Handler
                0x00000000080020c8        0x6 Core/Src/stm32h7xx_it.o
                0x00000000080020c8                MemManage_Handler
 .text.BusFault_Handler
                0x00000000080020ce        0x6 Core/Src/stm32h7xx_it.o
                0x00000000080020ce                BusFault_Handler
 .text.UsageFault_Handler
                0x00000000080020d4        0x6 Core/Src/stm32h7xx_it.o
                0x00000000080020d4                UsageFault_Handler
 .text.SVC_Handler
                0x00000000080020da        0xe Core/Src/stm32h7xx_it.o
                0x00000000080020da                SVC_Handler
 .text.DebugMon_Handler
                0x00000000080020e8        0xe Core/Src/stm32h7xx_it.o
                0x00000000080020e8                DebugMon_Handler
 .text.PendSV_Handler
                0x00000000080020f6        0xe Core/Src/stm32h7xx_it.o
                0x00000000080020f6                PendSV_Handler
 .text.SysTick_Handler
                0x0000000008002104        0xc Core/Src/stm32h7xx_it.o
                0x0000000008002104                SysTick_Handler
 .text.FMC_IRQHandler
                0x0000000008002110       0x14 Core/Src/stm32h7xx_it.o
                0x0000000008002110                FMC_IRQHandler
 .text.LTDC_IRQHandler
                0x0000000008002124       0x14 Core/Src/stm32h7xx_it.o
                0x0000000008002124                LTDC_IRQHandler
 .text.LTDC_ER_IRQHandler
                0x0000000008002138       0x14 Core/Src/stm32h7xx_it.o
                0x0000000008002138                LTDC_ER_IRQHandler
 .text.SystemInit
                0x000000000800214c       0xc4 Core/Src/system_stm32h7xx.o
                0x000000000800214c                SystemInit
 .text.Reset_Handler
                0x0000000008002210       0x50 Core/Startup/startup_stm32h753xihx.o
                0x0000000008002210                Reset_Handler
 .text.Default_Handler
                0x0000000008002260        0x2 Core/Startup/startup_stm32h753xihx.o
                0x0000000008002260                RTC_Alarm_IRQHandler
                0x0000000008002260                HASH_RNG_IRQHandler
                0x0000000008002260                EXTI2_IRQHandler
                0x0000000008002260                TIM8_CC_IRQHandler
                0x0000000008002260                HRTIM1_Master_IRQHandler
                0x0000000008002260                UART8_IRQHandler
                0x0000000008002260                SPI4_IRQHandler
                0x0000000008002260                TIM1_CC_IRQHandler
                0x0000000008002260                BDMA_Channel6_IRQHandler
                0x0000000008002260                DMA2_Stream5_IRQHandler
                0x0000000008002260                HRTIM1_FLT_IRQHandler
                0x0000000008002260                JPEG_IRQHandler
                0x0000000008002260                DMA1_Stream5_IRQHandler
                0x0000000008002260                BDMA_Channel1_IRQHandler
                0x0000000008002260                HRTIM1_TIMD_IRQHandler
                0x0000000008002260                TAMP_STAMP_IRQHandler
                0x0000000008002260                EXTI3_IRQHandler
                0x0000000008002260                LPTIM4_IRQHandler
                0x0000000008002260                TIM8_TRG_COM_TIM14_IRQHandler
                0x0000000008002260                LPTIM2_IRQHandler
                0x0000000008002260                DFSDM1_FLT1_IRQHandler
                0x0000000008002260                DMAMUX2_OVR_IRQHandler
                0x0000000008002260                TIM8_UP_TIM13_IRQHandler
                0x0000000008002260                I2C3_ER_IRQHandler
                0x0000000008002260                DFSDM1_FLT2_IRQHandler
                0x0000000008002260                MDMA_IRQHandler
                0x0000000008002260                LPTIM3_IRQHandler
                0x0000000008002260                HSEM1_IRQHandler
                0x0000000008002260                EXTI0_IRQHandler
                0x0000000008002260                I2C2_EV_IRQHandler
                0x0000000008002260                DMA1_Stream2_IRQHandler
                0x0000000008002260                FPU_IRQHandler
                0x0000000008002260                OTG_HS_WKUP_IRQHandler
                0x0000000008002260                FDCAN1_IT1_IRQHandler
                0x0000000008002260                DMA2_Stream2_IRQHandler
                0x0000000008002260                HRTIM1_TIME_IRQHandler
                0x0000000008002260                SPI1_IRQHandler
                0x0000000008002260                TIM6_DAC_IRQHandler
                0x0000000008002260                DCMI_IRQHandler
                0x0000000008002260                HRTIM1_TIMC_IRQHandler
                0x0000000008002260                DMA2_Stream3_IRQHandler
                0x0000000008002260                SAI2_IRQHandler
                0x0000000008002260                DFSDM1_FLT3_IRQHandler
                0x0000000008002260                USART6_IRQHandler
                0x0000000008002260                TIM17_IRQHandler
                0x0000000008002260                USART3_IRQHandler
                0x0000000008002260                BDMA_Channel7_IRQHandler
                0x0000000008002260                CRYP_IRQHandler
                0x0000000008002260                LPTIM5_IRQHandler
                0x0000000008002260                UART5_IRQHandler
                0x0000000008002260                ADC3_IRQHandler
                0x0000000008002260                DMA2_Stream0_IRQHandler
                0x0000000008002260                TIM4_IRQHandler
                0x0000000008002260                BDMA_Channel2_IRQHandler
                0x0000000008002260                QUADSPI_IRQHandler
                0x0000000008002260                I2C1_EV_IRQHandler
                0x0000000008002260                DMA1_Stream6_IRQHandler
                0x0000000008002260                DMAMUX1_OVR_IRQHandler
                0x0000000008002260                DMA1_Stream1_IRQHandler
                0x0000000008002260                TIM16_IRQHandler
                0x0000000008002260                UART4_IRQHandler
                0x0000000008002260                BDMA_Channel5_IRQHandler
                0x0000000008002260                TIM3_IRQHandler
                0x0000000008002260                RCC_IRQHandler
                0x0000000008002260                TIM8_BRK_TIM12_IRQHandler
                0x0000000008002260                TIM1_TRG_COM_IRQHandler
                0x0000000008002260                Default_Handler
                0x0000000008002260                ECC_IRQHandler
                0x0000000008002260                CEC_IRQHandler
                0x0000000008002260                EXTI15_10_IRQHandler
                0x0000000008002260                BDMA_Channel0_IRQHandler
                0x0000000008002260                ADC_IRQHandler
                0x0000000008002260                DMA1_Stream7_IRQHandler
                0x0000000008002260                HRTIM1_TIMA_IRQHandler
                0x0000000008002260                SPI5_IRQHandler
                0x0000000008002260                TIM7_IRQHandler
                0x0000000008002260                SDMMC1_IRQHandler
                0x0000000008002260                TIM5_IRQHandler
                0x0000000008002260                DMA2_Stream7_IRQHandler
                0x0000000008002260                TIM15_IRQHandler
                0x0000000008002260                PVD_AVD_IRQHandler
                0x0000000008002260                I2C3_EV_IRQHandler
                0x0000000008002260                EXTI9_5_IRQHandler
                0x0000000008002260                RTC_WKUP_IRQHandler
                0x0000000008002260                SAI3_IRQHandler
                0x0000000008002260                ETH_WKUP_IRQHandler
                0x0000000008002260                SPDIF_RX_IRQHandler
                0x0000000008002260                SPI2_IRQHandler
                0x0000000008002260                OTG_HS_EP1_IN_IRQHandler
                0x0000000008002260                DMA1_Stream0_IRQHandler
                0x0000000008002260                CRS_IRQHandler
                0x0000000008002260                EXTI4_IRQHandler
                0x0000000008002260                HRTIM1_TIMB_IRQHandler
                0x0000000008002260                FDCAN2_IT1_IRQHandler
                0x0000000008002260                ETH_IRQHandler
                0x0000000008002260                TIM1_UP_IRQHandler
                0x0000000008002260                BDMA_Channel4_IRQHandler
                0x0000000008002260                OTG_HS_EP1_OUT_IRQHandler
                0x0000000008002260                WWDG_IRQHandler
                0x0000000008002260                SPI6_IRQHandler
                0x0000000008002260                MDIOS_IRQHandler
                0x0000000008002260                I2C4_EV_IRQHandler
                0x0000000008002260                FDCAN2_IT0_IRQHandler
                0x0000000008002260                LPUART1_IRQHandler
                0x0000000008002260                FDCAN1_IT0_IRQHandler
                0x0000000008002260                TIM2_IRQHandler
                0x0000000008002260                OTG_FS_WKUP_IRQHandler
                0x0000000008002260                OTG_HS_IRQHandler
                0x0000000008002260                DMA2D_IRQHandler
                0x0000000008002260                TIM1_BRK_IRQHandler
                0x0000000008002260                EXTI1_IRQHandler
                0x0000000008002260                SDMMC2_IRQHandler
                0x0000000008002260                OTG_FS_EP1_OUT_IRQHandler
                0x0000000008002260                BDMA_Channel3_IRQHandler
                0x0000000008002260                UART7_IRQHandler
                0x0000000008002260                MDIOS_WKUP_IRQHandler
                0x0000000008002260                USART2_IRQHandler
                0x0000000008002260                DFSDM1_FLT0_IRQHandler
                0x0000000008002260                SAI4_IRQHandler
                0x0000000008002260                I2C2_ER_IRQHandler
                0x0000000008002260                DMA2_Stream1_IRQHandler
                0x0000000008002260                FLASH_IRQHandler
                0x0000000008002260                DMA2_Stream4_IRQHandler
                0x0000000008002260                USART1_IRQHandler
                0x0000000008002260                OTG_FS_IRQHandler
                0x0000000008002260                SPI3_IRQHandler
                0x0000000008002260                WAKEUP_PIN_IRQHandler
                0x0000000008002260                DMA1_Stream4_IRQHandler
                0x0000000008002260                OTG_FS_EP1_IN_IRQHandler
                0x0000000008002260                I2C1_ER_IRQHandler
                0x0000000008002260                FDCAN_CAL_IRQHandler
                0x0000000008002260                SWPMI1_IRQHandler
                0x0000000008002260                COMP1_IRQHandler
                0x0000000008002260                LPTIM1_IRQHandler
                0x0000000008002260                I2C4_ER_IRQHandler
                0x0000000008002260                DMA2_Stream6_IRQHandler
                0x0000000008002260                SAI1_IRQHandler
                0x0000000008002260                DMA1_Stream3_IRQHandler
 *fill*         0x0000000008002262        0x2 
 .text.HAL_Init
                0x0000000008002264       0x70 Drivers/STM32H7xx_HAL_Driver/Src/stm32h7xx_hal.o
                0x0000000008002264                HAL_Init
 .text.HAL_InitTick
                0x00000000080022d4       0x6c Drivers/STM32H7xx_HAL_Driver/Src/stm32h7xx_hal.o
                0x00000000080022d4                HAL_InitTick
 .text.HAL_IncTick
                0x0000000008002340       0x28 Drivers/STM32H7xx_HAL_Driver/Src/stm32h7xx_hal.o
                0x0000000008002340                HAL_IncTick
 .text.HAL_GetTick
                0x0000000008002368       0x18 Drivers/STM32H7xx_HAL_Driver/Src/stm32h7xx_hal.o
                0x0000000008002368                HAL_GetTick
 .text.HAL_Delay
                0x0000000008002380       0x44 Drivers/STM32H7xx_HAL_Driver/Src/stm32h7xx_hal.o
                0x0000000008002380                HAL_Delay
 .text.HAL_GetREVID
                0x00000000080023c4       0x18 Drivers/STM32H7xx_HAL_Driver/Src/stm32h7xx_hal.o
                0x00000000080023c4                HAL_GetREVID
 .text.HAL_SYSCFG_ETHInterfaceSelect
                0x00000000080023dc       0x28 Drivers/STM32H7xx_HAL_Driver/Src/stm32h7xx_hal.o
                0x00000000080023dc                HAL_SYSCFG_ETHInterfaceSelect
 .text.HAL_SYSCFG_AnalogSwitchConfig
                0x0000000008002404       0x2c Drivers/STM32H7xx_HAL_Driver/Src/stm32h7xx_hal.o
                0x0000000008002404                HAL_SYSCFG_AnalogSwitchConfig
 .text.LL_ADC_SetCommonClock
                0x0000000008002430       0x26 Drivers/STM32H7xx_HAL_Driver/Src/stm32h7xx_hal_adc.o
 .text.LL_ADC_SetCommonPathInternalCh
                0x0000000008002456       0x26 Drivers/STM32H7xx_HAL_Driver/Src/stm32h7xx_hal_adc.o
 .text.LL_ADC_GetCommonPathInternalCh
                0x000000000800247c       0x1c Drivers/STM32H7xx_HAL_Driver/Src/stm32h7xx_hal_adc.o
 .text.LL_ADC_SetOffset
                0x0000000008002498       0x3a Drivers/STM32H7xx_HAL_Driver/Src/stm32h7xx_hal_adc.o
 .text.LL_ADC_SetDataRightShift
                0x00000000080024d2       0x32 Drivers/STM32H7xx_HAL_Driver/Src/stm32h7xx_hal_adc.o
 .text.LL_ADC_SetOffsetSignedSaturation
                0x0000000008002504       0x30 Drivers/STM32H7xx_HAL_Driver/Src/stm32h7xx_hal_adc.o
 .text.LL_ADC_REG_SetSequencerRanks
                0x0000000008002534       0x52 Drivers/STM32H7xx_HAL_Driver/Src/stm32h7xx_hal_adc.o
 .text.LL_ADC_SetChannelSamplingTime
                0x0000000008002586       0x50 Drivers/STM32H7xx_HAL_Driver/Src/stm32h7xx_hal_adc.o
 *fill*         0x00000000080025d6        0x2 
 .text.LL_ADC_SetChannelSingleDiff
                0x00000000080025d8       0x48 Drivers/STM32H7xx_HAL_Driver/Src/stm32h7xx_hal_adc.o
 .text.LL_ADC_DisableDeepPowerDown
                0x0000000008002620       0x24 Drivers/STM32H7xx_HAL_Driver/Src/stm32h7xx_hal_adc.o
 .text.LL_ADC_IsDeepPowerDownEnabled
                0x0000000008002644       0x28 Drivers/STM32H7xx_HAL_Driver/Src/stm32h7xx_hal_adc.o
 .text.LL_ADC_EnableInternalRegulator
                0x000000000800266c       0x28 Drivers/STM32H7xx_HAL_Driver/Src/stm32h7xx_hal_adc.o
 .text.LL_ADC_IsInternalRegulatorEnabled
                0x0000000008002694       0x28 Drivers/STM32H7xx_HAL_Driver/Src/stm32h7xx_hal_adc.o
 .text.LL_ADC_IsEnabled
                0x00000000080026bc       0x26 Drivers/STM32H7xx_HAL_Driver/Src/stm32h7xx_hal_adc.o
 .text.LL_ADC_REG_IsConversionOngoing
                0x00000000080026e2       0x26 Drivers/STM32H7xx_HAL_Driver/Src/stm32h7xx_hal_adc.o
 .text.LL_ADC_INJ_IsConversionOngoing
                0x0000000008002708       0x26 Drivers/STM32H7xx_HAL_Driver/Src/stm32h7xx_hal_adc.o
 *fill*         0x000000000800272e        0x2 
 .text.HAL_ADC_Init
                0x0000000008002730      0x340 Drivers/STM32H7xx_HAL_Driver/Src/stm32h7xx_hal_adc.o
                0x0000000008002730                HAL_ADC_Init
 .text.HAL_ADC_ConfigChannel
                0x0000000008002a70      0x628 Drivers/STM32H7xx_HAL_Driver/Src/stm32h7xx_hal_adc.o
                0x0000000008002a70                HAL_ADC_ConfigChannel
 .text.ADC_ConfigureBoostMode
                0x0000000008003098      0x1f0 Drivers/STM32H7xx_HAL_Driver/Src/stm32h7xx_hal_adc.o
                0x0000000008003098                ADC_ConfigureBoostMode
 .text.LL_ADC_IsEnabled
                0x0000000008003288       0x26 Drivers/STM32H7xx_HAL_Driver/Src/stm32h7xx_hal_adc_ex.o
 .text.LL_ADC_REG_IsConversionOngoing
                0x00000000080032ae       0x26 Drivers/STM32H7xx_HAL_Driver/Src/stm32h7xx_hal_adc_ex.o
 .text.HAL_ADCEx_MultiModeConfigChannel
                0x00000000080032d4      0x1b4 Drivers/STM32H7xx_HAL_Driver/Src/stm32h7xx_hal_adc_ex.o
                0x00000000080032d4                HAL_ADCEx_MultiModeConfigChannel
 .text.__NVIC_SetPriorityGrouping
                0x0000000008003488       0x48 Drivers/STM32H7xx_HAL_Driver/Src/stm32h7xx_hal_cortex.o
 .text.__NVIC_GetPriorityGrouping
                0x00000000080034d0       0x1c Drivers/STM32H7xx_HAL_Driver/Src/stm32h7xx_hal_cortex.o
 .text.__NVIC_EnableIRQ
                0x00000000080034ec       0x3c Drivers/STM32H7xx_HAL_Driver/Src/stm32h7xx_hal_cortex.o
 .text.__NVIC_SetPriority
                0x0000000008003528       0x54 Drivers/STM32H7xx_HAL_Driver/Src/stm32h7xx_hal_cortex.o
 .text.NVIC_EncodePriority
                0x000000000800357c       0x66 Drivers/STM32H7xx_HAL_Driver/Src/stm32h7xx_hal_cortex.o
 *fill*         0x00000000080035e2        0x2 
 .text.SysTick_Config
                0x00000000080035e4       0x44 Drivers/STM32H7xx_HAL_Driver/Src/stm32h7xx_hal_cortex.o
 .text.HAL_NVIC_SetPriorityGrouping
                0x0000000008003628       0x16 Drivers/STM32H7xx_HAL_Driver/Src/stm32h7xx_hal_cortex.o
                0x0000000008003628                HAL_NVIC_SetPriorityGrouping
 .text.HAL_NVIC_SetPriority
                0x000000000800363e       0x34 Drivers/STM32H7xx_HAL_Driver/Src/stm32h7xx_hal_cortex.o
                0x000000000800363e                HAL_NVIC_SetPriority
 .text.HAL_NVIC_EnableIRQ
                0x0000000008003672       0x1c Drivers/STM32H7xx_HAL_Driver/Src/stm32h7xx_hal_cortex.o
                0x0000000008003672                HAL_NVIC_EnableIRQ
 .text.HAL_SYSTICK_Config
                0x000000000800368e       0x18 Drivers/STM32H7xx_HAL_Driver/Src/stm32h7xx_hal_cortex.o
                0x000000000800368e                HAL_SYSTICK_Config
 *fill*         0x00000000080036a6        0x2 
 .text.HAL_DFSDM_ChannelInit
                0x00000000080036a8      0x190 Drivers/STM32H7xx_HAL_Driver/Src/stm32h7xx_hal_dfsdm.o
                0x00000000080036a8                HAL_DFSDM_ChannelInit
 .text.DFSDM_GetChannelFromInstance
                0x0000000008003838       0x98 Drivers/STM32H7xx_HAL_Driver/Src/stm32h7xx_hal_dfsdm.o
 .text.HAL_ETH_Init
                0x00000000080038d0      0x1b4 Drivers/STM32H7xx_HAL_Driver/Src/stm32h7xx_hal_eth.o
                0x00000000080038d0                HAL_ETH_Init
 .text.ETH_SetMACConfig
                0x0000000008003a84      0x238 Drivers/STM32H7xx_HAL_Driver/Src/stm32h7xx_hal_eth.o
 .text.ETH_SetDMAConfig
                0x0000000008003cbc      0x10c Drivers/STM32H7xx_HAL_Driver/Src/stm32h7xx_hal_eth.o
 .text.ETH_MACDMAConfig
                0x0000000008003dc8      0x13a Drivers/STM32H7xx_HAL_Driver/Src/stm32h7xx_hal_eth.o
 *fill*         0x0000000008003f02        0x2 
 .text.ETH_MAC_MDIO_ClkConfig
                0x0000000008003f04       0xb0 Drivers/STM32H7xx_HAL_Driver/Src/stm32h7xx_hal_eth.o
 .text.ETH_DMATxDescListInit
                0x0000000008003fb4       0x8e Drivers/STM32H7xx_HAL_Driver/Src/stm32h7xx_hal_eth.o
 .text.ETH_DMARxDescListInit
                0x0000000008004042       0xba Drivers/STM32H7xx_HAL_Driver/Src/stm32h7xx_hal_eth.o
 .text.HAL_GPIO_Init
                0x00000000080040fc      0x360 Drivers/STM32H7xx_HAL_Driver/Src/stm32h7xx_hal_gpio.o
                0x00000000080040fc                HAL_GPIO_Init
 .text.HAL_GPIO_WritePin
                0x000000000800445c       0x32 Drivers/STM32H7xx_HAL_Driver/Src/stm32h7xx_hal_gpio.o
                0x000000000800445c                HAL_GPIO_WritePin
 *fill*         0x000000000800448e        0x2 
 .text.HAL_I2C_Init
                0x0000000008004490      0x120 Drivers/STM32H7xx_HAL_Driver/Src/stm32h7xx_hal_i2c.o
                0x0000000008004490                HAL_I2C_Init
 .text.HAL_I2CEx_ConfigAnalogFilter
                0x00000000080045b0       0x96 Drivers/STM32H7xx_HAL_Driver/Src/stm32h7xx_hal_i2c_ex.o
                0x00000000080045b0                HAL_I2CEx_ConfigAnalogFilter
 .text.HAL_I2CEx_ConfigDigitalFilter
                0x0000000008004646       0x98 Drivers/STM32H7xx_HAL_Driver/Src/stm32h7xx_hal_i2c_ex.o
                0x0000000008004646                HAL_I2CEx_ConfigDigitalFilter
 *fill*         0x00000000080046de        0x2 
 .text.HAL_LTDC_Init
                0x00000000080046e0      0x1a0 Drivers/STM32H7xx_HAL_Driver/Src/stm32h7xx_hal_ltdc.o
                0x00000000080046e0                HAL_LTDC_Init
 .text.HAL_LTDC_IRQHandler
                0x0000000008004880      0x148 Drivers/STM32H7xx_HAL_Driver/Src/stm32h7xx_hal_ltdc.o
                0x0000000008004880                HAL_LTDC_IRQHandler
 .text.HAL_LTDC_ErrorCallback
                0x00000000080049c8       0x14 Drivers/STM32H7xx_HAL_Driver/Src/stm32h7xx_hal_ltdc.o
                0x00000000080049c8                HAL_LTDC_ErrorCallback
 .text.HAL_LTDC_LineEventCallback
                0x00000000080049dc       0x14 Drivers/STM32H7xx_HAL_Driver/Src/stm32h7xx_hal_ltdc.o
                0x00000000080049dc                HAL_LTDC_LineEventCallback
 .text.HAL_LTDC_ReloadEventCallback
                0x00000000080049f0       0x14 Drivers/STM32H7xx_HAL_Driver/Src/stm32h7xx_hal_ltdc.o
                0x00000000080049f0                HAL_LTDC_ReloadEventCallback
 .text.HAL_LTDC_ConfigLayer
                0x0000000008004a04       0x7c Drivers/STM32H7xx_HAL_Driver/Src/stm32h7xx_hal_ltdc.o
                0x0000000008004a04                HAL_LTDC_ConfigLayer
 .text.LTDC_SetConfig
                0x0000000008004a80      0x334 Drivers/STM32H7xx_HAL_Driver/Src/stm32h7xx_hal_ltdc.o
 .text.HAL_NOR_Init
                0x0000000008004db4       0xbc Drivers/STM32H7xx_HAL_Driver/Src/stm32h7xx_hal_nor.o
                0x0000000008004db4                HAL_NOR_Init
 .text.HAL_PCD_Init
                0x0000000008004e70      0x248 Drivers/STM32H7xx_HAL_Driver/Src/stm32h7xx_hal_pcd.o
                0x0000000008004e70                HAL_PCD_Init
 .text.HAL_PCDEx_ActivateLPM
                0x00000000080050b8       0x48 Drivers/STM32H7xx_HAL_Driver/Src/stm32h7xx_hal_pcd_ex.o
                0x00000000080050b8                HAL_PCDEx_ActivateLPM
 .text.HAL_PWREx_ConfigSupply
                0x0000000008005100       0x74 Drivers/STM32H7xx_HAL_Driver/Src/stm32h7xx_hal_pwr_ex.o
                0x0000000008005100                HAL_PWREx_ConfigSupply
 .text.HAL_PWREx_EnableUSBVoltageDetector
                0x0000000008005174       0x20 Drivers/STM32H7xx_HAL_Driver/Src/stm32h7xx_hal_pwr_ex.o
                0x0000000008005174                HAL_PWREx_EnableUSBVoltageDetector
 .text.HAL_QSPI_Init
                0x0000000008005194      0x110 Drivers/STM32H7xx_HAL_Driver/Src/stm32h7xx_hal_qspi.o
                0x0000000008005194                HAL_QSPI_Init
 .text.HAL_QSPI_SetTimeout
                0x00000000080052a4       0x1c Drivers/STM32H7xx_HAL_Driver/Src/stm32h7xx_hal_qspi.o
                0x00000000080052a4                HAL_QSPI_SetTimeout
 .text.QSPI_WaitFlagStateUntilTimeout
                0x00000000080052c0       0x6e Drivers/STM32H7xx_HAL_Driver/Src/stm32h7xx_hal_qspi.o
 *fill*         0x000000000800532e        0x2 
 .text.HAL_RCC_OscConfig
                0x0000000008005330      0x7b0 Drivers/STM32H7xx_HAL_Driver/Src/stm32h7xx_hal_rcc.o
                0x0000000008005330                HAL_RCC_OscConfig
 .text.HAL_RCC_ClockConfig
                0x0000000008005ae0      0x348 Drivers/STM32H7xx_HAL_Driver/Src/stm32h7xx_hal_rcc.o
                0x0000000008005ae0                HAL_RCC_ClockConfig
 .text.HAL_RCC_MCOConfig
                0x0000000008005e28       0xd4 Drivers/STM32H7xx_HAL_Driver/Src/stm32h7xx_hal_rcc.o
                0x0000000008005e28                HAL_RCC_MCOConfig
 .text.HAL_RCC_GetSysClockFreq
                0x0000000008005efc      0x2e4 Drivers/STM32H7xx_HAL_Driver/Src/stm32h7xx_hal_rcc.o
                0x0000000008005efc                HAL_RCC_GetSysClockFreq
 .text.HAL_RCC_GetHCLKFreq
                0x00000000080061e0       0x38 Drivers/STM32H7xx_HAL_Driver/Src/stm32h7xx_hal_rcc.o
                0x00000000080061e0                HAL_RCC_GetHCLKFreq
 .text.HAL_RCC_GetPCLK1Freq
                0x0000000008006218       0x2c Drivers/STM32H7xx_HAL_Driver/Src/stm32h7xx_hal_rcc.o
                0x0000000008006218                HAL_RCC_GetPCLK1Freq
 .text.HAL_RCC_GetPCLK2Freq
                0x0000000008006244       0x2c Drivers/STM32H7xx_HAL_Driver/Src/stm32h7xx_hal_rcc.o
                0x0000000008006244                HAL_RCC_GetPCLK2Freq
 .text.HAL_RCCEx_PeriphCLKConfig
                0x0000000008006270      0xdbc Drivers/STM32H7xx_HAL_Driver/Src/stm32h7xx_hal_rcc_ex.o
                0x0000000008006270                HAL_RCCEx_PeriphCLKConfig
 .text.HAL_RCCEx_GetPeriphCLKFreq
                0x000000000800702c      0x4f0 Drivers/STM32H7xx_HAL_Driver/Src/stm32h7xx_hal_rcc_ex.o
                0x000000000800702c                HAL_RCCEx_GetPeriphCLKFreq
 .text.HAL_RCCEx_GetD3PCLK1Freq
                0x000000000800751c       0x2c Drivers/STM32H7xx_HAL_Driver/Src/stm32h7xx_hal_rcc_ex.o
                0x000000000800751c                HAL_RCCEx_GetD3PCLK1Freq
 .text.HAL_RCCEx_GetPLL2ClockFreq
                0x0000000008007548      0x298 Drivers/STM32H7xx_HAL_Driver/Src/stm32h7xx_hal_rcc_ex.o
                0x0000000008007548                HAL_RCCEx_GetPLL2ClockFreq
 .text.HAL_RCCEx_GetPLL3ClockFreq
                0x00000000080077e0      0x298 Drivers/STM32H7xx_HAL_Driver/Src/stm32h7xx_hal_rcc_ex.o
                0x00000000080077e0                HAL_RCCEx_GetPLL3ClockFreq
 .text.HAL_RCCEx_GetPLL1ClockFreq
                0x0000000008007a78      0x298 Drivers/STM32H7xx_HAL_Driver/Src/stm32h7xx_hal_rcc_ex.o
                0x0000000008007a78                HAL_RCCEx_GetPLL1ClockFreq
 .text.HAL_RCCEx_GetD1SysClockFreq
                0x0000000008007d10       0x38 Drivers/STM32H7xx_HAL_Driver/Src/stm32h7xx_hal_rcc_ex.o
                0x0000000008007d10                HAL_RCCEx_GetD1SysClockFreq
 .text.RCCEx_PLL2_Config
                0x0000000008007d48      0x164 Drivers/STM32H7xx_HAL_Driver/Src/stm32h7xx_hal_rcc_ex.o
 .text.RCCEx_PLL3_Config
                0x0000000008007eac      0x164 Drivers/STM32H7xx_HAL_Driver/Src/stm32h7xx_hal_rcc_ex.o
 .text.HAL_SAI_Init
                0x0000000008008010      0x508 Drivers/STM32H7xx_HAL_Driver/Src/stm32h7xx_hal_sai.o
                0x0000000008008010                HAL_SAI_Init
 .text.SAI_Disable
                0x0000000008008518       0x68 Drivers/STM32H7xx_HAL_Driver/Src/stm32h7xx_hal_sai.o
 .text.HAL_SD_Init
                0x0000000008008580      0x114 Drivers/STM32H7xx_HAL_Driver/Src/stm32h7xx_hal_sd.o
                0x0000000008008580                HAL_SD_Init
 .text.HAL_SD_InitCard
                0x0000000008008694      0x110 Drivers/STM32H7xx_HAL_Driver/Src/stm32h7xx_hal_sd.o
                0x0000000008008694                HAL_SD_InitCard
 .text.HAL_SD_DriveTransceiver_1_8V_Callback
                0x00000000080087a4       0x16 Drivers/STM32H7xx_HAL_Driver/Src/stm32h7xx_hal_sd.o
                0x00000000080087a4                HAL_SD_DriveTransceiver_1_8V_Callback
 *fill*         0x00000000080087ba        0x2 
 .text.HAL_SD_GetCardCSD
                0x00000000080087bc      0x348 Drivers/STM32H7xx_HAL_Driver/Src/stm32h7xx_hal_sd.o
                0x00000000080087bc                HAL_SD_GetCardCSD
 .text.HAL_SD_GetCardStatus
                0x0000000008008b04      0x130 Drivers/STM32H7xx_HAL_Driver/Src/stm32h7xx_hal_sd.o
                0x0000000008008b04                HAL_SD_GetCardStatus
 .text.HAL_SD_ConfigWideBusOperation
                0x0000000008008c34      0x120 Drivers/STM32H7xx_HAL_Driver/Src/stm32h7xx_hal_sd.o
                0x0000000008008c34                HAL_SD_ConfigWideBusOperation
 .text.HAL_SD_GetCardState
                0x0000000008008d54       0x40 Drivers/STM32H7xx_HAL_Driver/Src/stm32h7xx_hal_sd.o
                0x0000000008008d54                HAL_SD_GetCardState
 .text.SD_InitCard
                0x0000000008008d94      0x17c Drivers/STM32H7xx_HAL_Driver/Src/stm32h7xx_hal_sd.o
 .text.SD_PowerON
                0x0000000008008f10      0x210 Drivers/STM32H7xx_HAL_Driver/Src/stm32h7xx_hal_sd.o
 .text.SD_SendSDStatus
                0x0000000008009120      0x1a0 Drivers/STM32H7xx_HAL_Driver/Src/stm32h7xx_hal_sd.o
 .text.SD_SendStatus
                0x00000000080092c0       0x50 Drivers/STM32H7xx_HAL_Driver/Src/stm32h7xx_hal_sd.o
 .text.SD_WideBus_Enable
                0x0000000008009310       0x96 Drivers/STM32H7xx_HAL_Driver/Src/stm32h7xx_hal_sd.o
 .text.SD_WideBus_Disable
                0x00000000080093a6       0x96 Drivers/STM32H7xx_HAL_Driver/Src/stm32h7xx_hal_sd.o
 .text.SD_FindSCR
                0x000000000800943c      0x1a0 Drivers/STM32H7xx_HAL_Driver/Src/stm32h7xx_hal_sd.o
 .text.HAL_SDRAM_Init
                0x00000000080095dc       0x78 Drivers/STM32H7xx_HAL_Driver/Src/stm32h7xx_hal_sdram.o
                0x00000000080095dc                HAL_SDRAM_Init
 .text.HAL_SDRAM_IRQHandler
                0x0000000008009654       0x34 Drivers/STM32H7xx_HAL_Driver/Src/stm32h7xx_hal_sdram.o
                0x0000000008009654                HAL_SDRAM_IRQHandler
 .text.HAL_SDRAM_RefreshErrorCallback
                0x0000000008009688       0x14 Drivers/STM32H7xx_HAL_Driver/Src/stm32h7xx_hal_sdram.o
                0x0000000008009688                HAL_SDRAM_RefreshErrorCallback
 .text.HAL_SRAM_Init
                0x000000000800969c       0xa0 Drivers/STM32H7xx_HAL_Driver/Src/stm32h7xx_hal_sram.o
                0x000000000800969c                HAL_SRAM_Init
 .text.HAL_UART_Init
                0x000000000800973c       0xa0 Drivers/STM32H7xx_HAL_Driver/Src/stm32h7xx_hal_uart.o
                0x000000000800973c                HAL_UART_Init
 *fill*         0x00000000080097dc        0x4 
 .text.UART_SetConfig
                0x00000000080097e0     0x22fc Drivers/STM32H7xx_HAL_Driver/Src/stm32h7xx_hal_uart.o
                0x00000000080097e0                UART_SetConfig
 .text.UART_AdvFeatureConfig
                0x000000000800badc      0x144 Drivers/STM32H7xx_HAL_Driver/Src/stm32h7xx_hal_uart.o
                0x000000000800badc                UART_AdvFeatureConfig
 .text.UART_CheckIdleState
                0x000000000800bc20       0x90 Drivers/STM32H7xx_HAL_Driver/Src/stm32h7xx_hal_uart.o
                0x000000000800bc20                UART_CheckIdleState
 .text.UART_WaitOnFlagUntilTimeout
                0x000000000800bcb0      0x100 Drivers/STM32H7xx_HAL_Driver/Src/stm32h7xx_hal_uart.o
                0x000000000800bcb0                UART_WaitOnFlagUntilTimeout
 .text.HAL_UARTEx_DisableFifoMode
                0x000000000800bdb0       0x72 Drivers/STM32H7xx_HAL_Driver/Src/stm32h7xx_hal_uart_ex.o
                0x000000000800bdb0                HAL_UARTEx_DisableFifoMode
 .text.HAL_UARTEx_SetTxFifoThreshold
                0x000000000800be22       0x7c Drivers/STM32H7xx_HAL_Driver/Src/stm32h7xx_hal_uart_ex.o
                0x000000000800be22                HAL_UARTEx_SetTxFifoThreshold
 .text.HAL_UARTEx_SetRxFifoThreshold
                0x000000000800be9e       0x7c Drivers/STM32H7xx_HAL_Driver/Src/stm32h7xx_hal_uart_ex.o
                0x000000000800be9e                HAL_UARTEx_SetRxFifoThreshold
 *fill*         0x000000000800bf1a        0x2 
 .text.UARTEx_SetNbDataToProcess
                0x000000000800bf1c       0xd0 Drivers/STM32H7xx_HAL_Driver/Src/stm32h7xx_hal_uart_ex.o
 .text.FMC_NORSRAM_Init
                0x000000000800bfec       0xf0 Drivers/STM32H7xx_HAL_Driver/Src/stm32h7xx_ll_fmc.o
                0x000000000800bfec                FMC_NORSRAM_Init
 .text.FMC_NORSRAM_Timing_Init
                0x000000000800c0dc       0xa0 Drivers/STM32H7xx_HAL_Driver/Src/stm32h7xx_ll_fmc.o
                0x000000000800c0dc                FMC_NORSRAM_Timing_Init
 .text.FMC_NORSRAM_Extended_Timing_Init
                0x000000000800c17c       0x70 Drivers/STM32H7xx_HAL_Driver/Src/stm32h7xx_ll_fmc.o
                0x000000000800c17c                FMC_NORSRAM_Extended_Timing_Init
 .text.FMC_SDRAM_Init
                0x000000000800c1ec       0xb8 Drivers/STM32H7xx_HAL_Driver/Src/stm32h7xx_ll_fmc.o
                0x000000000800c1ec                FMC_SDRAM_Init
 .text.FMC_SDRAM_Timing_Init
                0x000000000800c2a4       0xd4 Drivers/STM32H7xx_HAL_Driver/Src/stm32h7xx_ll_fmc.o
                0x000000000800c2a4                FMC_SDRAM_Timing_Init
 .text.SDMMC_Init
                0x000000000800c378       0x54 Drivers/STM32H7xx_HAL_Driver/Src/stm32h7xx_ll_sdmmc.o
                0x000000000800c378                SDMMC_Init
 .text.SDMMC_ReadFIFO
                0x000000000800c3cc       0x1a Drivers/STM32H7xx_HAL_Driver/Src/stm32h7xx_ll_sdmmc.o
                0x000000000800c3cc                SDMMC_ReadFIFO
 .text.SDMMC_PowerState_ON
                0x000000000800c3e6       0x22 Drivers/STM32H7xx_HAL_Driver/Src/stm32h7xx_ll_sdmmc.o
                0x000000000800c3e6                SDMMC_PowerState_ON
 .text.SDMMC_GetPowerState
                0x000000000800c408       0x1c Drivers/STM32H7xx_HAL_Driver/Src/stm32h7xx_ll_sdmmc.o
                0x000000000800c408                SDMMC_GetPowerState
 .text.SDMMC_SendCommand
                0x000000000800c424       0x54 Drivers/STM32H7xx_HAL_Driver/Src/stm32h7xx_ll_sdmmc.o
                0x000000000800c424                SDMMC_SendCommand
 .text.SDMMC_GetCommandResponse
                0x000000000800c478       0x1a Drivers/STM32H7xx_HAL_Driver/Src/stm32h7xx_ll_sdmmc.o
                0x000000000800c478                SDMMC_GetCommandResponse
 .text.SDMMC_GetResponse
                0x000000000800c492       0x26 Drivers/STM32H7xx_HAL_Driver/Src/stm32h7xx_ll_sdmmc.o
                0x000000000800c492                SDMMC_GetResponse
 .text.SDMMC_ConfigData
                0x000000000800c4b8       0x58 Drivers/STM32H7xx_HAL_Driver/Src/stm32h7xx_ll_sdmmc.o
                0x000000000800c4b8                SDMMC_ConfigData
 .text.SDMMC_CmdBlockLength
                0x000000000800c510       0x46 Drivers/STM32H7xx_HAL_Driver/Src/stm32h7xx_ll_sdmmc.o
                0x000000000800c510                SDMMC_CmdBlockLength
 .text.SDMMC_CmdSelDesel
                0x000000000800c556       0x48 Drivers/STM32H7xx_HAL_Driver/Src/stm32h7xx_ll_sdmmc.o
                0x000000000800c556                SDMMC_CmdSelDesel
 .text.SDMMC_CmdGoIdleState
                0x000000000800c59e       0x3c Drivers/STM32H7xx_HAL_Driver/Src/stm32h7xx_ll_sdmmc.o
                0x000000000800c59e                SDMMC_CmdGoIdleState
 .text.SDMMC_CmdOperCond
                0x000000000800c5da       0x40 Drivers/STM32H7xx_HAL_Driver/Src/stm32h7xx_ll_sdmmc.o
                0x000000000800c5da                SDMMC_CmdOperCond
 .text.SDMMC_CmdAppCommand
                0x000000000800c61a       0x46 Drivers/STM32H7xx_HAL_Driver/Src/stm32h7xx_ll_sdmmc.o
                0x000000000800c61a                SDMMC_CmdAppCommand
 .text.SDMMC_CmdAppOperCommand
                0x000000000800c660       0x40 Drivers/STM32H7xx_HAL_Driver/Src/stm32h7xx_ll_sdmmc.o
                0x000000000800c660                SDMMC_CmdAppOperCommand
 .text.SDMMC_CmdBusWidth
                0x000000000800c6a0       0x46 Drivers/STM32H7xx_HAL_Driver/Src/stm32h7xx_ll_sdmmc.o
                0x000000000800c6a0                SDMMC_CmdBusWidth
 .text.SDMMC_CmdSendSCR
                0x000000000800c6e6       0x44 Drivers/STM32H7xx_HAL_Driver/Src/stm32h7xx_ll_sdmmc.o
                0x000000000800c6e6                SDMMC_CmdSendSCR
 .text.SDMMC_CmdSendCID
                0x000000000800c72a       0x3e Drivers/STM32H7xx_HAL_Driver/Src/stm32h7xx_ll_sdmmc.o
                0x000000000800c72a                SDMMC_CmdSendCID
 .text.SDMMC_CmdSendCSD
                0x000000000800c768       0x40 Drivers/STM32H7xx_HAL_Driver/Src/stm32h7xx_ll_sdmmc.o
                0x000000000800c768                SDMMC_CmdSendCSD
 .text.SDMMC_CmdSetRelAdd
                0x000000000800c7a8       0x44 Drivers/STM32H7xx_HAL_Driver/Src/stm32h7xx_ll_sdmmc.o
                0x000000000800c7a8                SDMMC_CmdSetRelAdd
 .text.SDMMC_CmdSendStatus
                0x000000000800c7ec       0x46 Drivers/STM32H7xx_HAL_Driver/Src/stm32h7xx_ll_sdmmc.o
                0x000000000800c7ec                SDMMC_CmdSendStatus
 .text.SDMMC_CmdStatusRegister
                0x000000000800c832       0x44 Drivers/STM32H7xx_HAL_Driver/Src/stm32h7xx_ll_sdmmc.o
                0x000000000800c832                SDMMC_CmdStatusRegister
 .text.SDMMC_CmdVoltageSwitch
                0x000000000800c876       0x44 Drivers/STM32H7xx_HAL_Driver/Src/stm32h7xx_ll_sdmmc.o
                0x000000000800c876                SDMMC_CmdVoltageSwitch
 *fill*         0x000000000800c8ba        0x2 
 .text.SDMMC_GetCmdError
                0x000000000800c8bc       0x54 Drivers/STM32H7xx_HAL_Driver/Src/stm32h7xx_ll_sdmmc.o
 .text.SDMMC_GetCmdResp1
                0x000000000800c910      0x1e0 Drivers/STM32H7xx_HAL_Driver/Src/stm32h7xx_ll_sdmmc.o
 .text.SDMMC_GetCmdResp2
                0x000000000800caf0       0x90 Drivers/STM32H7xx_HAL_Driver/Src/stm32h7xx_ll_sdmmc.o
 .text.SDMMC_GetCmdResp3
                0x000000000800cb80       0x78 Drivers/STM32H7xx_HAL_Driver/Src/stm32h7xx_ll_sdmmc.o
 .text.SDMMC_GetCmdResp6
                0x000000000800cbf8       0xec Drivers/STM32H7xx_HAL_Driver/Src/stm32h7xx_ll_sdmmc.o
 .text.SDMMC_GetCmdResp7
                0x000000000800cce4       0x98 Drivers/STM32H7xx_HAL_Driver/Src/stm32h7xx_ll_sdmmc.o
 .text.USB_CoreInit
                0x000000000800cd7c       0xc4 Drivers/STM32H7xx_HAL_Driver/Src/stm32h7xx_ll_usb.o
                0x000000000800cd7c                USB_CoreInit
 .text.USB_DisableGlobalInt
                0x000000000800ce40       0x22 Drivers/STM32H7xx_HAL_Driver/Src/stm32h7xx_ll_usb.o
                0x000000000800ce40                USB_DisableGlobalInt
 .text.USB_SetCurrentMode
                0x000000000800ce62       0x54 Drivers/STM32H7xx_HAL_Driver/Src/stm32h7xx_ll_usb.o
                0x000000000800ce62                USB_SetCurrentMode
 *fill*         0x000000000800ceb6        0x2 
 .text.USB_DevInit
                0x000000000800ceb8      0x2bc Drivers/STM32H7xx_HAL_Driver/Src/stm32h7xx_ll_usb.o
                0x000000000800ceb8                USB_DevInit
 .text.USB_FlushTxFifo
                0x000000000800d174       0x4c Drivers/STM32H7xx_HAL_Driver/Src/stm32h7xx_ll_usb.o
                0x000000000800d174                USB_FlushTxFifo
 .text.USB_FlushRxFifo
                0x000000000800d1c0       0x44 Drivers/STM32H7xx_HAL_Driver/Src/stm32h7xx_ll_usb.o
                0x000000000800d1c0                USB_FlushRxFifo
 .text.USB_SetDevSpeed
                0x000000000800d204       0x32 Drivers/STM32H7xx_HAL_Driver/Src/stm32h7xx_ll_usb.o
                0x000000000800d204                USB_SetDevSpeed
 .text.USB_DevDisconnect
                0x000000000800d236       0x30 Drivers/STM32H7xx_HAL_Driver/Src/stm32h7xx_ll_usb.o
                0x000000000800d236                USB_DevDisconnect
 *fill*         0x000000000800d266        0x2 
 .text.USB_CoreReset
                0x000000000800d268       0x68 Drivers/STM32H7xx_HAL_Driver/Src/stm32h7xx_ll_usb.o
 .text.__libc_init_array
                0x000000000800d2d0       0x48 c:/st/stm32cubeide_1.2.0/stm32cubeide/plugins/com.st.stm32cube.ide.mcu.externaltools.gnu-tools-for-stm32.7-2018-q2-update.win32_1.0.0.201904181610/tools/bin/../lib/gcc/arm-none-eabi/7.3.1/../../../../arm-none-eabi/lib/thumb/v7e-m/fpv5/hard\libc_nano.a(lib_a-init.o)
                0x000000000800d2d0                __libc_init_array
 .text.memset   0x000000000800d318       0x10 c:/st/stm32cubeide_1.2.0/stm32cubeide/plugins/com.st.stm32cube.ide.mcu.externaltools.gnu-tools-for-stm32.7-2018-q2-update.win32_1.0.0.201904181610/tools/bin/../lib/gcc/arm-none-eabi/7.3.1/../../../../arm-none-eabi/lib/thumb/v7e-m/fpv5/hard\libc_nano.a(lib_a-memset.o)
                0x000000000800d318                memset
 *(.glue_7)
 .glue_7        0x000000000800d328        0x0 linker stubs
 *(.glue_7t)
 .glue_7t       0x000000000800d328        0x0 linker stubs
 *(.eh_frame)
 .eh_frame      0x000000000800d328        0x0 c:/st/stm32cubeide_1.2.0/stm32cubeide/plugins/com.st.stm32cube.ide.mcu.externaltools.gnu-tools-for-stm32.7-2018-q2-update.win32_1.0.0.201904181610/tools/bin/../lib/gcc/arm-none-eabi/7.3.1/thumb/v7e-m/fpv5/hard/crtbegin.o
 *(.init)
 .init          0x000000000800d328        0x4 c:/st/stm32cubeide_1.2.0/stm32cubeide/plugins/com.st.stm32cube.ide.mcu.externaltools.gnu-tools-for-stm32.7-2018-q2-update.win32_1.0.0.201904181610/tools/bin/../lib/gcc/arm-none-eabi/7.3.1/thumb/v7e-m/fpv5/hard/crti.o
                0x000000000800d328                _init
 .init          0x000000000800d32c        0x8 c:/st/stm32cubeide_1.2.0/stm32cubeide/plugins/com.st.stm32cube.ide.mcu.externaltools.gnu-tools-for-stm32.7-2018-q2-update.win32_1.0.0.201904181610/tools/bin/../lib/gcc/arm-none-eabi/7.3.1/thumb/v7e-m/fpv5/hard/crtn.o
 *(.fini)
 .fini          0x000000000800d334        0x4 c:/st/stm32cubeide_1.2.0/stm32cubeide/plugins/com.st.stm32cube.ide.mcu.externaltools.gnu-tools-for-stm32.7-2018-q2-update.win32_1.0.0.201904181610/tools/bin/../lib/gcc/arm-none-eabi/7.3.1/thumb/v7e-m/fpv5/hard/crti.o
                0x000000000800d334                _fini
 .fini          0x000000000800d338        0x8 c:/st/stm32cubeide_1.2.0/stm32cubeide/plugins/com.st.stm32cube.ide.mcu.externaltools.gnu-tools-for-stm32.7-2018-q2-update.win32_1.0.0.201904181610/tools/bin/../lib/gcc/arm-none-eabi/7.3.1/thumb/v7e-m/fpv5/hard/crtn.o
                0x000000000800d340                . = ALIGN (0x4)
                0x000000000800d340                _etext = .

.vfp11_veneer   0x000000000800d340        0x0
 .vfp11_veneer  0x000000000800d340        0x0 linker stubs

.v4_bx          0x000000000800d340        0x0
 .v4_bx         0x000000000800d340        0x0 linker stubs

.iplt           0x000000000800d340        0x0
 .iplt          0x000000000800d340        0x0 c:/st/stm32cubeide_1.2.0/stm32cubeide/plugins/com.st.stm32cube.ide.mcu.externaltools.gnu-tools-for-stm32.7-2018-q2-update.win32_1.0.0.201904181610/tools/bin/../lib/gcc/arm-none-eabi/7.3.1/thumb/v7e-m/fpv5/hard/crtbegin.o

.rodata         0x000000000800d340       0x20
                0x000000000800d340                . = ALIGN (0x4)
 *(.rodata)
 .rodata        0x000000000800d340       0x10 Drivers/STM32H7xx_HAL_Driver/Src/stm32h7xx_hal_uart_ex.o
 *(.rodata*)
 .rodata.D1CorePrescTable
                0x000000000800d350       0x10 Core/Src/system_stm32h7xx.o
                0x000000000800d350                D1CorePrescTable
                0x000000000800d360                . = ALIGN (0x4)

.ARM.extab      0x000000000800d360        0x0
                0x000000000800d360                . = ALIGN (0x4)
 *(.ARM.extab* .gnu.linkonce.armextab.*)
                0x000000000800d360                . = ALIGN (0x4)

.ARM            0x000000000800d360        0x8
                0x000000000800d360                . = ALIGN (0x4)
                0x000000000800d360                __exidx_start = .
 *(.ARM.exidx*)
 .ARM.exidx     0x000000000800d360        0x8 c:/st/stm32cubeide_1.2.0/stm32cubeide/plugins/com.st.stm32cube.ide.mcu.externaltools.gnu-tools-for-stm32.7-2018-q2-update.win32_1.0.0.201904181610/tools/bin/../lib/gcc/arm-none-eabi/7.3.1/thumb/v7e-m/fpv5/hard\libgcc.a(_udivmoddi4.o)
                0x000000000800d368                __exidx_end = .
                0x000000000800d368                . = ALIGN (0x4)

.rel.dyn        0x000000000800d368        0x0
 .rel.iplt      0x000000000800d368        0x0 c:/st/stm32cubeide_1.2.0/stm32cubeide/plugins/com.st.stm32cube.ide.mcu.externaltools.gnu-tools-for-stm32.7-2018-q2-update.win32_1.0.0.201904181610/tools/bin/../lib/gcc/arm-none-eabi/7.3.1/thumb/v7e-m/fpv5/hard/crtbegin.o

.preinit_array  0x000000000800d368        0x0
                0x000000000800d368                . = ALIGN (0x4)
                0x000000000800d368                PROVIDE (__preinit_array_start = .)
 *(.preinit_array*)
                0x000000000800d368                PROVIDE (__preinit_array_end = .)
                0x000000000800d368                . = ALIGN (0x4)

.init_array     0x000000000800d368        0x4
                0x000000000800d368                . = ALIGN (0x4)
                0x000000000800d368                PROVIDE (__init_array_start = .)
 *(SORT_BY_NAME(.init_array.*))
 *(.init_array*)
 .init_array    0x000000000800d368        0x4 c:/st/stm32cubeide_1.2.0/stm32cubeide/plugins/com.st.stm32cube.ide.mcu.externaltools.gnu-tools-for-stm32.7-2018-q2-update.win32_1.0.0.201904181610/tools/bin/../lib/gcc/arm-none-eabi/7.3.1/thumb/v7e-m/fpv5/hard/crtbegin.o
                0x000000000800d36c                PROVIDE (__init_array_end = .)
                0x000000000800d36c                . = ALIGN (0x4)

.fini_array     0x000000000800d36c        0x4
                0x000000000800d36c                . = ALIGN (0x4)
                [!provide]                        PROVIDE (__fini_array_start = .)
 *(SORT_BY_NAME(.fini_array.*))
 *(.fini_array*)
 .fini_array    0x000000000800d36c        0x4 c:/st/stm32cubeide_1.2.0/stm32cubeide/plugins/com.st.stm32cube.ide.mcu.externaltools.gnu-tools-for-stm32.7-2018-q2-update.win32_1.0.0.201904181610/tools/bin/../lib/gcc/arm-none-eabi/7.3.1/thumb/v7e-m/fpv5/hard/crtbegin.o
                [!provide]                        PROVIDE (__fini_array_end = .)
                0x000000000800d370                . = ALIGN (0x4)
                0x000000000800d370                _sidata = LOADADDR (.data)

.data           0x0000000024000000       0x14 load address 0x000000000800d370
                0x0000000024000000                . = ALIGN (0x4)
                0x0000000024000000                _sdata = .
 *(.data)
 *(.data*)
 .data.p_frameBuff
                0x0000000024000000        0x4 Core/Src/main.o
                0x0000000024000000                p_frameBuff
 .data.SystemCoreClock
                0x0000000024000004        0x4 Core/Src/system_stm32h7xx.o
                0x0000000024000004                SystemCoreClock
 .data.SystemD2Clock
                0x0000000024000008        0x4 Core/Src/system_stm32h7xx.o
                0x0000000024000008                SystemD2Clock
 .data.uwTickPrio
                0x000000002400000c        0x4 Drivers/STM32H7xx_HAL_Driver/Src/stm32h7xx_hal.o
                0x000000002400000c                uwTickPrio
 .data.uwTickFreq
                0x0000000024000010        0x1 Drivers/STM32H7xx_HAL_Driver/Src/stm32h7xx_hal.o
                0x0000000024000010                uwTickFreq
                0x0000000024000014                . = ALIGN (0x4)
 *fill*         0x0000000024000011        0x3 
                0x0000000024000014                _edata = .

.igot.plt       0x0000000024000014        0x0 load address 0x000000000800d384
 .igot.plt      0x0000000024000014        0x0 c:/st/stm32cubeide_1.2.0/stm32cubeide/plugins/com.st.stm32cube.ide.mcu.externaltools.gnu-tools-for-stm32.7-2018-q2-update.win32_1.0.0.201904181610/tools/bin/../lib/gcc/arm-none-eabi/7.3.1/thumb/v7e-m/fpv5/hard/crtbegin.o

.RxDecripSection
                0x0000000024000014       0x60 load address 0x000000000800d384
 .RxDecripSection
                0x0000000024000014       0x60 Core/Src/main.o
                0x0000000024000014                DMARxDscrTab

.TxDecripSection
                0x0000000024000074       0x60 load address 0x000000000800d3e4
 .TxDecripSection
                0x0000000024000074       0x60 Core/Src/main.o
                0x0000000024000074                DMATxDscrTab
                0x00000000240000d4                . = ALIGN (0x4)

.bss            0x00000000240000d4      0xde8 load address 0x000000000800d444
                0x00000000240000d4                _sbss = .
                0x00000000240000d4                __bss_start__ = _sbss
 *(.bss)
 .bss           0x00000000240000d4       0x1c c:/st/stm32cubeide_1.2.0/stm32cubeide/plugins/com.st.stm32cube.ide.mcu.externaltools.gnu-tools-for-stm32.7-2018-q2-update.win32_1.0.0.201904181610/tools/bin/../lib/gcc/arm-none-eabi/7.3.1/thumb/v7e-m/fpv5/hard/crtbegin.o
 *(.bss*)
 .bss.DFSDM1_Init
                0x00000000240000f0        0x4 Core/Src/stm32h7xx_hal_msp.o
 .bss.FMC_Initialized
                0x00000000240000f4        0x4 Core/Src/stm32h7xx_hal_msp.o
 .bss.SAI1_client
                0x00000000240000f8        0x4 Core/Src/stm32h7xx_hal_msp.o
 .bss.v_dfsdm1ChannelCounter
                0x00000000240000fc        0x4 Drivers/STM32H7xx_HAL_Driver/Src/stm32h7xx_hal_dfsdm.o
 .bss.a_dfsdm1ChannelHandle
                0x0000000024000100       0x20 Drivers/STM32H7xx_HAL_Driver/Src/stm32h7xx_hal_dfsdm.o
 .bss.uwNORMemoryDataWidth
                0x0000000024000120        0x4 Drivers/STM32H7xx_HAL_Driver/Src/stm32h7xx_hal_nor.o
 *(COMMON)
 COMMON         0x0000000024000124      0xd94 Core/Src/main.o
                0x0000000024000124                hdfsdm1_channel1
                0x000000002400015c                hpcd_USB_OTG_HS
                0x0000000024000564                hi2c1
                0x00000000240005b0                hpcd_USB_OTG_FS
                0x00000000240009b8                hsd1
                0x0000000024000a38                hltdc
                0x0000000024000ae0                hsai_BlockB1
                0x0000000024000b78                hadc1
                0x0000000024000bdc                huart1
                0x0000000024000c68                hnor1
                0x0000000024000cb0                hsram2
                0x0000000024000cfc                hsai_BlockA1
                0x0000000024000d94                hsdram1
                0x0000000024000dc8                heth
                0x0000000024000e38                TxConfig
                0x0000000024000e6c                hqspi
 COMMON         0x0000000024000eb8        0x4 Drivers/STM32H7xx_HAL_Driver/Src/stm32h7xx_hal.o
                0x0000000024000eb8                uwTick
                0x0000000024000ebc                . = ALIGN (0x4)
                0x0000000024000ebc                _ebss = .
                0x0000000024000ebc                __bss_end__ = _ebss

._user_heap_stack
                0x0000000024000ebc      0x604 load address 0x000000000800d444
                0x0000000024000ec0                . = ALIGN (0x8)
 *fill*         0x0000000024000ebc        0x4 
                0x0000000024000ec0                PROVIDE (end = .)
                [!provide]                        PROVIDE (_end = .)
                0x00000000240010c0                . = (. + _Min_Heap_Size)
 *fill*         0x0000000024000ec0      0x200 
                0x00000000240014c0                . = (. + _Min_Stack_Size)
 *fill*         0x00000000240010c0      0x400 
                0x00000000240014c0                . = ALIGN (0x8)

/DISCARD/
 libc.a(*)
 libm.a(*)
 libgcc.a(*)

.ARM.attributes
                0x0000000000000000       0x2e
 *(.ARM.attributes)
 .ARM.attributes
                0x0000000000000000       0x20 c:/st/stm32cubeide_1.2.0/stm32cubeide/plugins/com.st.stm32cube.ide.mcu.externaltools.gnu-tools-for-stm32.7-2018-q2-update.win32_1.0.0.201904181610/tools/bin/../lib/gcc/arm-none-eabi/7.3.1/thumb/v7e-m/fpv5/hard/crti.o
 .ARM.attributes
                0x0000000000000020       0x32 c:/st/stm32cubeide_1.2.0/stm32cubeide/plugins/com.st.stm32cube.ide.mcu.externaltools.gnu-tools-for-stm32.7-2018-q2-update.win32_1.0.0.201904181610/tools/bin/../lib/gcc/arm-none-eabi/7.3.1/thumb/v7e-m/fpv5/hard/crtbegin.o
 .ARM.attributes
                0x0000000000000052       0x37 Core/Src/main.o
 .ARM.attributes
                0x0000000000000089       0x37 Core/Src/stm32h7xx_hal_msp.o
 .ARM.attributes
                0x00000000000000c0       0x37 Core/Src/stm32h7xx_it.o
 .ARM.attributes
                0x00000000000000f7       0x37 Core/Src/system_stm32h7xx.o
 .ARM.attributes
                0x000000000000012e       0x21 Core/Startup/startup_stm32h753xihx.o
 .ARM.attributes
                0x000000000000014f       0x37 Drivers/STM32H7xx_HAL_Driver/Src/stm32h7xx_hal.o
 .ARM.attributes
                0x0000000000000186       0x37 Drivers/STM32H7xx_HAL_Driver/Src/stm32h7xx_hal_adc.o
 .ARM.attributes
                0x00000000000001bd       0x37 Drivers/STM32H7xx_HAL_Driver/Src/stm32h7xx_hal_adc_ex.o
 .ARM.attributes
                0x00000000000001f4       0x37 Drivers/STM32H7xx_HAL_Driver/Src/stm32h7xx_hal_cortex.o
 .ARM.attributes
                0x000000000000022b       0x37 Drivers/STM32H7xx_HAL_Driver/Src/stm32h7xx_hal_dfsdm.o
 .ARM.attributes
                0x0000000000000262       0x37 Drivers/STM32H7xx_HAL_Driver/Src/stm32h7xx_hal_eth.o
 .ARM.attributes
                0x0000000000000299       0x37 Drivers/STM32H7xx_HAL_Driver/Src/stm32h7xx_hal_gpio.o
 .ARM.attributes
                0x00000000000002d0       0x37 Drivers/STM32H7xx_HAL_Driver/Src/stm32h7xx_hal_i2c.o
 .ARM.attributes
                0x0000000000000307       0x37 Drivers/STM32H7xx_HAL_Driver/Src/stm32h7xx_hal_i2c_ex.o
 .ARM.attributes
                0x000000000000033e       0x37 Drivers/STM32H7xx_HAL_Driver/Src/stm32h7xx_hal_ltdc.o
 .ARM.attributes
                0x0000000000000375       0x37 Drivers/STM32H7xx_HAL_Driver/Src/stm32h7xx_hal_nor.o
 .ARM.attributes
                0x00000000000003ac       0x37 Drivers/STM32H7xx_HAL_Driver/Src/stm32h7xx_hal_pcd.o
 .ARM.attributes
                0x00000000000003e3       0x37 Drivers/STM32H7xx_HAL_Driver/Src/stm32h7xx_hal_pcd_ex.o
 .ARM.attributes
                0x000000000000041a       0x37 Drivers/STM32H7xx_HAL_Driver/Src/stm32h7xx_hal_pwr_ex.o
 .ARM.attributes
                0x0000000000000451       0x37 Drivers/STM32H7xx_HAL_Driver/Src/stm32h7xx_hal_qspi.o
 .ARM.attributes
                0x0000000000000488       0x37 Drivers/STM32H7xx_HAL_Driver/Src/stm32h7xx_hal_rcc.o
 .ARM.attributes
                0x00000000000004bf       0x37 Drivers/STM32H7xx_HAL_Driver/Src/stm32h7xx_hal_rcc_ex.o
 .ARM.attributes
                0x00000000000004f6       0x37 Drivers/STM32H7xx_HAL_Driver/Src/stm32h7xx_hal_sai.o
 .ARM.attributes
                0x000000000000052d       0x37 Drivers/STM32H7xx_HAL_Driver/Src/stm32h7xx_hal_sd.o
 .ARM.attributes
                0x0000000000000564       0x37 Drivers/STM32H7xx_HAL_Driver/Src/stm32h7xx_hal_sdram.o
 .ARM.attributes
                0x000000000000059b       0x37 Drivers/STM32H7xx_HAL_Driver/Src/stm32h7xx_hal_sram.o
 .ARM.attributes
                0x00000000000005d2       0x37 Drivers/STM32H7xx_HAL_Driver/Src/stm32h7xx_hal_uart.o
 .ARM.attributes
                0x0000000000000609       0x37 Drivers/STM32H7xx_HAL_Driver/Src/stm32h7xx_hal_uart_ex.o
 .ARM.attributes
                0x0000000000000640       0x37 Drivers/STM32H7xx_HAL_Driver/Src/stm32h7xx_ll_fmc.o
 .ARM.attributes
                0x0000000000000677       0x37 Drivers/STM32H7xx_HAL_Driver/Src/stm32h7xx_ll_sdmmc.o
 .ARM.attributes
                0x00000000000006ae       0x37 Drivers/STM32H7xx_HAL_Driver/Src/stm32h7xx_ll_usb.o
 .ARM.attributes
                0x00000000000006e5       0x32 c:/st/stm32cubeide_1.2.0/stm32cubeide/plugins/com.st.stm32cube.ide.mcu.externaltools.gnu-tools-for-stm32.7-2018-q2-update.win32_1.0.0.201904181610/tools/bin/../lib/gcc/arm-none-eabi/7.3.1/../../../../arm-none-eabi/lib/thumb/v7e-m/fpv5/hard\libc_nano.a(lib_a-init.o)
 .ARM.attributes
                0x0000000000000717       0x32 c:/st/stm32cubeide_1.2.0/stm32cubeide/plugins/com.st.stm32cube.ide.mcu.externaltools.gnu-tools-for-stm32.7-2018-q2-update.win32_1.0.0.201904181610/tools/bin/../lib/gcc/arm-none-eabi/7.3.1/../../../../arm-none-eabi/lib/thumb/v7e-m/fpv5/hard\libc_nano.a(lib_a-memset.o)
 .ARM.attributes
                0x0000000000000749       0x20 c:/st/stm32cubeide_1.2.0/stm32cubeide/plugins/com.st.stm32cube.ide.mcu.externaltools.gnu-tools-for-stm32.7-2018-q2-update.win32_1.0.0.201904181610/tools/bin/../lib/gcc/arm-none-eabi/7.3.1/thumb/v7e-m/fpv5/hard\libgcc.a(_aeabi_uldivmod.o)
 .ARM.attributes
                0x0000000000000769       0x32 c:/st/stm32cubeide_1.2.0/stm32cubeide/plugins/com.st.stm32cube.ide.mcu.externaltools.gnu-tools-for-stm32.7-2018-q2-update.win32_1.0.0.201904181610/tools/bin/../lib/gcc/arm-none-eabi/7.3.1/thumb/v7e-m/fpv5/hard\libgcc.a(_udivmoddi4.o)
 .ARM.attributes
                0x000000000000079b       0x20 c:/st/stm32cubeide_1.2.0/stm32cubeide/plugins/com.st.stm32cube.ide.mcu.externaltools.gnu-tools-for-stm32.7-2018-q2-update.win32_1.0.0.201904181610/tools/bin/../lib/gcc/arm-none-eabi/7.3.1/thumb/v7e-m/fpv5/hard\libgcc.a(_dvmd_tls.o)
 .ARM.attributes
                0x00000000000007bb       0x20 c:/st/stm32cubeide_1.2.0/stm32cubeide/plugins/com.st.stm32cube.ide.mcu.externaltools.gnu-tools-for-stm32.7-2018-q2-update.win32_1.0.0.201904181610/tools/bin/../lib/gcc/arm-none-eabi/7.3.1/thumb/v7e-m/fpv5/hard/crtn.o
OUTPUT(test.elf elf32-littlearm)

.debug_info     0x0000000000000000    0x3b215
 .debug_info    0x0000000000000000     0x502c Core/Src/main.o
 .debug_info    0x000000000000502c     0x4f13 Core/Src/stm32h7xx_hal_msp.o
 .debug_info    0x0000000000009f3f     0x13c5 Core/Src/stm32h7xx_it.o
 .debug_info    0x000000000000b304     0x1322 Core/Src/system_stm32h7xx.o
 .debug_info    0x000000000000c626       0x22 Core/Startup/startup_stm32h753xihx.o
 .debug_info    0x000000000000c648     0x1df5 Drivers/STM32H7xx_HAL_Driver/Src/stm32h7xx_hal.o
 .debug_info    0x000000000000e43d     0x25a1 Drivers/STM32H7xx_HAL_Driver/Src/stm32h7xx_hal_adc.o
 .debug_info    0x00000000000109de     0x26d6 Drivers/STM32H7xx_HAL_Driver/Src/stm32h7xx_hal_adc_ex.o
 .debug_info    0x00000000000130b4     0x1a7a Drivers/STM32H7xx_HAL_Driver/Src/stm32h7xx_hal_cortex.o
 .debug_info    0x0000000000014b2e     0x2595 Drivers/STM32H7xx_HAL_Driver/Src/stm32h7xx_hal_dfsdm.o
 .debug_info    0x00000000000170c3     0x2efa Drivers/STM32H7xx_HAL_Driver/Src/stm32h7xx_hal_eth.o
 .debug_info    0x0000000000019fbd     0x1640 Drivers/STM32H7xx_HAL_Driver/Src/stm32h7xx_hal_gpio.o
 .debug_info    0x000000000001b5fd     0x2a0f Drivers/STM32H7xx_HAL_Driver/Src/stm32h7xx_hal_i2c.o
 .debug_info    0x000000000001e00c     0x1714 Drivers/STM32H7xx_HAL_Driver/Src/stm32h7xx_hal_i2c_ex.o
 .debug_info    0x000000000001f720     0x1a0b Drivers/STM32H7xx_HAL_Driver/Src/stm32h7xx_hal_ltdc.o
 .debug_info    0x000000000002112b     0x15bd Drivers/STM32H7xx_HAL_Driver/Src/stm32h7xx_hal_nor.o
 .debug_info    0x00000000000226e8     0x1a8e Drivers/STM32H7xx_HAL_Driver/Src/stm32h7xx_hal_pcd.o
 .debug_info    0x0000000000024176     0x11f1 Drivers/STM32H7xx_HAL_Driver/Src/stm32h7xx_hal_pcd_ex.o
 .debug_info    0x0000000000025367     0x1915 Drivers/STM32H7xx_HAL_Driver/Src/stm32h7xx_hal_pwr_ex.o
 .debug_info    0x0000000000026c7c     0x1b92 Drivers/STM32H7xx_HAL_Driver/Src/stm32h7xx_hal_qspi.o
 .debug_info    0x000000000002880e     0x177e Drivers/STM32H7xx_HAL_Driver/Src/stm32h7xx_hal_rcc.o
 .debug_info    0x0000000000029f8c     0x18d9 Drivers/STM32H7xx_HAL_Driver/Src/stm32h7xx_hal_rcc_ex.o
 .debug_info    0x000000000002b865     0x1c7e Drivers/STM32H7xx_HAL_Driver/Src/stm32h7xx_hal_sai.o
 .debug_info    0x000000000002d4e3     0x219e Drivers/STM32H7xx_HAL_Driver/Src/stm32h7xx_hal_sd.o
 .debug_info    0x000000000002f681     0x186e Drivers/STM32H7xx_HAL_Driver/Src/stm32h7xx_hal_sdram.o
 .debug_info    0x0000000000030eef     0x1703 Drivers/STM32H7xx_HAL_Driver/Src/stm32h7xx_hal_sram.o
 .debug_info    0x00000000000325f2     0x2478 Drivers/STM32H7xx_HAL_Driver/Src/stm32h7xx_hal_uart.o
 .debug_info    0x0000000000034a6a     0x1483 Drivers/STM32H7xx_HAL_Driver/Src/stm32h7xx_hal_uart_ex.o
 .debug_info    0x0000000000035eed     0x1569 Drivers/STM32H7xx_HAL_Driver/Src/stm32h7xx_ll_fmc.o
 .debug_info    0x0000000000037456     0x1b43 Drivers/STM32H7xx_HAL_Driver/Src/stm32h7xx_ll_sdmmc.o
 .debug_info    0x0000000000038f99     0x227c Drivers/STM32H7xx_HAL_Driver/Src/stm32h7xx_ll_usb.o

.debug_abbrev   0x0000000000000000     0x5091
 .debug_abbrev  0x0000000000000000      0x2e2 Core/Src/main.o
 .debug_abbrev  0x00000000000002e2      0x2d3 Core/Src/stm32h7xx_hal_msp.o
 .debug_abbrev  0x00000000000005b5      0x1d6 Core/Src/stm32h7xx_it.o
 .debug_abbrev  0x000000000000078b      0x21f Core/Src/system_stm32h7xx.o
 .debug_abbrev  0x00000000000009aa       0x12 Core/Startup/startup_stm32h753xihx.o
 .debug_abbrev  0x00000000000009bc      0x2db Drivers/STM32H7xx_HAL_Driver/Src/stm32h7xx_hal.o
 .debug_abbrev  0x0000000000000c97      0x2c8 Drivers/STM32H7xx_HAL_Driver/Src/stm32h7xx_hal_adc.o
 .debug_abbrev  0x0000000000000f5f      0x306 Drivers/STM32H7xx_HAL_Driver/Src/stm32h7xx_hal_adc_ex.o
 .debug_abbrev  0x0000000000001265      0x3b5 Drivers/STM32H7xx_HAL_Driver/Src/stm32h7xx_hal_cortex.o
 .debug_abbrev  0x000000000000161a      0x2b7 Drivers/STM32H7xx_HAL_Driver/Src/stm32h7xx_hal_dfsdm.o
 .debug_abbrev  0x00000000000018d1      0x2e2 Drivers/STM32H7xx_HAL_Driver/Src/stm32h7xx_hal_eth.o
 .debug_abbrev  0x0000000000001bb3      0x28f Drivers/STM32H7xx_HAL_Driver/Src/stm32h7xx_hal_gpio.o
 .debug_abbrev  0x0000000000001e42      0x2ac Drivers/STM32H7xx_HAL_Driver/Src/stm32h7xx_hal_i2c.o
 .debug_abbrev  0x00000000000020ee      0x266 Drivers/STM32H7xx_HAL_Driver/Src/stm32h7xx_hal_i2c_ex.o
 .debug_abbrev  0x0000000000002354      0x2ad Drivers/STM32H7xx_HAL_Driver/Src/stm32h7xx_hal_ltdc.o
 .debug_abbrev  0x0000000000002601      0x26e Drivers/STM32H7xx_HAL_Driver/Src/stm32h7xx_hal_nor.o
 .debug_abbrev  0x000000000000286f      0x2f4 Drivers/STM32H7xx_HAL_Driver/Src/stm32h7xx_hal_pcd.o
 .debug_abbrev  0x0000000000002b63      0x2a2 Drivers/STM32H7xx_HAL_Driver/Src/stm32h7xx_hal_pcd_ex.o
 .debug_abbrev  0x0000000000002e05      0x311 Drivers/STM32H7xx_HAL_Driver/Src/stm32h7xx_hal_pwr_ex.o
 .debug_abbrev  0x0000000000003116      0x2ac Drivers/STM32H7xx_HAL_Driver/Src/stm32h7xx_hal_qspi.o
 .debug_abbrev  0x00000000000033c2      0x2e2 Drivers/STM32H7xx_HAL_Driver/Src/stm32h7xx_hal_rcc.o
 .debug_abbrev  0x00000000000036a4      0x2c3 Drivers/STM32H7xx_HAL_Driver/Src/stm32h7xx_hal_rcc_ex.o
 .debug_abbrev  0x0000000000003967      0x2b3 Drivers/STM32H7xx_HAL_Driver/Src/stm32h7xx_hal_sai.o
 .debug_abbrev  0x0000000000003c1a      0x2bf Drivers/STM32H7xx_HAL_Driver/Src/stm32h7xx_hal_sd.o
 .debug_abbrev  0x0000000000003ed9      0x273 Drivers/STM32H7xx_HAL_Driver/Src/stm32h7xx_hal_sdram.o
 .debug_abbrev  0x000000000000414c      0x259 Drivers/STM32H7xx_HAL_Driver/Src/stm32h7xx_hal_sram.o
 .debug_abbrev  0x00000000000043a5      0x2ae Drivers/STM32H7xx_HAL_Driver/Src/stm32h7xx_hal_uart.o
 .debug_abbrev  0x0000000000004653      0x26f Drivers/STM32H7xx_HAL_Driver/Src/stm32h7xx_hal_uart_ex.o
 .debug_abbrev  0x00000000000048c2      0x23f Drivers/STM32H7xx_HAL_Driver/Src/stm32h7xx_ll_fmc.o
 .debug_abbrev  0x0000000000004b01      0x286 Drivers/STM32H7xx_HAL_Driver/Src/stm32h7xx_ll_sdmmc.o
 .debug_abbrev  0x0000000000004d87      0x30a Drivers/STM32H7xx_HAL_Driver/Src/stm32h7xx_ll_usb.o

.debug_aranges  0x0000000000000000     0x2340
 .debug_aranges
                0x0000000000000000       0x98 Core/Src/main.o
 .debug_aranges
                0x0000000000000098      0x100 Core/Src/stm32h7xx_hal_msp.o
 .debug_aranges
                0x0000000000000198       0x78 Core/Src/stm32h7xx_it.o
 .debug_aranges
                0x0000000000000210       0x28 Core/Src/system_stm32h7xx.o
 .debug_aranges
                0x0000000000000238       0x28 Core/Startup/startup_stm32h753xihx.o
 .debug_aranges
                0x0000000000000260      0x1b8 Drivers/STM32H7xx_HAL_Driver/Src/stm32h7xx_hal.o
 .debug_aranges
                0x0000000000000418      0x228 Drivers/STM32H7xx_HAL_Driver/Src/stm32h7xx_hal_adc.o
 .debug_aranges
                0x0000000000000640      0x1e0 Drivers/STM32H7xx_HAL_Driver/Src/stm32h7xx_hal_adc_ex.o
 .debug_aranges
                0x0000000000000820      0x120 Drivers/STM32H7xx_HAL_Driver/Src/stm32h7xx_hal_cortex.o
 .debug_aranges
                0x0000000000000940      0x248 Drivers/STM32H7xx_HAL_Driver/Src/stm32h7xx_hal_dfsdm.o
 .debug_aranges
                0x0000000000000b88      0x1b0 Drivers/STM32H7xx_HAL_Driver/Src/stm32h7xx_hal_eth.o
 .debug_aranges
                0x0000000000000d38       0x58 Drivers/STM32H7xx_HAL_Driver/Src/stm32h7xx_hal_gpio.o
 .debug_aranges
                0x0000000000000d90      0x288 Drivers/STM32H7xx_HAL_Driver/Src/stm32h7xx_hal_i2c.o
 .debug_aranges
                0x0000000000001018       0x48 Drivers/STM32H7xx_HAL_Driver/Src/stm32h7xx_hal_i2c_ex.o
 .debug_aranges
                0x0000000000001060      0x158 Drivers/STM32H7xx_HAL_Driver/Src/stm32h7xx_hal_ltdc.o
 .debug_aranges
                0x00000000000011b8       0xa8 Drivers/STM32H7xx_HAL_Driver/Src/stm32h7xx_hal_nor.o
 .debug_aranges
                0x0000000000001260      0x130 Drivers/STM32H7xx_HAL_Driver/Src/stm32h7xx_hal_pcd.o
 .debug_aranges
                0x0000000000001390       0x60 Drivers/STM32H7xx_HAL_Driver/Src/stm32h7xx_hal_pcd_ex.o
 .debug_aranges
                0x00000000000013f0      0x158 Drivers/STM32H7xx_HAL_Driver/Src/stm32h7xx_hal_pwr_ex.o
 .debug_aranges
                0x0000000000001548      0x148 Drivers/STM32H7xx_HAL_Driver/Src/stm32h7xx_hal_qspi.o
 .debug_aranges
                0x0000000000001690       0x88 Drivers/STM32H7xx_HAL_Driver/Src/stm32h7xx_hal_rcc.o
 .debug_aranges
                0x0000000000001718       0xe0 Drivers/STM32H7xx_HAL_Driver/Src/stm32h7xx_hal_rcc_ex.o
 .debug_aranges
                0x00000000000017f8      0x178 Drivers/STM32H7xx_HAL_Driver/Src/stm32h7xx_hal_sai.o
 .debug_aranges
                0x0000000000001970      0x188 Drivers/STM32H7xx_HAL_Driver/Src/stm32h7xx_hal_sd.o
 .debug_aranges
                0x0000000000001af8       0xe8 Drivers/STM32H7xx_HAL_Driver/Src/stm32h7xx_hal_sdram.o
 .debug_aranges
                0x0000000000001be0       0xb8 Drivers/STM32H7xx_HAL_Driver/Src/stm32h7xx_hal_sram.o
 .debug_aranges
                0x0000000000001c98      0x230 Drivers/STM32H7xx_HAL_Driver/Src/stm32h7xx_hal_uart.o
 .debug_aranges
                0x0000000000001ec8       0x88 Drivers/STM32H7xx_HAL_Driver/Src/stm32h7xx_hal_uart_ex.o
 .debug_aranges
                0x0000000000001f50       0xc8 Drivers/STM32H7xx_HAL_Driver/Src/stm32h7xx_ll_fmc.o
 .debug_aranges
                0x0000000000002018      0x190 Drivers/STM32H7xx_HAL_Driver/Src/stm32h7xx_ll_sdmmc.o
 .debug_aranges
                0x00000000000021a8      0x198 Drivers/STM32H7xx_HAL_Driver/Src/stm32h7xx_ll_usb.o

.debug_ranges   0x0000000000000000     0x2170
 .debug_ranges  0x0000000000000000       0x88 Core/Src/main.o
 .debug_ranges  0x0000000000000088       0xf0 Core/Src/stm32h7xx_hal_msp.o
 .debug_ranges  0x0000000000000178       0x68 Core/Src/stm32h7xx_it.o
 .debug_ranges  0x00000000000001e0       0x18 Core/Src/system_stm32h7xx.o
 .debug_ranges  0x00000000000001f8       0x20 Core/Startup/startup_stm32h753xihx.o
 .debug_ranges  0x0000000000000218      0x1a8 Drivers/STM32H7xx_HAL_Driver/Src/stm32h7xx_hal.o
 .debug_ranges  0x00000000000003c0      0x218 Drivers/STM32H7xx_HAL_Driver/Src/stm32h7xx_hal_adc.o
 .debug_ranges  0x00000000000005d8      0x1d0 Drivers/STM32H7xx_HAL_Driver/Src/stm32h7xx_hal_adc_ex.o
 .debug_ranges  0x00000000000007a8      0x110 Drivers/STM32H7xx_HAL_Driver/Src/stm32h7xx_hal_cortex.o
 .debug_ranges  0x00000000000008b8      0x238 Drivers/STM32H7xx_HAL_Driver/Src/stm32h7xx_hal_dfsdm.o
 .debug_ranges  0x0000000000000af0      0x1a0 Drivers/STM32H7xx_HAL_Driver/Src/stm32h7xx_hal_eth.o
 .debug_ranges  0x0000000000000c90       0x48 Drivers/STM32H7xx_HAL_Driver/Src/stm32h7xx_hal_gpio.o
 .debug_ranges  0x0000000000000cd8      0x278 Drivers/STM32H7xx_HAL_Driver/Src/stm32h7xx_hal_i2c.o
 .debug_ranges  0x0000000000000f50       0x38 Drivers/STM32H7xx_HAL_Driver/Src/stm32h7xx_hal_i2c_ex.o
 .debug_ranges  0x0000000000000f88      0x148 Drivers/STM32H7xx_HAL_Driver/Src/stm32h7xx_hal_ltdc.o
 .debug_ranges  0x00000000000010d0       0x98 Drivers/STM32H7xx_HAL_Driver/Src/stm32h7xx_hal_nor.o
 .debug_ranges  0x0000000000001168      0x120 Drivers/STM32H7xx_HAL_Driver/Src/stm32h7xx_hal_pcd.o
 .debug_ranges  0x0000000000001288       0x50 Drivers/STM32H7xx_HAL_Driver/Src/stm32h7xx_hal_pcd_ex.o
 .debug_ranges  0x00000000000012d8      0x148 Drivers/STM32H7xx_HAL_Driver/Src/stm32h7xx_hal_pwr_ex.o
 .debug_ranges  0x0000000000001420      0x138 Drivers/STM32H7xx_HAL_Driver/Src/stm32h7xx_hal_qspi.o
 .debug_ranges  0x0000000000001558       0x78 Drivers/STM32H7xx_HAL_Driver/Src/stm32h7xx_hal_rcc.o
 .debug_ranges  0x00000000000015d0       0xd0 Drivers/STM32H7xx_HAL_Driver/Src/stm32h7xx_hal_rcc_ex.o
 .debug_ranges  0x00000000000016a0      0x180 Drivers/STM32H7xx_HAL_Driver/Src/stm32h7xx_hal_sai.o
 .debug_ranges  0x0000000000001820      0x178 Drivers/STM32H7xx_HAL_Driver/Src/stm32h7xx_hal_sd.o
 .debug_ranges  0x0000000000001998       0xd8 Drivers/STM32H7xx_HAL_Driver/Src/stm32h7xx_hal_sdram.o
 .debug_ranges  0x0000000000001a70       0xa8 Drivers/STM32H7xx_HAL_Driver/Src/stm32h7xx_hal_sram.o
 .debug_ranges  0x0000000000001b18      0x220 Drivers/STM32H7xx_HAL_Driver/Src/stm32h7xx_hal_uart.o
 .debug_ranges  0x0000000000001d38       0x78 Drivers/STM32H7xx_HAL_Driver/Src/stm32h7xx_hal_uart_ex.o
 .debug_ranges  0x0000000000001db0       0xb8 Drivers/STM32H7xx_HAL_Driver/Src/stm32h7xx_ll_fmc.o
 .debug_ranges  0x0000000000001e68      0x180 Drivers/STM32H7xx_HAL_Driver/Src/stm32h7xx_ll_sdmmc.o
 .debug_ranges  0x0000000000001fe8      0x188 Drivers/STM32H7xx_HAL_Driver/Src/stm32h7xx_ll_usb.o

.debug_macro    0x0000000000000000    0x3ec82
 .debug_macro   0x0000000000000000      0x3c2 Core/Src/main.o
 .debug_macro   0x00000000000003c2      0xa66 Core/Src/main.o
 .debug_macro   0x0000000000000e28      0x257 Core/Src/main.o
 .debug_macro   0x000000000000107f       0x2e Core/Src/main.o
 .debug_macro   0x00000000000010ad       0x3b Core/Src/main.o
 .debug_macro   0x00000000000010e8       0x22 Core/Src/main.o
 .debug_macro   0x000000000000110a       0x8e Core/Src/main.o
 .debug_macro   0x0000000000001198       0x51 Core/Src/main.o
 .debug_macro   0x00000000000011e9       0xef Core/Src/main.o
 .debug_macro   0x00000000000012d8       0x6a Core/Src/main.o
 .debug_macro   0x0000000000001342      0x1df Core/Src/main.o
 .debug_macro   0x0000000000001521       0x1c Core/Src/main.o
 .debug_macro   0x000000000000153d       0x22 Core/Src/main.o
 .debug_macro   0x000000000000155f       0xdf Core/Src/main.o
 .debug_macro   0x000000000000163e     0x12cd Core/Src/main.o
 .debug_macro   0x000000000000290b      0x11f Core/Src/main.o
 .debug_macro   0x0000000000002a2a       0x19 Core/Src/main.o
 .debug_macro   0x0000000000002a43    0x259a2 Core/Src/main.o
 .debug_macro   0x00000000000283e5       0x43 Core/Src/main.o
 .debug_macro   0x0000000000028428     0x3ccc Core/Src/main.o
 .debug_macro   0x000000000002c0f4      0x174 Core/Src/main.o
 .debug_macro   0x000000000002c268       0x46 Core/Src/main.o
 .debug_macro   0x000000000002c2ae       0x17 Core/Src/main.o
 .debug_macro   0x000000000002c2c5       0x3c Core/Src/main.o
 .debug_macro   0x000000000002c301       0x34 Core/Src/main.o
 .debug_macro   0x000000000002c335       0x52 Core/Src/main.o
 .debug_macro   0x000000000002c387       0x1f Core/Src/main.o
 .debug_macro   0x000000000002c3a6       0x43 Core/Src/main.o
 .debug_macro   0x000000000002c3e9       0x20 Core/Src/main.o
 .debug_macro   0x000000000002c409      0x1a3 Core/Src/main.o
 .debug_macro   0x000000000002c5ac      0x32a Core/Src/main.o
 .debug_macro   0x000000000002c8d6      0x1e1 Core/Src/main.o
 .debug_macro   0x000000000002cab7       0x54 Core/Src/main.o
 .debug_macro   0x000000000002cb0b     0x240e Core/Src/main.o
 .debug_macro   0x000000000002ef19      0xf84 Core/Src/main.o
 .debug_macro   0x000000000002fe9d      0x138 Core/Src/main.o
 .debug_macro   0x000000000002ffd5      0x117 Core/Src/main.o
 .debug_macro   0x00000000000300ec      0x39b Core/Src/main.o
 .debug_macro   0x0000000000030487       0x27 Core/Src/main.o
 .debug_macro   0x00000000000304ae      0x72d Core/Src/main.o
 .debug_macro   0x0000000000030bdb      0x229 Core/Src/main.o
 .debug_macro   0x0000000000030e04       0x66 Core/Src/main.o
 .debug_macro   0x0000000000030e6a      0x3ad Core/Src/main.o
 .debug_macro   0x0000000000031217      0x2c6 Core/Src/main.o
 .debug_macro   0x00000000000314dd      0xa59 Core/Src/main.o
 .debug_macro   0x0000000000031f36      0x129 Core/Src/main.o
 .debug_macro   0x000000000003205f      0x3e5 Core/Src/main.o
 .debug_macro   0x0000000000032444      0x275 Core/Src/main.o
 .debug_macro   0x00000000000326b9     0x101a Core/Src/main.o
 .debug_macro   0x00000000000336d3      0x6b7 Core/Src/main.o
 .debug_macro   0x0000000000033d8a      0x36e Core/Src/main.o
 .debug_macro   0x00000000000340f8      0x3cb Core/Src/main.o
 .debug_macro   0x00000000000344c3      0x40f Core/Src/main.o
 .debug_macro   0x00000000000348d2       0x51 Core/Src/main.o
 .debug_macro   0x0000000000034923       0x4a Core/Src/main.o
 .debug_macro   0x000000000003496d      0x513 Core/Src/main.o
 .debug_macro   0x0000000000034e80       0x88 Core/Src/main.o
 .debug_macro   0x0000000000034f08      0x22c Core/Src/main.o
 .debug_macro   0x0000000000035134       0x58 Core/Src/main.o
 .debug_macro   0x000000000003518c       0xa5 Core/Src/main.o
 .debug_macro   0x0000000000035231      0x198 Core/Src/main.o
 .debug_macro   0x00000000000353c9       0xd6 Core/Src/main.o
 .debug_macro   0x000000000003549f      0x1c5 Core/Src/main.o
 .debug_macro   0x0000000000035664      0x259 Core/Src/main.o
 .debug_macro   0x00000000000358bd       0x35 Core/Src/main.o
 .debug_macro   0x00000000000358f2      0x2d4 Core/Src/main.o
 .debug_macro   0x0000000000035bc6      0x3bb Core/Src/main.o
 .debug_macro   0x0000000000035f81       0x10 Core/Src/main.o
 .debug_macro   0x0000000000035f91       0xe4 Core/Src/main.o
 .debug_macro   0x0000000000036075      0x814 Core/Src/main.o
 .debug_macro   0x0000000000036889       0x16 Core/Src/main.o
 .debug_macro   0x000000000003689f      0x1ce Core/Src/main.o
 .debug_macro   0x0000000000036a6d       0x11 Core/Src/main.o
 .debug_macro   0x0000000000036a7e      0x662 Core/Src/main.o
 .debug_macro   0x00000000000370e0       0xa6 Core/Src/main.o
 .debug_macro   0x0000000000037186      0x21e Core/Src/main.o
 .debug_macro   0x00000000000373a4       0xba Core/Src/main.o
 .debug_macro   0x000000000003745e      0x58b Core/Src/main.o
 .debug_macro   0x00000000000379e9      0x857 Core/Src/main.o
 .debug_macro   0x0000000000038240       0x16 Core/Src/main.o
 .debug_macro   0x0000000000038256       0x35 Core/Src/main.o
 .debug_macro   0x000000000003828b       0x20 Core/Src/main.o
 .debug_macro   0x00000000000382ab      0x392 Core/Src/stm32h7xx_hal_msp.o
 .debug_macro   0x000000000003863d      0x39c Core/Src/stm32h7xx_it.o
 .debug_macro   0x00000000000389d9      0x389 Core/Src/system_stm32h7xx.o
 .debug_macro   0x0000000000038d62      0x3ad Drivers/STM32H7xx_HAL_Driver/Src/stm32h7xx_hal.o
 .debug_macro   0x000000000003910f      0x3a7 Drivers/STM32H7xx_HAL_Driver/Src/stm32h7xx_hal_adc.o
 .debug_macro   0x00000000000394b6      0x38f Drivers/STM32H7xx_HAL_Driver/Src/stm32h7xx_hal_adc_ex.o
 .debug_macro   0x0000000000039845      0x383 Drivers/STM32H7xx_HAL_Driver/Src/stm32h7xx_hal_cortex.o
 .debug_macro   0x0000000000039bc8      0x3a7 Drivers/STM32H7xx_HAL_Driver/Src/stm32h7xx_hal_dfsdm.o
 .debug_macro   0x0000000000039f6f      0x410 Drivers/STM32H7xx_HAL_Driver/Src/stm32h7xx_hal_eth.o
 .debug_macro   0x000000000003a37f      0x3bf Drivers/STM32H7xx_HAL_Driver/Src/stm32h7xx_hal_gpio.o
 .debug_macro   0x000000000003a73e      0x448 Drivers/STM32H7xx_HAL_Driver/Src/stm32h7xx_hal_i2c.o
 .debug_macro   0x000000000003ab86      0x383 Drivers/STM32H7xx_HAL_Driver/Src/stm32h7xx_hal_i2c_ex.o
 .debug_macro   0x000000000003af09      0x384 Drivers/STM32H7xx_HAL_Driver/Src/stm32h7xx_hal_ltdc.o
 .debug_macro   0x000000000003b28d      0x41d Drivers/STM32H7xx_HAL_Driver/Src/stm32h7xx_hal_nor.o
 .debug_macro   0x000000000003b6aa      0x38f Drivers/STM32H7xx_HAL_Driver/Src/stm32h7xx_hal_pcd.o
 .debug_macro   0x000000000003ba39      0x383 Drivers/STM32H7xx_HAL_Driver/Src/stm32h7xx_hal_pcd_ex.o
 .debug_macro   0x000000000003bdbc      0x3bc Drivers/STM32H7xx_HAL_Driver/Src/stm32h7xx_hal_pwr_ex.o
 .debug_macro   0x000000000003c178      0x3a7 Drivers/STM32H7xx_HAL_Driver/Src/stm32h7xx_hal_qspi.o
 .debug_macro   0x000000000003c51f      0x3a7 Drivers/STM32H7xx_HAL_Driver/Src/stm32h7xx_hal_rcc.o
 .debug_macro   0x000000000003c8c6      0x3a1 Drivers/STM32H7xx_HAL_Driver/Src/stm32h7xx_hal_rcc_ex.o
 .debug_macro   0x000000000003cc67      0x399 Drivers/STM32H7xx_HAL_Driver/Src/stm32h7xx_hal_sai.o
 .debug_macro   0x000000000003d000      0x38b Drivers/STM32H7xx_HAL_Driver/Src/stm32h7xx_hal_sd.o
 .debug_macro   0x000000000003d38b      0x383 Drivers/STM32H7xx_HAL_Driver/Src/stm32h7xx_hal_sdram.o
 .debug_macro   0x000000000003d70e      0x383 Drivers/STM32H7xx_HAL_Driver/Src/stm32h7xx_hal_sram.o
 .debug_macro   0x000000000003da91      0x3ae Drivers/STM32H7xx_HAL_Driver/Src/stm32h7xx_hal_uart.o
 .debug_macro   0x000000000003de3f      0x38f Drivers/STM32H7xx_HAL_Driver/Src/stm32h7xx_hal_uart_ex.o
 .debug_macro   0x000000000003e1ce      0x3ad Drivers/STM32H7xx_HAL_Driver/Src/stm32h7xx_ll_fmc.o
 .debug_macro   0x000000000003e57b      0x384 Drivers/STM32H7xx_HAL_Driver/Src/stm32h7xx_ll_sdmmc.o
 .debug_macro   0x000000000003e8ff      0x383 Drivers/STM32H7xx_HAL_Driver/Src/stm32h7xx_ll_usb.o

.debug_line     0x0000000000000000    0x1fea8
 .debug_line    0x0000000000000000      0xd38 Core/Src/main.o
 .debug_line    0x0000000000000d38      0xda3 Core/Src/stm32h7xx_hal_msp.o
 .debug_line    0x0000000000001adb      0xb07 Core/Src/stm32h7xx_it.o
 .debug_line    0x00000000000025e2      0xa71 Core/Src/system_stm32h7xx.o
 .debug_line    0x0000000000003053       0x85 Core/Startup/startup_stm32h753xihx.o
 .debug_line    0x00000000000030d8      0xe2c Drivers/STM32H7xx_HAL_Driver/Src/stm32h7xx_hal.o
 .debug_line    0x0000000000003f04     0x1a03 Drivers/STM32H7xx_HAL_Driver/Src/stm32h7xx_hal_adc.o
 .debug_line    0x0000000000005907     0x17d2 Drivers/STM32H7xx_HAL_Driver/Src/stm32h7xx_hal_adc_ex.o
 .debug_line    0x00000000000070d9      0xd69 Drivers/STM32H7xx_HAL_Driver/Src/stm32h7xx_hal_cortex.o
 .debug_line    0x0000000000007e42     0x14ce Drivers/STM32H7xx_HAL_Driver/Src/stm32h7xx_hal_dfsdm.o
 .debug_line    0x0000000000009310     0x12d9 Drivers/STM32H7xx_HAL_Driver/Src/stm32h7xx_hal_eth.o
 .debug_line    0x000000000000a5e9      0xc24 Drivers/STM32H7xx_HAL_Driver/Src/stm32h7xx_hal_gpio.o
 .debug_line    0x000000000000b20d     0x2037 Drivers/STM32H7xx_HAL_Driver/Src/stm32h7xx_hal_i2c.o
 .debug_line    0x000000000000d244      0xb71 Drivers/STM32H7xx_HAL_Driver/Src/stm32h7xx_hal_i2c_ex.o
 .debug_line    0x000000000000ddb5     0x1304 Drivers/STM32H7xx_HAL_Driver/Src/stm32h7xx_hal_ltdc.o
 .debug_line    0x000000000000f0b9     0x1281 Drivers/STM32H7xx_HAL_Driver/Src/stm32h7xx_hal_nor.o
 .debug_line    0x000000000001033a      0xfb0 Drivers/STM32H7xx_HAL_Driver/Src/stm32h7xx_hal_pcd.o
 .debug_line    0x00000000000112ea      0xb18 Drivers/STM32H7xx_HAL_Driver/Src/stm32h7xx_hal_pcd_ex.o
 .debug_line    0x0000000000011e02      0xe01 Drivers/STM32H7xx_HAL_Driver/Src/stm32h7xx_hal_pwr_ex.o
 .debug_line    0x0000000000012c03     0x1053 Drivers/STM32H7xx_HAL_Driver/Src/stm32h7xx_hal_qspi.o
 .debug_line    0x0000000000013c56      0xdd1 Drivers/STM32H7xx_HAL_Driver/Src/stm32h7xx_hal_rcc.o
 .debug_line    0x0000000000014a27     0x1027 Drivers/STM32H7xx_HAL_Driver/Src/stm32h7xx_hal_rcc_ex.o
 .debug_line    0x0000000000015a4e     0x1325 Drivers/STM32H7xx_HAL_Driver/Src/stm32h7xx_hal_sai.o
 .debug_line    0x0000000000016d73     0x14af Drivers/STM32H7xx_HAL_Driver/Src/stm32h7xx_hal_sd.o
 .debug_line    0x0000000000018222      0xe34 Drivers/STM32H7xx_HAL_Driver/Src/stm32h7xx_hal_sdram.o
 .debug_line    0x0000000000019056      0xddb Drivers/STM32H7xx_HAL_Driver/Src/stm32h7xx_hal_sram.o
 .debug_line    0x0000000000019e31     0x273c Drivers/STM32H7xx_HAL_Driver/Src/stm32h7xx_hal_uart.o
 .debug_line    0x000000000001c56d      0xc9c Drivers/STM32H7xx_HAL_Driver/Src/stm32h7xx_hal_uart_ex.o
 .debug_line    0x000000000001d209      0xc33 Drivers/STM32H7xx_HAL_Driver/Src/stm32h7xx_ll_fmc.o
 .debug_line    0x000000000001de3c      0xf1d Drivers/STM32H7xx_HAL_Driver/Src/stm32h7xx_ll_sdmmc.o
 .debug_line    0x000000000001ed59     0x114f Drivers/STM32H7xx_HAL_Driver/Src/stm32h7xx_ll_usb.o

.debug_str      0x0000000000000000   0x188e00
 .debug_str     0x0000000000000000   0x17e0da Core/Src/main.o
                                     0x17ec25 (size before relaxing)
 .debug_str     0x000000000017e0da      0xa49 Core/Src/stm32h7xx_hal_msp.o
                                     0x17ec8e (size before relaxing)
 .debug_str     0x000000000017eb23       0xdf Core/Src/stm32h7xx_it.o
                                     0x17c0e9 (size before relaxing)
 .debug_str     0x000000000017ec02      0x1d3 Core/Src/system_stm32h7xx.o
                                     0x17a0b8 (size before relaxing)
 .debug_str     0x000000000017edd5       0x36 Core/Startup/startup_stm32h753xihx.o
                                         0x70 (size before relaxing)