main.c:127:5:main	24	static
main.c:187:6:SystemClock_Config	312	static
main.c:286:13:MX_ADC1_Init	48	static
main.c:350:13:MX_DFSDM1_Init	8	static
main.c:388:13:MX_ETH_Init	8	static
main.c:434:13:MX_I2C1_Init	8	static
main.c:480:13:MX_LTDC_Init	112	static
main.c:562:13:MX_QUADSPI_Init	8	static
main.c:596:13:MX_SAI1_Init	8	static
main.c:677:13:MX_SDMMC1_SD_Init	8	static
main.c:708:13:MX_USART1_UART_Init	8	static
main.c:756:13:MX_USB_OTG_FS_PCD_Init	8	static
main.c:792:13:MX_USB_OTG_HS_PCD_Init	8	static
main.c:824:13:MX_FMC_Init	64	static
main.c:946:13:MX_GPIO_Init	72	static
main.c:1025:6:Error_Handler	4	static
