stm32h7xx_hal_sdram.c:170:19:HAL_SDRAM_Init	16	static
stm32h7xx_hal_sdram.c:222:19:HAL_SDRAM_DeInit	16	static
stm32h7xx_hal_sdram.c:255:13:HAL_SDRAM_MspInit	16	static
stm32h7xx_hal_sdram.c:271:13:HAL_SDRAM_MspDeInit	16	static
stm32h7xx_hal_sdram.c:287:6:HAL_SDRAM_IRQHandler	16	static
stm32h7xx_hal_sdram.c:310:13:HAL_SDRAM_RefreshErrorCallback	16	static
stm32h7xx_hal_sdram.c:326:13:HAL_SDRAM_DMA_XferCpltCallback	16	static
stm32h7xx_hal_sdram.c:341:13:HAL_SDRAM_DMA_XferErrorCallback	16	static
stm32h7xx_hal_sdram.c:378:19:HAL_SDRAM_Read_8b	40	static
stm32h7xx_hal_sdram.c:429:19:HAL_SDRAM_Write_8b	40	static
stm32h7xx_hal_sdram.c:479:19:HAL_SDRAM_Read_16b	40	static
stm32h7xx_hal_sdram.c:538:19:HAL_SDRAM_Write_16b	40	static
stm32h7xx_hal_sdram.c:596:19:HAL_SDRAM_Read_32b	40	static
stm32h7xx_hal_sdram.c:647:19:HAL_SDRAM_Write_32b	40	static
stm32h7xx_hal_sdram.c:697:19:HAL_SDRAM_Read_DMA	48	static
stm32h7xx_hal_sdram.c:749:19:HAL_SDRAM_Write_DMA	48	static
stm32h7xx_hal_sdram.c:1009:19:HAL_SDRAM_WriteProtection_Enable	16	static
stm32h7xx_hal_sdram.c:1041:19:HAL_SDRAM_WriteProtection_Disable	24	static
stm32h7xx_hal_sdram.c:1077:19:HAL_SDRAM_SendCommand	32	static
stm32h7xx_hal_sdram.c:1119:19:HAL_SDRAM_ProgramRefreshRate	16	static
stm32h7xx_hal_sdram.c:1152:19:HAL_SDRAM_SetAutoRefreshNumber	16	static
stm32h7xx_hal_sdram.c:1184:10:HAL_SDRAM_GetModeStatus	16	static
stm32h7xx_hal_sdram.c:1215:24:HAL_SDRAM_GetState	16	static
stm32h7xx_hal_sdram.c:1236:13:SDRAM_DMACplt	24	static
stm32h7xx_hal_sdram.c:1258:13:SDRAM_DMACpltProt	24	static
stm32h7xx_hal_sdram.c:1280:13:SDRAM_DMAError	24	static
