stm32h7xx_ll_fmc.c:187:20:FMC_NORSRAM_Init	24	static
stm32h7xx_ll_fmc.c:278:19:FMC_NORSRAM_DeInit	24	static
stm32h7xx_ll_fmc.c:315:19:FMC_NORSRAM_Timing_Init	32	static
stm32h7xx_ll_fmc.c:362:19:FMC_NORSRAM_Extended_Timing_Init	24	static
stm32h7xx_ll_fmc.c:418:19:FMC_NORSRAM_WriteOperation_Enable	16	static
stm32h7xx_ll_fmc.c:436:19:FMC_NORSRAM_WriteOperation_Disable	16	static
stm32h7xx_ll_fmc.c:506:19:FMC_NAND_Init	16	static
stm32h7xx_ll_fmc.c:538:19:FMC_NAND_CommonSpace_Timing_Init	24	static
stm32h7xx_ll_fmc.c:565:19:FMC_NAND_AttributeSpace_Timing_Init	24	static
stm32h7xx_ll_fmc.c:590:19:FMC_NAND_DeInit	16	static
stm32h7xx_ll_fmc.c:635:19:FMC_NAND_ECC_Enable	16	static
stm32h7xx_ll_fmc.c:654:19:FMC_NAND_ECC_Disable	16	static
stm32h7xx_ll_fmc.c:674:19:FMC_NAND_GetECC	32	static
stm32h7xx_ll_fmc.c:756:19:FMC_SDRAM_Init	16	static
stm32h7xx_ll_fmc.c:818:19:FMC_SDRAM_Timing_Init	24	static
stm32h7xx_ll_fmc.c:869:19:FMC_SDRAM_DeInit	16	static
stm32h7xx_ll_fmc.c:910:19:FMC_SDRAM_WriteProtection_Enable	16	static
stm32h7xx_ll_fmc.c:927:19:FMC_SDRAM_WriteProtection_Disable	16	static
stm32h7xx_ll_fmc.c:947:19:FMC_SDRAM_SendCommand	24	static
stm32h7xx_ll_fmc.c:972:19:FMC_SDRAM_ProgramRefreshRate	16	static
stm32h7xx_ll_fmc.c:990:19:FMC_SDRAM_SetAutoRefreshNumber	16	static
stm32h7xx_ll_fmc.c:1011:10:FMC_SDRAM_GetModeStatus	24	static
