stm32h7xx_hal_qspi.c:303:19:HAL_QSPI_Init	32	static
stm32h7xx_hal_qspi.c:404:19:HAL_QSPI_DeInit	16	static
stm32h7xx_hal_qspi.c:448:13:HAL_QSPI_MspInit	16	static
stm32h7xx_hal_qspi.c:463:13:HAL_QSPI_MspDeInit	16	static
stm32h7xx_hal_qspi.c:502:6:HAL_QSPI_IRQHandler	32	static
stm32h7xx_hal_qspi.c:787:19:HAL_QSPI_Command	40	static
stm32h7xx_hal_qspi.c:877:19:HAL_QSPI_Command_IT	32	static
stm32h7xx_hal_qspi.c:977:19:HAL_QSPI_Transmit	48	static
stm32h7xx_hal_qspi.c:1060:19:HAL_QSPI_Receive	48	static
stm32h7xx_hal_qspi.c:1144:19:HAL_QSPI_Transmit_IT	24	static
stm32h7xx_hal_qspi.c:1204:19:HAL_QSPI_Receive_IT	24	static
stm32h7xx_hal_qspi.c:1272:19:HAL_QSPI_Transmit_DMA	40	static
stm32h7xx_hal_qspi.c:1372:19:HAL_QSPI_Receive_DMA	40	static
stm32h7xx_hal_qspi.c:1480:19:HAL_QSPI_AutoPolling	40	static
stm32h7xx_hal_qspi.c:1580:19:HAL_QSPI_AutoPolling_IT	40	static
stm32h7xx_hal_qspi.c:1684:19:HAL_QSPI_MemoryMapped	40	static
stm32h7xx_hal_qspi.c:1770:13:HAL_QSPI_ErrorCallback	16	static
stm32h7xx_hal_qspi.c:1785:13:HAL_QSPI_AbortCpltCallback	16	static
stm32h7xx_hal_qspi.c:1800:13:HAL_QSPI_CmdCpltCallback	16	static
stm32h7xx_hal_qspi.c:1815:13:HAL_QSPI_RxCpltCallback	16	static
stm32h7xx_hal_qspi.c:1830:14:HAL_QSPI_TxCpltCallback	16	static
stm32h7xx_hal_qspi.c:1846:13:HAL_QSPI_FifoThresholdCallback	16	static
stm32h7xx_hal_qspi.c:1861:13:HAL_QSPI_StatusMatchCallback	16	static
stm32h7xx_hal_qspi.c:1876:13:HAL_QSPI_TimeOutCallback	16	static
stm32h7xx_hal_qspi.c:2118:23:HAL_QSPI_GetState	16	static
stm32h7xx_hal_qspi.c:2129:10:HAL_QSPI_GetError	16	static
stm32h7xx_hal_qspi.c:2139:19:HAL_QSPI_Abort	32	static
stm32h7xx_hal_qspi.c:2192:19:HAL_QSPI_Abort_IT	24	static
stm32h7xx_hal_qspi.c:2243:6:HAL_QSPI_SetTimeout	16	static
stm32h7xx_hal_qspi.c:2253:19:HAL_QSPI_SetFifoThreshold	24	static
stm32h7xx_hal_qspi.c:2285:10:HAL_QSPI_GetFifoThreshold	16	static
stm32h7xx_hal_qspi.c:2297:19:HAL_QSPI_SetFlashID	24	static
stm32h7xx_hal_qspi.c:2336:13:QSPI_DMARxCplt	24	static
stm32h7xx_hal_qspi.c:2350:13:QSPI_DMATxCplt	24	static
stm32h7xx_hal_qspi.c:2364:13:QSPI_DMAError	24	static
stm32h7xx_hal_qspi.c:2385:13:QSPI_DMAAbortCplt	24	static
stm32h7xx_hal_qspi.c:2427:26:QSPI_WaitFlagStateUntilTimeout	24	static
stm32h7xx_hal_qspi.c:2460:13:QSPI_Config	24	static
