stm32h7xx_hal_dfsdm.c:349:19:HAL_DFSDM_ChannelInit	16	static
stm32h7xx_hal_dfsdm.c:456:19:HAL_DFSDM_ChannelDeInit	16	static
stm32h7xx_hal_dfsdm.c:510:13:HAL_DFSDM_ChannelMspInit	16	static
stm32h7xx_hal_dfsdm.c:525:13:HAL_DFSDM_ChannelMspDeInit	16	static
stm32h7xx_hal_dfsdm.c:702:19:HAL_DFSDM_ChannelCkabStart	32	static
stm32h7xx_hal_dfsdm.c:755:19:HAL_DFSDM_ChannelPollForCkab	24	static
stm32h7xx_hal_dfsdm.c:805:19:HAL_DFSDM_ChannelCkabStop	24	static
stm32h7xx_hal_dfsdm.c:841:19:HAL_DFSDM_ChannelCkabStart_IT	32	static
stm32h7xx_hal_dfsdm.c:896:13:HAL_DFSDM_ChannelCkabCallback	16	static
stm32h7xx_hal_dfsdm.c:912:19:HAL_DFSDM_ChannelCkabStop_IT	24	static
stm32h7xx_hal_dfsdm.c:952:19:HAL_DFSDM_ChannelScdStart	32	static
stm32h7xx_hal_dfsdm.c:989:19:HAL_DFSDM_ChannelPollForScd	24	static
stm32h7xx_hal_dfsdm.c:1039:19:HAL_DFSDM_ChannelScdStop	24	static
stm32h7xx_hal_dfsdm.c:1076:19:HAL_DFSDM_ChannelScdStart_IT	32	static
stm32h7xx_hal_dfsdm.c:1115:13:HAL_DFSDM_ChannelScdCallback	16	static
stm32h7xx_hal_dfsdm.c:1131:19:HAL_DFSDM_ChannelScdStop_IT	24	static
stm32h7xx_hal_dfsdm.c:1166:9:HAL_DFSDM_ChannelGetAwdValue	16	static
stm32h7xx_hal_dfsdm.c:1178:19:HAL_DFSDM_ChannelModifyOffset	24	static
stm32h7xx_hal_dfsdm.c:1225:32:HAL_DFSDM_ChannelGetState	16	static
stm32h7xx_hal_dfsdm.c:1255:19:HAL_DFSDM_FilterInit	16	static
stm32h7xx_hal_dfsdm.c:1382:19:HAL_DFSDM_FilterDeInit	16	static
stm32h7xx_hal_dfsdm.c:1418:13:HAL_DFSDM_FilterMspInit	16	static
stm32h7xx_hal_dfsdm.c:1433:13:HAL_DFSDM_FilterMspDeInit	16	static
stm32h7xx_hal_dfsdm.c:1707:19:HAL_DFSDM_FilterConfigRegChannel	32	static
stm32h7xx_hal_dfsdm.c:1752:19:HAL_DFSDM_FilterConfigInjChannel	24	static
stm32h7xx_hal_dfsdm.c:1822:19:HAL_DFSDM_FilterRegularStart	24	static
stm32h7xx_hal_dfsdm.c:1851:19:HAL_DFSDM_FilterPollForRegConversion	24	static
stm32h7xx_hal_dfsdm.c:1916:19:HAL_DFSDM_FilterRegularStop	24	static
stm32h7xx_hal_dfsdm.c:1946:19:HAL_DFSDM_FilterRegularStart_IT	24	static
stm32h7xx_hal_dfsdm.c:1977:19:HAL_DFSDM_FilterRegularStop_IT	24	static
stm32h7xx_hal_dfsdm.c:2015:19:HAL_DFSDM_FilterRegularStart_DMA	32	static
stm32h7xx_hal_dfsdm.c:2092:19:HAL_DFSDM_FilterRegularMsbStart_DMA	32	static
stm32h7xx_hal_dfsdm.c:2163:19:HAL_DFSDM_FilterRegularStop_DMA	24	static
stm32h7xx_hal_dfsdm.c:2202:9:HAL_DFSDM_FilterGetRegularValue	24	static
stm32h7xx_hal_dfsdm.c:2233:19:HAL_DFSDM_FilterInjectedStart	24	static
stm32h7xx_hal_dfsdm.c:2262:19:HAL_DFSDM_FilterPollForInjConversion	24	static
stm32h7xx_hal_dfsdm.c:2337:19:HAL_DFSDM_FilterInjectedStop	24	static
stm32h7xx_hal_dfsdm.c:2367:19:HAL_DFSDM_FilterInjectedStart_IT	24	static
stm32h7xx_hal_dfsdm.c:2398:19:HAL_DFSDM_FilterInjectedStop_IT	24	static
stm32h7xx_hal_dfsdm.c:2436:19:HAL_DFSDM_FilterInjectedStart_DMA	32	static
stm32h7xx_hal_dfsdm.c:2511:19:HAL_DFSDM_FilterInjectedMsbStart_DMA	32	static
stm32h7xx_hal_dfsdm.c:2580:19:HAL_DFSDM_FilterInjectedStop_DMA	24	static
stm32h7xx_hal_dfsdm.c:2619:9:HAL_DFSDM_FilterGetInjectedValue	24	static
stm32h7xx_hal_dfsdm.c:2649:19:HAL_DFSDM_FilterAwdStart_IT	24	static
stm32h7xx_hal_dfsdm.c:2698:19:HAL_DFSDM_FilterAwdStop_IT	24	static
stm32h7xx_hal_dfsdm.c:2738:19:HAL_DFSDM_FilterExdStart	24	static
stm32h7xx_hal_dfsdm.c:2769:19:HAL_DFSDM_FilterExdStop	32	static
stm32h7xx_hal_dfsdm.c:2807:9:HAL_DFSDM_FilterGetExdMaxValue	24	static
stm32h7xx_hal_dfsdm.c:2838:9:HAL_DFSDM_FilterGetExdMinValue	24	static
stm32h7xx_hal_dfsdm.c:2868:10:HAL_DFSDM_FilterGetConvTimeValue	24	static
stm32h7xx_hal_dfsdm.c:2891:6:HAL_DFSDM_IRQHandler	56	static
stm32h7xx_hal_dfsdm.c:3084:13:HAL_DFSDM_FilterRegConvCpltCallback	16	static
stm32h7xx_hal_dfsdm.c:3099:13:HAL_DFSDM_FilterRegConvHalfCpltCallback	16	static
stm32h7xx_hal_dfsdm.c:3116:13:HAL_DFSDM_FilterInjConvCpltCallback	16	static
stm32h7xx_hal_dfsdm.c:3131:13:HAL_DFSDM_FilterInjConvHalfCpltCallback	16	static
stm32h7xx_hal_dfsdm.c:3148:13:HAL_DFSDM_FilterAwdCallback	24	static
stm32h7xx_hal_dfsdm.c:3166:13:HAL_DFSDM_FilterErrorCallback	16	static
stm32h7xx_hal_dfsdm.c:3199:31:HAL_DFSDM_FilterGetState	16	static
stm32h7xx_hal_dfsdm.c:3210:10:HAL_DFSDM_FilterGetError	16	static
stm32h7xx_hal_dfsdm.c:3234:13:DFSDM_DMARegularHalfConvCplt	24	static
stm32h7xx_hal_dfsdm.c:3252:13:DFSDM_DMARegularConvCplt	24	static
stm32h7xx_hal_dfsdm.c:3270:13:DFSDM_DMAInjectedHalfConvCplt	24	static
stm32h7xx_hal_dfsdm.c:3288:13:DFSDM_DMAInjectedConvCplt	24	static
stm32h7xx_hal_dfsdm.c:3306:13:DFSDM_DMAError	24	static
stm32h7xx_hal_dfsdm.c:3327:17:DFSDM_GetInjChannelsNbr	24	static
stm32h7xx_hal_dfsdm.c:3350:17:DFSDM_GetChannelFromInstance	24	static
stm32h7xx_hal_dfsdm.c:3399:13:DFSDM_RegConvStart	16	static
stm32h7xx_hal_dfsdm.c:3440:13:DFSDM_RegConvStop	16	static
stm32h7xx_hal_dfsdm.c:3476:13:DFSDM_InjConvStart	16	static
stm32h7xx_hal_dfsdm.c:3520:13:DFSDM_InjConvStop	16	static
